<?xml version="1.0" encoding="ISO-8859-1" ?>
<link_info>
   <banner>TMS320C2000 Linker PC v22.6.1.LTS</banner>
   <copyright>Copyright (c) 1996-2018 Texas Instruments Incorporated</copyright>
   <link_time>0x66728a67</link_time>
   <link_errors>0x0</link_errors>
   <output_file>empty_driverlib_project.out</output_file>
   <entry_point>
      <name>code_start</name>
      <address>0x0</address>
   </entry_point>
   <input_file_list>
      <input_file id="fl-2">
         <path>.\</path>
         <kind>object</kind>
         <file>Ir_sensor.obj</file>
         <name>Ir_sensor.obj</name>
      </input_file>
      <input_file id="fl-3">
         <path>.\syscfg\</path>
         <kind>object</kind>
         <file>board.obj</file>
         <name>board.obj</name>
      </input_file>
      <input_file id="fl-4">
         <path>.\syscfg\</path>
         <kind>object</kind>
         <file>c2000ware_libraries.obj</file>
         <name>c2000ware_libraries.obj</name>
      </input_file>
      <input_file id="fl-5">
         <path>.\device\</path>
         <kind>object</kind>
         <file>device.obj</file>
         <name>device.obj</name>
      </input_file>
      <input_file id="fl-6">
         <path>.\device\</path>
         <kind>object</kind>
         <file>f28p55x_codestartbranch.obj</file>
         <name>f28p55x_codestartbranch.obj</name>
      </input_file>
      <input_file id="fl-c">
         <kind>object</kind>
         <file>&lt;internal&gt;</file>
         <name>&lt;internal&gt;</name>
      </input_file>
      <input_file id="fl-d">
         <path>C:\ti\c2000\C2000Ware_5_02_00_00\driverlib\f28p55x\driverlib\ccs\Debug\</path>
         <kind>archive</kind>
         <file>driverlib.lib</file>
         <name>dcc.obj</name>
      </input_file>
      <input_file id="fl-e">
         <path>C:\ti\c2000\C2000Ware_5_02_00_00\driverlib\f28p55x\driverlib\ccs\Debug\</path>
         <kind>archive</kind>
         <file>driverlib.lib</file>
         <name>ecap.obj</name>
      </input_file>
      <input_file id="fl-f">
         <path>C:\ti\c2000\C2000Ware_5_02_00_00\driverlib\f28p55x\driverlib\ccs\Debug\</path>
         <kind>archive</kind>
         <file>driverlib.lib</file>
         <name>gpio.obj</name>
      </input_file>
      <input_file id="fl-10">
         <path>C:\ti\c2000\C2000Ware_5_02_00_00\driverlib\f28p55x\driverlib\ccs\Debug\</path>
         <kind>archive</kind>
         <file>driverlib.lib</file>
         <name>interrupt.obj</name>
      </input_file>
      <input_file id="fl-11">
         <path>C:\ti\c2000\C2000Ware_5_02_00_00\driverlib\f28p55x\driverlib\ccs\Debug\</path>
         <kind>archive</kind>
         <file>driverlib.lib</file>
         <name>pga.obj</name>
      </input_file>
      <input_file id="fl-12">
         <path>C:\ti\c2000\C2000Ware_5_02_00_00\driverlib\f28p55x\driverlib\ccs\Debug\</path>
         <kind>archive</kind>
         <file>driverlib.lib</file>
         <name>sysctl.obj</name>
      </input_file>
      <input_file id="fl-1e">
         <path>C:\ti\ccs1271\ccs\tools\compiler\ti-cgt-c2000_22.6.1.LTS\lib\</path>
         <kind>archive</kind>
         <file>rts2800_fpu32_eabi.lib</file>
         <name>boot28.asm.obj</name>
      </input_file>
      <input_file id="fl-1f">
         <path>C:\ti\ccs1271\ccs\tools\compiler\ti-cgt-c2000_22.6.1.LTS\lib\</path>
         <kind>archive</kind>
         <file>rts2800_fpu32_eabi.lib</file>
         <name>fs_div28.asm.obj</name>
      </input_file>
      <input_file id="fl-20">
         <path>C:\ti\ccs1271\ccs\tools\compiler\ti-cgt-c2000_22.6.1.LTS\lib\</path>
         <kind>archive</kind>
         <file>rts2800_fpu32_eabi.lib</file>
         <name>pre_init.c.obj</name>
      </input_file>
      <input_file id="fl-21">
         <path>C:\ti\ccs1271\ccs\tools\compiler\ti-cgt-c2000_22.6.1.LTS\lib\</path>
         <kind>archive</kind>
         <file>rts2800_fpu32_eabi.lib</file>
         <name>autoinit.c.obj</name>
      </input_file>
      <input_file id="fl-22">
         <path>C:\ti\ccs1271\ccs\tools\compiler\ti-cgt-c2000_22.6.1.LTS\lib\</path>
         <kind>archive</kind>
         <file>rts2800_fpu32_eabi.lib</file>
         <name>copy_zero_init.c.obj</name>
      </input_file>
      <input_file id="fl-23">
         <path>C:\ti\ccs1271\ccs\tools\compiler\ti-cgt-c2000_22.6.1.LTS\lib\</path>
         <kind>archive</kind>
         <file>rts2800_fpu32_eabi.lib</file>
         <name>copy_decompress_none.c.obj</name>
      </input_file>
      <input_file id="fl-24">
         <path>C:\ti\ccs1271\ccs\tools\compiler\ti-cgt-c2000_22.6.1.LTS\lib\</path>
         <kind>archive</kind>
         <file>rts2800_fpu32_eabi.lib</file>
         <name>copy_decompress_lzss.c.obj</name>
      </input_file>
      <input_file id="fl-25">
         <path>C:\ti\ccs1271\ccs\tools\compiler\ti-cgt-c2000_22.6.1.LTS\lib\</path>
         <kind>archive</kind>
         <file>rts2800_fpu32_eabi.lib</file>
         <name>exit.c.obj</name>
      </input_file>
      <input_file id="fl-26">
         <path>C:\ti\ccs1271\ccs\tools\compiler\ti-cgt-c2000_22.6.1.LTS\lib\</path>
         <kind>archive</kind>
         <file>rts2800_fpu32_eabi.lib</file>
         <name>_lock.c.obj</name>
      </input_file>
      <input_file id="fl-27">
         <path>C:\ti\ccs1271\ccs\tools\compiler\ti-cgt-c2000_22.6.1.LTS\lib\</path>
         <kind>archive</kind>
         <file>rts2800_fpu32_eabi.lib</file>
         <name>args_main.c.obj</name>
      </input_file>
      <input_file id="fl-28">
         <path>C:\ti\ccs1271\ccs\tools\compiler\ti-cgt-c2000_22.6.1.LTS\lib\</path>
         <kind>archive</kind>
         <file>rts2800_fpu32_eabi.lib</file>
         <name>memset.c.obj</name>
      </input_file>
      <input_file id="fl-29">
         <path>C:\ti\ccs1271\ccs\tools\compiler\ti-cgt-c2000_22.6.1.LTS\lib\</path>
         <kind>archive</kind>
         <file>rts2800_fpu32_eabi.lib</file>
         <name>cpy_tbl.c.obj</name>
      </input_file>
      <input_file id="fl-2a">
         <path>C:\ti\ccs1271\ccs\tools\compiler\ti-cgt-c2000_22.6.1.LTS\lib\</path>
         <kind>archive</kind>
         <file>rts2800_fpu32_eabi.lib</file>
         <name>memcpy.c.obj</name>
      </input_file>
      <input_file id="fl-2b">
         <path>C:\ti\ccs1271\ccs\tools\compiler\ti-cgt-c2000_22.6.1.LTS\lib\</path>
         <kind>archive</kind>
         <file>rts2800_fpu32_eabi.lib</file>
         <name>startup.c.obj</name>
      </input_file>
   </input_file_list>
   <object_component_list>
      <object_component id="oc-20">
         <name>codestart</name>
         <load_address>0x0</load_address>
         <run_address>0x0</run_address>
         <size>0x2</size>
         <input_file_ref idref="fl-6"/>
      </object_component>
      <object_component id="oc-1b1">
         <name>.text:SysCtl_setClock</name>
         <load_address>0x8000</load_address>
         <run_address>0x8000</run_address>
         <size>0x123</size>
         <input_file_ref idref="fl-12"/>
      </object_component>
      <object_component id="oc-22e">
         <name>.text:SysCtl_isPLLValid</name>
         <load_address>0x8123</load_address>
         <run_address>0x8123</run_address>
         <size>0xfe</size>
         <input_file_ref idref="fl-12"/>
      </object_component>
      <object_component id="oc-1e8">
         <name>.text:GPIO_setAnalogMode</name>
         <load_address>0x8221</load_address>
         <run_address>0x8221</run_address>
         <size>0xeb</size>
         <input_file_ref idref="fl-f"/>
      </object_component>
      <object_component id="oc-1d0">
         <name>.text:Device_enableAllPeripherals</name>
         <load_address>0x830c</load_address>
         <run_address>0x830c</run_address>
         <size>0xd8</size>
         <input_file_ref idref="fl-5"/>
      </object_component>
      <object_component id="oc-16e">
         <name>.text:Device_init</name>
         <load_address>0x83e4</load_address>
         <run_address>0x83e4</run_address>
         <size>0xb4</size>
         <input_file_ref idref="fl-5"/>
      </object_component>
      <object_component id="oc-28b">
         <name>.text</name>
         <load_address>0x8498</load_address>
         <run_address>0x8498</run_address>
         <size>0x88</size>
         <input_file_ref idref="fl-1f"/>
      </object_component>
      <object_component id="oc-257">
         <name>.text:ECAP_ECHO_init</name>
         <load_address>0x8520</load_address>
         <run_address>0x8520</run_address>
         <size>0x7f</size>
         <input_file_ref idref="fl-3"/>
      </object_component>
      <object_component id="oc-2c0">
         <name>.text:DCC_setCounterSeeds</name>
         <load_address>0x859f</load_address>
         <run_address>0x859f</run_address>
         <size>0x73</size>
         <input_file_ref idref="fl-12"/>
      </object_component>
      <object_component id="oc-1bd">
         <name>.text:SysCtl_getClock</name>
         <load_address>0x8612</load_address>
         <run_address>0x8612</run_address>
         <size>0x65</size>
         <input_file_ref idref="fl-12"/>
      </object_component>
      <object_component id="oc-25">
         <name>.text:INT_ECAP_ECHO_ISR</name>
         <load_address>0x8677</load_address>
         <run_address>0x8677</run_address>
         <size>0x62</size>
         <input_file_ref idref="fl-2"/>
      </object_component>
      <object_component id="oc-358">
         <name>.text:GPIO_setPadConfig</name>
         <load_address>0x86d9</load_address>
         <run_address>0x86d9</run_address>
         <size>0x52</size>
         <input_file_ref idref="fl-f"/>
      </object_component>
      <object_component id="oc-27d">
         <name>.text:SysCtl_selectXTAL</name>
         <load_address>0x872b</load_address>
         <run_address>0x872b</run_address>
         <size>0x46</size>
         <input_file_ref idref="fl-12"/>
      </object_component>
      <object_component id="oc-374">
         <name>.text:SysCtl_pollX1Counter</name>
         <load_address>0x8771</load_address>
         <run_address>0x8771</run_address>
         <size>0x45</size>
         <input_file_ref idref="fl-12"/>
      </object_component>
      <object_component id="oc-1dc">
         <name>.text:PGA_setOffsetTrimPMOS</name>
         <load_address>0x87b6</load_address>
         <run_address>0x87b6</run_address>
         <size>0x44</size>
         <input_file_ref idref="fl-11"/>
      </object_component>
      <object_component id="oc-85">
         <name>.text:Interrupt_clearACKGroup</name>
         <load_address>0x87fa</load_address>
         <run_address>0x87fa</run_address>
         <size>0x6</size>
         <input_file_ref idref="fl-2"/>
      </object_component>
      <object_component id="oc-222">
         <name>.text:SysCtl_selectOscSource</name>
         <load_address>0x8800</load_address>
         <run_address>0x8800</run_address>
         <size>0x42</size>
         <input_file_ref idref="fl-12"/>
      </object_component>
      <object_component id="oc-1d6">
         <name>.text:PGA_setOffsetTrimNMOS</name>
         <load_address>0x8842</load_address>
         <run_address>0x8842</run_address>
         <size>0x41</size>
         <input_file_ref idref="fl-11"/>
      </object_component>
      <object_component id="oc-17a">
         <name>.text:Interrupt_initModule</name>
         <load_address>0x8883</load_address>
         <run_address>0x8883</run_address>
         <size>0x3d</size>
         <input_file_ref idref="fl-10"/>
      </object_component>
      <object_component id="oc-36a">
         <name>.text:GPIO_setControllerCore</name>
         <load_address>0x88c0</load_address>
         <run_address>0x88c0</run_address>
         <size>0x37</size>
         <input_file_ref idref="fl-f"/>
      </object_component>
      <object_component id="oc-250">
         <name>.text:GPIO_setPinConfig</name>
         <load_address>0x88f7</load_address>
         <run_address>0x88f7</run_address>
         <size>0x37</size>
         <input_file_ref idref="fl-f"/>
      </object_component>
      <object_component id="oc-35e">
         <name>.text:GPIO_setQualificationMode</name>
         <load_address>0x892e</load_address>
         <run_address>0x892e</run_address>
         <size>0x37</size>
         <input_file_ref idref="fl-f"/>
      </object_component>
      <object_component id="oc-96">
         <name>.text:Interrupt_enable</name>
         <load_address>0x8965</load_address>
         <run_address>0x8965</run_address>
         <size>0x37</size>
         <input_file_ref idref="fl-10"/>
      </object_component>
      <object_component id="oc-143">
         <name>.text:main</name>
         <load_address>0x899c</load_address>
         <run_address>0x899c</run_address>
         <size>0x35</size>
         <input_file_ref idref="fl-2"/>
      </object_component>
      <object_component id="oc-364">
         <name>.text:GPIO_setDirectionMode</name>
         <load_address>0x89d1</load_address>
         <run_address>0x89d1</run_address>
         <size>0x31</size>
         <input_file_ref idref="fl-f"/>
      </object_component>
      <object_component id="oc-6c">
         <name>.text:ECAP_getEventTimeStamp</name>
         <load_address>0x8a02</load_address>
         <run_address>0x8a02</run_address>
         <size>0x30</size>
         <input_file_ref idref="fl-2"/>
      </object_component>
      <object_component id="oc-13">
         <name>.text:decompress:lzss</name>
         <load_address>0x8a32</load_address>
         <run_address>0x8a32</run_address>
         <size>0x30</size>
         <input_file_ref idref="fl-24"/>
      </object_component>
      <object_component id="oc-2fd">
         <name>.text:ECAP_setCaptureMode</name>
         <load_address>0x8a62</load_address>
         <run_address>0x8a62</run_address>
         <size>0x2b</size>
         <input_file_ref idref="fl-3"/>
      </object_component>
      <object_component id="oc-113">
         <name>.text:__TI_auto_init_nobinit_nopinit</name>
         <load_address>0x8a8d</load_address>
         <run_address>0x8a8d</run_address>
         <size>0x2b</size>
         <input_file_ref idref="fl-21"/>
      </object_component>
      <object_component id="oc-101">
         <name>.text</name>
         <load_address>0x8ab8</load_address>
         <run_address>0x8ab8</run_address>
         <size>0x29</size>
         <input_file_ref idref="fl-25"/>
      </object_component>
      <object_component id="oc-303">
         <name>.text:ECAP_setEventPrescaler</name>
         <load_address>0x8ae1</load_address>
         <run_address>0x8ae1</run_address>
         <size>0x28</size>
         <input_file_ref idref="fl-3"/>
      </object_component>
      <object_component id="oc-66">
         <name>.text:GPIO_writePin</name>
         <load_address>0x8b09</load_address>
         <run_address>0x8b09</run_address>
         <size>0x27</size>
         <input_file_ref idref="fl-2"/>
      </object_component>
      <object_component id="oc-309">
         <name>.text:ECAP_setEventPolarity</name>
         <load_address>0x8b30</load_address>
         <run_address>0x8b30</run_address>
         <size>0x25</size>
         <input_file_ref idref="fl-3"/>
      </object_component>
      <object_component id="oc-283">
         <name>.text:SysCtl_selectXTALSingleEnded</name>
         <load_address>0x8b55</load_address>
         <run_address>0x8b55</run_address>
         <size>0x25</size>
         <input_file_ref idref="fl-12"/>
      </object_component>
      <object_component id="oc-2c6">
         <name>.text:DCC_enableSingleShotMode</name>
         <load_address>0x8b7a</load_address>
         <run_address>0x8b7a</run_address>
         <size>0x24</size>
         <input_file_ref idref="fl-12"/>
      </object_component>
      <object_component id="oc-ba">
         <name>.text:GPIO_isPinValid</name>
         <load_address>0x8b9e</load_address>
         <run_address>0x8b9e</run_address>
         <size>0x23</size>
         <input_file_ref idref="fl-2"/>
      </object_component>
      <object_component id="oc-3b7">
         <name>.text:GPIO_isPinValid</name>
         <load_address>0x8bc1</load_address>
         <run_address>0x8bc1</run_address>
         <size>0x23</size>
         <input_file_ref idref="fl-f"/>
      </object_component>
      <object_component id="oc-18c">
         <name>.text:GPIO_readPin</name>
         <load_address>0x8be4</load_address>
         <run_address>0x8be4</run_address>
         <size>0x23</size>
         <input_file_ref idref="fl-2"/>
      </object_component>
      <object_component id="oc-2df">
         <name>.text:ECAP_disableInterrupt</name>
         <load_address>0x8c07</load_address>
         <run_address>0x8c07</run_address>
         <size>0x20</size>
         <input_file_ref idref="fl-3"/>
      </object_component>
      <object_component id="oc-351">
         <name>.text:ECAP_enableInterrupt</name>
         <load_address>0x8c27</load_address>
         <run_address>0x8c27</run_address>
         <size>0x1f</size>
         <input_file_ref idref="fl-3"/>
      </object_component>
      <object_component id="oc-2b4">
         <name>.text:DCC_setCounter0ClkSource</name>
         <load_address>0x8c46</load_address>
         <run_address>0x8c46</run_address>
         <size>0x1e</size>
         <input_file_ref idref="fl-12"/>
      </object_component>
      <object_component id="oc-2ba">
         <name>.text:DCC_setCounter1ClkSource</name>
         <load_address>0x8c64</load_address>
         <run_address>0x8c64</run_address>
         <size>0x1e</size>
         <input_file_ref idref="fl-12"/>
      </object_component>
      <object_component id="oc-333">
         <name>.text:ECAP_setEmulationMode</name>
         <load_address>0x8c82</load_address>
         <run_address>0x8c82</run_address>
         <size>0x1e</size>
         <input_file_ref idref="fl-e"/>
      </object_component>
      <object_component id="oc-339">
         <name>.text:ECAP_setSyncInPulseSource</name>
         <load_address>0x8ca0</load_address>
         <run_address>0x8ca0</run_address>
         <size>0x1e</size>
         <input_file_ref idref="fl-3"/>
      </object_component>
      <object_component id="oc-34">
         <name>.text:Interrupt_initVectorTable</name>
         <load_address>0x8cbe</load_address>
         <run_address>0x8cbe</run_address>
         <size>0x1e</size>
         <input_file_ref idref="fl-10"/>
      </object_component>
      <object_component id="oc-73">
         <name>.text:ECAP_clearInterrupt</name>
         <load_address>0x8cdc</load_address>
         <run_address>0x8cdc</run_address>
         <size>0x1d</size>
         <input_file_ref idref="fl-2"/>
      </object_component>
      <object_component id="oc-2e5">
         <name>.text:ECAP_clearInterrupt</name>
         <load_address>0x8cf9</load_address>
         <run_address>0x8cf9</run_address>
         <size>0x1d</size>
         <input_file_ref idref="fl-3"/>
      </object_component>
      <object_component id="oc-4c">
         <name>.text</name>
         <load_address>0x8d16</load_address>
         <run_address>0x8d16</run_address>
         <size>0x1d</size>
         <input_file_ref idref="fl-2a"/>
      </object_component>
      <object_component id="oc-315">
         <name>.text:ECAP_disableCounterResetOnEvent</name>
         <load_address>0x8d33</load_address>
         <run_address>0x8d33</run_address>
         <size>0x1c</size>
         <input_file_ref idref="fl-3"/>
      </object_component>
      <object_component id="oc-31b">
         <name>.text:ECAP_selectECAPInput</name>
         <load_address>0x8d4f</load_address>
         <run_address>0x8d4f</run_address>
         <size>0x1c</size>
         <input_file_ref idref="fl-3"/>
      </object_component>
      <object_component id="oc-32d">
         <name>.text:ECAP_setSyncOutMode</name>
         <load_address>0x8d6b</load_address>
         <run_address>0x8d6b</run_address>
         <size>0x1c</size>
         <input_file_ref idref="fl-3"/>
      </object_component>
      <object_component id="oc-30f">
         <name>.text:ECAP_enableCounterResetOnEvent</name>
         <load_address>0x8d87</load_address>
         <run_address>0x8d87</run_address>
         <size>0x1b</size>
         <input_file_ref idref="fl-3"/>
      </object_component>
      <object_component id="oc-174">
         <name>.text:Device_initGPIO</name>
         <load_address>0x8da2</load_address>
         <run_address>0x8da2</run_address>
         <size>0x1a</size>
         <input_file_ref idref="fl-5"/>
      </object_component>
      <object_component id="oc-1c4">
         <name>.text:SysCtl_getLowSpeedClock</name>
         <load_address>0x8dbc</load_address>
         <run_address>0x8dbc</run_address>
         <size>0x1a</size>
         <input_file_ref idref="fl-12"/>
      </object_component>
      <object_component id="oc-228">
         <name>.text:SysCtl_setPLLSysClk</name>
         <load_address>0x8dd6</load_address>
         <run_address>0x8dd6</run_address>
         <size>0x19</size>
         <input_file_ref idref="fl-12"/>
      </object_component>
      <object_component id="oc-241">
         <name>.text:PGA_isBaseValid</name>
         <load_address>0x8def</load_address>
         <run_address>0x8def</run_address>
         <size>0x17</size>
         <input_file_ref idref="fl-11"/>
      </object_component>
      <object_component id="oc-23a">
         <name>.text:SysCtl_enablePeripheral</name>
         <load_address>0x8e06</load_address>
         <run_address>0x8e06</run_address>
         <size>0x17</size>
         <input_file_ref idref="fl-5"/>
      </object_component>
      <object_component id="oc-290">
         <name>.text:SysCtl_enablePeripheral</name>
         <load_address>0x8e1d</load_address>
         <run_address>0x8e1d</run_address>
         <size>0x17</size>
         <input_file_ref idref="fl-12"/>
      </object_component>
      <object_component id="oc-b4">
         <name>.text</name>
         <load_address>0x8e34</load_address>
         <run_address>0x8e34</run_address>
         <size>0x17</size>
         <input_file_ref idref="fl-1e"/>
      </object_component>
      <object_component id="oc-2ae">
         <name>.text:DCC_disableDoneSignal</name>
         <load_address>0x8e4b</load_address>
         <run_address>0x8e4b</run_address>
         <size>0x16</size>
         <input_file_ref idref="fl-12"/>
      </object_component>
      <object_component id="oc-31">
         <name>.text:Interrupt_defaultHandler</name>
         <load_address>0x8e61</load_address>
         <run_address>0x8e61</run_address>
         <size>0x16</size>
         <input_file_ref idref="fl-10"/>
      </object_component>
      <object_component id="oc-29c">
         <name>.text:DCC_clearDoneFlag</name>
         <load_address>0x8e77</load_address>
         <run_address>0x8e77</run_address>
         <size>0x15</size>
         <input_file_ref idref="fl-12"/>
      </object_component>
      <object_component id="oc-296">
         <name>.text:DCC_clearErrorFlag</name>
         <load_address>0x8e8c</load_address>
         <run_address>0x8e8c</run_address>
         <size>0x15</size>
         <input_file_ref idref="fl-12"/>
      </object_component>
      <object_component id="oc-2a8">
         <name>.text:DCC_disableErrorSignal</name>
         <load_address>0x8ea1</load_address>
         <run_address>0x8ea1</run_address>
         <size>0x15</size>
         <input_file_ref idref="fl-12"/>
      </object_component>
      <object_component id="oc-384">
         <name>.text:DCC_isBaseValid</name>
         <load_address>0x8eb6</load_address>
         <run_address>0x8eb6</run_address>
         <size>0x15</size>
         <input_file_ref idref="fl-12"/>
      </object_component>
      <object_component id="oc-327">
         <name>.text:ECAP_disableLoadCounter</name>
         <load_address>0x8ecb</load_address>
         <run_address>0x8ecb</run_address>
         <size>0x15</size>
         <input_file_ref idref="fl-3"/>
      </object_component>
      <object_component id="oc-2eb">
         <name>.text:ECAP_disableTimeStampCapture</name>
         <load_address>0x8ee0</load_address>
         <run_address>0x8ee0</run_address>
         <size>0x15</size>
         <input_file_ref idref="fl-3"/>
      </object_component>
      <object_component id="oc-2f7">
         <name>.text:ECAP_enableCaptureMode</name>
         <load_address>0x8ef5</load_address>
         <run_address>0x8ef5</run_address>
         <size>0x15</size>
         <input_file_ref idref="fl-3"/>
      </object_component>
      <object_component id="oc-345">
         <name>.text:ECAP_enableTimeStampCapture</name>
         <load_address>0x8f0a</load_address>
         <run_address>0x8f0a</run_address>
         <size>0x15</size>
         <input_file_ref idref="fl-3"/>
      </object_component>
      <object_component id="oc-7f">
         <name>.text:ECAP_reArm</name>
         <load_address>0x8f1f</load_address>
         <run_address>0x8f1f</run_address>
         <size>0x15</size>
         <input_file_ref idref="fl-2"/>
      </object_component>
      <object_component id="oc-34b">
         <name>.text:ECAP_reArm</name>
         <load_address>0x8f34</load_address>
         <run_address>0x8f34</run_address>
         <size>0x15</size>
         <input_file_ref idref="fl-3"/>
      </object_component>
      <object_component id="oc-33f">
         <name>.text:ECAP_startCounter</name>
         <load_address>0x8f49</load_address>
         <run_address>0x8f49</run_address>
         <size>0x15</size>
         <input_file_ref idref="fl-3"/>
      </object_component>
      <object_component id="oc-2f1">
         <name>.text:ECAP_stopCounter</name>
         <load_address>0x8f5e</load_address>
         <run_address>0x8f5e</run_address>
         <size>0x15</size>
         <input_file_ref idref="fl-3"/>
      </object_component>
      <object_component id="oc-1ef">
         <name>.text:GPIO_unlockPortConfig</name>
         <load_address>0x8f73</load_address>
         <run_address>0x8f73</run_address>
         <size>0x15</size>
         <input_file_ref idref="fl-5"/>
      </object_component>
      <object_component id="oc-2a2">
         <name>.text:DCC_disableModule</name>
         <load_address>0x8f88</load_address>
         <run_address>0x8f88</run_address>
         <size>0x14</size>
         <input_file_ref idref="fl-12"/>
      </object_component>
      <object_component id="oc-2cc">
         <name>.text:DCC_enableModule</name>
         <load_address>0x8f9c</load_address>
         <run_address>0x8f9c</run_address>
         <size>0x14</size>
         <input_file_ref idref="fl-12"/>
      </object_component>
      <object_component id="oc-26a">
         <name>.text:LED1_init</name>
         <load_address>0x8fb0</load_address>
         <run_address>0x8fb0</run_address>
         <size>0x14</size>
         <input_file_ref idref="fl-3"/>
      </object_component>
      <object_component id="oc-270">
         <name>.text:LED2_init</name>
         <load_address>0x8fc4</load_address>
         <run_address>0x8fc4</run_address>
         <size>0x14</size>
         <input_file_ref idref="fl-3"/>
      </object_component>
      <object_component id="oc-25e">
         <name>.text:OUT_IR_init</name>
         <load_address>0x8fd8</load_address>
         <run_address>0x8fd8</run_address>
         <size>0x14</size>
         <input_file_ref idref="fl-3"/>
      </object_component>
      <object_component id="oc-264">
         <name>.text:OUT_TRIG_init</name>
         <load_address>0x8fec</load_address>
         <run_address>0x8fec</run_address>
         <size>0x14</size>
         <input_file_ref idref="fl-3"/>
      </object_component>
      <object_component id="oc-79">
         <name>.text:ECAP_clearGlobalInterrupt</name>
         <load_address>0x9000</load_address>
         <run_address>0x9000</run_address>
         <size>0x13</size>
         <input_file_ref idref="fl-2"/>
      </object_component>
      <object_component id="oc-c8">
         <name>.text:ECAP_isBaseValid</name>
         <load_address>0x9013</load_address>
         <run_address>0x9013</run_address>
         <size>0x13</size>
         <input_file_ref idref="fl-2"/>
      </object_component>
      <object_component id="oc-394">
         <name>.text:ECAP_isBaseValid</name>
         <load_address>0x9026</load_address>
         <run_address>0x9026</run_address>
         <size>0x13</size>
         <input_file_ref idref="fl-3"/>
      </object_component>
      <object_component id="oc-3a9">
         <name>.text:ECAP_isBaseValid</name>
         <load_address>0x9039</load_address>
         <run_address>0x9039</run_address>
         <size>0x13</size>
         <input_file_ref idref="fl-e"/>
      </object_component>
      <object_component id="oc-1f7">
         <name>.text:PinMux_init</name>
         <load_address>0x904c</load_address>
         <run_address>0x904c</run_address>
         <size>0x12</size>
         <input_file_ref idref="fl-3"/>
      </object_component>
      <object_component id="oc-321">
         <name>.text:ECAP_setPhaseShiftCount</name>
         <load_address>0x905e</load_address>
         <run_address>0x905e</run_address>
         <size>0x11</size>
         <input_file_ref idref="fl-3"/>
      </object_component>
      <object_component id="oc-90">
         <name>.text:Interrupt_register</name>
         <load_address>0x906f</load_address>
         <run_address>0x906f</run_address>
         <size>0xf</size>
         <input_file_ref idref="fl-3"/>
      </object_component>
      <object_component id="oc-2b">
         <name>.text:INTERRUPT_init</name>
         <load_address>0x907e</load_address>
         <run_address>0x907e</run_address>
         <size>0xd</size>
         <input_file_ref idref="fl-3"/>
      </object_component>
      <object_component id="oc-d9">
         <name>.text:Interrupt_disableGlobal</name>
         <load_address>0x908b</load_address>
         <run_address>0x908b</run_address>
         <size>0xd</size>
         <input_file_ref idref="fl-10"/>
      </object_component>
      <object_component id="oc-df">
         <name>.text:Interrupt_enableGlobal</name>
         <load_address>0x9098</load_address>
         <run_address>0x9098</run_address>
         <size>0xd</size>
         <input_file_ref idref="fl-10"/>
      </object_component>
      <object_component id="oc-1b7">
         <name>.text:SysCtl_setLowSpeedClock</name>
         <load_address>0x90a5</load_address>
         <run_address>0x90a5</run_address>
         <size>0xd</size>
         <input_file_ref idref="fl-5"/>
      </object_component>
      <object_component id="oc-54">
         <name>.text:decompress:ZI:__TI_zero_init_nomemset</name>
         <load_address>0x90b2</load_address>
         <run_address>0x90b2</run_address>
         <size>0xd</size>
         <input_file_ref idref="fl-22"/>
      </object_component>
      <object_component id="oc-fb">
         <name>.text</name>
         <load_address>0x90bf</load_address>
         <run_address>0x90bf</run_address>
         <size>0xc</size>
         <input_file_ref idref="fl-27"/>
      </object_component>
      <object_component id="oc-180">
         <name>.text:Board_init</name>
         <load_address>0x90cb</load_address>
         <run_address>0x90cb</run_address>
         <size>0xb</size>
         <input_file_ref idref="fl-3"/>
      </object_component>
      <object_component id="oc-1ab">
         <name>.text:SysCtl_disableWatchdog</name>
         <load_address>0x90d6</load_address>
         <run_address>0x90d6</run_address>
         <size>0xb</size>
         <input_file_ref idref="fl-5"/>
      </object_component>
      <object_component id="oc-21c">
         <name>.text:SysCtl_isMCDClockFailureDetected</name>
         <load_address>0x90e1</load_address>
         <run_address>0x90e1</run_address>
         <size>0xb</size>
         <input_file_ref idref="fl-12"/>
      </object_component>
      <object_component id="oc-3d">
         <name>.text:Interrupt_illegalOperationHandler</name>
         <load_address>0x90ec</load_address>
         <run_address>0x90ec</run_address>
         <size>0xa</size>
         <input_file_ref idref="fl-10"/>
      </object_component>
      <object_component id="oc-43">
         <name>.text:Interrupt_nmiHandler</name>
         <load_address>0x90f6</load_address>
         <run_address>0x90f6</run_address>
         <size>0xa</size>
         <input_file_ref idref="fl-10"/>
      </object_component>
      <object_component id="oc-203">
         <name>.text:GPIO_init</name>
         <load_address>0x9100</load_address>
         <run_address>0x9100</run_address>
         <size>0x9</size>
         <input_file_ref idref="fl-3"/>
      </object_component>
      <object_component id="oc-198">
         <name>.text</name>
         <load_address>0x9109</load_address>
         <run_address>0x9109</run_address>
         <size>0x9</size>
         <input_file_ref idref="fl-26"/>
      </object_component>
      <object_component id="oc-19">
         <name>.text:decompress:none</name>
         <load_address>0x9112</load_address>
         <run_address>0x9112</run_address>
         <size>0x8</size>
         <input_file_ref idref="fl-23"/>
      </object_component>
      <object_component id="oc-60">
         <name>.text</name>
         <load_address>0x911a</load_address>
         <run_address>0x911a</run_address>
         <size>0x8</size>
         <input_file_ref idref="fl-6"/>
      </object_component>
      <object_component id="oc-1e2">
         <name>.text:ASysCtl_lockVREG</name>
         <load_address>0x9122</load_address>
         <run_address>0x9122</run_address>
         <size>0x7</size>
         <input_file_ref idref="fl-5"/>
      </object_component>
      <object_component id="oc-37a">
         <name>.text:SysCtl_resetMCD</name>
         <load_address>0x9129</load_address>
         <run_address>0x9129</run_address>
         <size>0x7</size>
         <input_file_ref idref="fl-12"/>
      </object_component>
      <object_component id="oc-c1">
         <name>.text:__error__</name>
         <load_address>0x9130</load_address>
         <run_address>0x9130</run_address>
         <size>0x7</size>
         <input_file_ref idref="fl-5"/>
      </object_component>
      <object_component id="oc-1ca">
         <name>.text:SysCtl_deviceCal</name>
         <load_address>0x9137</load_address>
         <run_address>0x9137</run_address>
         <size>0x4</size>
         <input_file_ref idref="fl-5"/>
      </object_component>
      <object_component id="oc-1fd">
         <name>.text:ECAP_init</name>
         <load_address>0x913b</load_address>
         <run_address>0x913b</run_address>
         <size>0x3</size>
         <input_file_ref idref="fl-3"/>
      </object_component>
      <object_component id="oc-f4">
         <name>.text</name>
         <load_address>0x913e</load_address>
         <run_address>0x913e</run_address>
         <size>0x2</size>
         <input_file_ref idref="fl-20"/>
      </object_component>
      <object_component id="oc-186">
         <name>.text:C2000Ware_libraries_init</name>
         <load_address>0x9140</load_address>
         <run_address>0x9140</run_address>
         <size>0x1</size>
         <input_file_ref idref="fl-4"/>
      </object_component>
      <object_component id="oc-159">
         <name>.text</name>
         <load_address>0x9141</load_address>
         <run_address>0x9141</run_address>
         <size>0x1</size>
         <input_file_ref idref="fl-2b"/>
      </object_component>
      <object_component id="oc-3f3">
         <name>.cinit..data.load</name>
         <load_address>0x12c</load_address>
         <run_address>0x12c</run_address>
         <size>0x8</size>
      </object_component>
      <object_component id="oc-3f0">
         <name>__TI_handler_table</name>
         <load_address>0x134</load_address>
         <run_address>0x134</run_address>
         <size>0x6</size>
      </object_component>
      <object_component id="oc-3f2">
         <name>.cinit..bss.load</name>
         <load_address>0x13a</load_address>
         <run_address>0x13a</run_address>
         <size>0x4</size>
      </object_component>
      <object_component id="oc-3f1">
         <name>__TI_cinit_table</name>
         <load_address>0x13e</load_address>
         <run_address>0x13e</run_address>
         <size>0x8</size>
      </object_component>
      <object_component id="oc-49">
         <name>.stack</name>
         <uninitialized>true</uninitialized>
         <run_address>0x400</run_address>
         <size>0x0</size>
         <input_file_ref idref="fl-1e"/>
      </object_component>
      <object_component id="oc-3f4">
         <name>.stack</name>
         <uninitialized>true</uninitialized>
         <run_address>0x400</run_address>
         <size>0x0</size>
      </object_component>
      <object_component id="oc-8b">
         <name>.bss</name>
         <uninitialized>true</uninitialized>
         <run_address>0xa80a</run_address>
         <size>0x6</size>
         <input_file_ref idref="fl-2"/>
      </object_component>
      <object_component id="oc-21b">
         <name>.const:.string</name>
         <load_address>0xa810</load_address>
         <run_address>0xa810</run_address>
         <size>0x9a</size>
         <input_file_ref idref="fl-12"/>
      </object_component>
      <object_component id="oc-24c">
         <name>.const:.string</name>
         <load_address>0xa8aa</load_address>
         <run_address>0xa8aa</run_address>
         <size>0x98</size>
         <input_file_ref idref="fl-f"/>
      </object_component>
      <object_component id="oc-c0">
         <name>.const:.string</name>
         <load_address>0xa942</load_address>
         <run_address>0xa942</run_address>
         <size>0x88</size>
         <input_file_ref idref="fl-2"/>
      </object_component>
      <object_component id="oc-1c3">
         <name>.const:.string</name>
         <load_address>0xa9ca</load_address>
         <run_address>0xa9ca</run_address>
         <size>0x59</size>
         <input_file_ref idref="fl-5"/>
      </object_component>
      <object_component id="oc-3af">
         <name>.const:.string</name>
         <load_address>0xaa24</load_address>
         <run_address>0xaa24</run_address>
         <size>0x4c</size>
         <input_file_ref idref="fl-e"/>
      </object_component>
      <object_component id="oc-247">
         <name>.const:.string</name>
         <load_address>0xaa70</load_address>
         <run_address>0xaa70</run_address>
         <size>0x4b</size>
         <input_file_ref idref="fl-11"/>
      </object_component>
      <object_component id="oc-39a">
         <name>.const:.string</name>
         <load_address>0xaabc</load_address>
         <run_address>0xaabc</run_address>
         <size>0x44</size>
         <input_file_ref idref="fl-3"/>
      </object_component>
      <object_component id="oc-14b">
         <name>.data</name>
         <load_address>0xa800</load_address>
         <run_address>0xa800</run_address>
         <size>0x6</size>
         <input_file_ref idref="fl-25"/>
      </object_component>
      <object_component id="oc-14e">
         <name>.data:_lock</name>
         <load_address>0xa806</load_address>
         <run_address>0xa806</run_address>
         <size>0x2</size>
         <input_file_ref idref="fl-26"/>
      </object_component>
      <object_component id="oc-20d">
         <name>.data:_unlock</name>
         <load_address>0xa808</load_address>
         <run_address>0xa808</run_address>
         <size>0x2</size>
         <input_file_ref idref="fl-26"/>
      </object_component>
      <object_component id="oc-72">
         <name>.TI.ramfunc</name>
         <load_address>0x128</load_address>
         <run_address>0x128</run_address>
         <size>0x4</size>
         <input_file_ref idref="fl-12"/>
      </object_component>
      <object_component id="oc-8f">
         <name>.debug_types</name>
         <load_address>0x0</load_address>
         <run_address>0x0</run_address>
         <size>0x515</size>
         <input_file_ref idref="fl-2"/>
      </object_component>
      <object_component id="oc-9d">
         <name>.debug_types</name>
         <load_address>0x515</load_address>
         <run_address>0x515</run_address>
         <size>0x10fa</size>
         <input_file_ref idref="fl-3"/>
      </object_component>
      <object_component id="oc-20b">
         <name>.debug_types</name>
         <load_address>0x0</load_address>
         <run_address>0x0</run_address>
         <size>0x0</size>
         <input_file_ref idref="fl-4"/>
      </object_component>
      <object_component id="oc-10a">
         <name>.debug_types</name>
         <load_address>0x160f</load_address>
         <run_address>0x160f</run_address>
         <size>0xd09</size>
         <input_file_ref idref="fl-5"/>
      </object_component>
      <object_component id="oc-3b1">
         <name>.debug_types</name>
         <load_address>0x0</load_address>
         <run_address>0x0</run_address>
         <size>0x0</size>
         <input_file_ref idref="fl-e"/>
      </object_component>
      <object_component id="oc-24e">
         <name>.debug_types</name>
         <load_address>0x2318</load_address>
         <run_address>0x2318</run_address>
         <size>0x24d</size>
         <input_file_ref idref="fl-f"/>
      </object_component>
      <object_component id="oc-9f">
         <name>.debug_types</name>
         <load_address>0x0</load_address>
         <run_address>0x0</run_address>
         <size>0x0</size>
         <input_file_ref idref="fl-10"/>
      </object_component>
      <object_component id="oc-249">
         <name>.debug_types</name>
         <load_address>0x0</load_address>
         <run_address>0x0</run_address>
         <size>0x0</size>
         <input_file_ref idref="fl-11"/>
      </object_component>
      <object_component id="oc-235">
         <name>.debug_types</name>
         <load_address>0x2565</load_address>
         <run_address>0x2565</run_address>
         <size>0xad6</size>
         <input_file_ref idref="fl-12"/>
      </object_component>
      <object_component id="oc-112">
         <name>.debug_types</name>
         <load_address>0x0</load_address>
         <run_address>0x0</run_address>
         <size>0x0</size>
         <input_file_ref idref="fl-20"/>
      </object_component>
      <object_component id="oc-160">
         <name>.debug_types</name>
         <load_address>0x303b</load_address>
         <run_address>0x303b</run_address>
         <size>0x49b</size>
         <input_file_ref idref="fl-21"/>
      </object_component>
      <object_component id="oc-ac">
         <name>.debug_types</name>
         <load_address>0x34d6</load_address>
         <run_address>0x34d6</run_address>
         <size>0x1f3</size>
         <input_file_ref idref="fl-22"/>
      </object_component>
      <object_component id="oc-53">
         <name>.debug_types</name>
         <load_address>0x0</load_address>
         <run_address>0x0</run_address>
         <size>0x0</size>
         <input_file_ref idref="fl-23"/>
      </object_component>
      <object_component id="oc-4b">
         <name>.debug_types</name>
         <load_address>0x36c9</load_address>
         <run_address>0x36c9</run_address>
         <size>0x191</size>
         <input_file_ref idref="fl-24"/>
      </object_component>
      <object_component id="oc-152">
         <name>.debug_types</name>
         <load_address>0x385a</load_address>
         <run_address>0x385a</run_address>
         <size>0xbf</size>
         <input_file_ref idref="fl-25"/>
      </object_component>
      <object_component id="oc-1a0">
         <name>.debug_types</name>
         <load_address>0x3919</load_address>
         <run_address>0x3919</run_address>
         <size>0x2f</size>
         <input_file_ref idref="fl-26"/>
      </object_component>
      <object_component id="oc-14a">
         <name>.debug_types</name>
         <load_address>0x3948</load_address>
         <run_address>0x3948</run_address>
         <size>0xe1</size>
         <input_file_ref idref="fl-27"/>
      </object_component>
      <object_component id="oc-a7">
         <name>.debug_types</name>
         <load_address>0x3a29</load_address>
         <run_address>0x3a29</run_address>
         <size>0xb8</size>
         <input_file_ref idref="fl-2a"/>
      </object_component>
      <object_component id="oc-1a5">
         <name>.debug_types</name>
         <load_address>0x0</load_address>
         <run_address>0x0</run_address>
         <size>0x0</size>
         <input_file_ref idref="fl-2b"/>
      </object_component>
      <object_component id="oc-8c">
         <name>.debug_info</name>
         <load_address>0x0</load_address>
         <run_address>0x0</run_address>
         <size>0x124</size>
         <input_file_ref idref="fl-2"/>
      </object_component>
      <object_component id="oc-86">
         <name>.debug_info</name>
         <load_address>0x124</load_address>
         <run_address>0x124</run_address>
         <size>0x18d</size>
         <input_file_ref idref="fl-2"/>
      </object_component>
      <object_component id="oc-ca">
         <name>.debug_info</name>
         <load_address>0x2b1</load_address>
         <run_address>0x2b1</run_address>
         <size>0x180</size>
         <input_file_ref idref="fl-2"/>
      </object_component>
      <object_component id="oc-80">
         <name>.debug_info</name>
         <load_address>0x431</load_address>
         <run_address>0x431</run_address>
         <size>0x191</size>
         <input_file_ref idref="fl-2"/>
      </object_component>
      <object_component id="oc-74">
         <name>.debug_info</name>
         <load_address>0x5c2</load_address>
         <run_address>0x5c2</run_address>
         <size>0x1db</size>
         <input_file_ref idref="fl-2"/>
      </object_component>
      <object_component id="oc-7a">
         <name>.debug_info</name>
         <load_address>0x79d</load_address>
         <run_address>0x79d</run_address>
         <size>0x1af</size>
         <input_file_ref idref="fl-2"/>
      </object_component>
      <object_component id="oc-6d">
         <name>.debug_info</name>
         <load_address>0x94c</load_address>
         <run_address>0x94c</run_address>
         <size>0x1e6</size>
         <input_file_ref idref="fl-2"/>
      </object_component>
      <object_component id="oc-bb">
         <name>.debug_info</name>
         <load_address>0xb32</load_address>
         <run_address>0xb32</run_address>
         <size>0x17a</size>
         <input_file_ref idref="fl-2"/>
      </object_component>
      <object_component id="oc-18d">
         <name>.debug_info</name>
         <load_address>0xcac</load_address>
         <run_address>0xcac</run_address>
         <size>0x1b2</size>
         <input_file_ref idref="fl-2"/>
      </object_component>
      <object_component id="oc-67">
         <name>.debug_info</name>
         <load_address>0xe5e</load_address>
         <run_address>0xe5e</run_address>
         <size>0x1d3</size>
         <input_file_ref idref="fl-2"/>
      </object_component>
      <object_component id="oc-144">
         <name>.debug_info</name>
         <load_address>0x1031</load_address>
         <run_address>0x1031</run_address>
         <size>0x212</size>
         <input_file_ref idref="fl-2"/>
      </object_component>
      <object_component id="oc-26">
         <name>.debug_info</name>
         <load_address>0x1243</load_address>
         <run_address>0x1243</run_address>
         <size>0x1db</size>
         <input_file_ref idref="fl-2"/>
      </object_component>
      <object_component id="oc-91">
         <name>.debug_info</name>
         <load_address>0x141e</load_address>
         <run_address>0x141e</run_address>
         <size>0x1d1</size>
         <input_file_ref idref="fl-3"/>
      </object_component>
      <object_component id="oc-395">
         <name>.debug_info</name>
         <load_address>0x15ef</load_address>
         <run_address>0x15ef</run_address>
         <size>0x180</size>
         <input_file_ref idref="fl-3"/>
      </object_component>
      <object_component id="oc-304">
         <name>.debug_info</name>
         <load_address>0x176f</load_address>
         <run_address>0x176f</run_address>
         <size>0x1ed</size>
         <input_file_ref idref="fl-3"/>
      </object_component>
      <object_component id="oc-30a">
         <name>.debug_info</name>
         <load_address>0x195c</load_address>
         <run_address>0x195c</run_address>
         <size>0x205</size>
         <input_file_ref idref="fl-3"/>
      </object_component>
      <object_component id="oc-2fe">
         <name>.debug_info</name>
         <load_address>0x1b61</load_address>
         <run_address>0x1b61</run_address>
         <size>0x1e7</size>
         <input_file_ref idref="fl-3"/>
      </object_component>
      <object_component id="oc-34c">
         <name>.debug_info</name>
         <load_address>0x1d48</load_address>
         <run_address>0x1d48</run_address>
         <size>0x191</size>
         <input_file_ref idref="fl-3"/>
      </object_component>
      <object_component id="oc-352">
         <name>.debug_info</name>
         <load_address>0x1ed9</load_address>
         <run_address>0x1ed9</run_address>
         <size>0x1dd</size>
         <input_file_ref idref="fl-3"/>
      </object_component>
      <object_component id="oc-2e0">
         <name>.debug_info</name>
         <load_address>0x20b6</load_address>
         <run_address>0x20b6</run_address>
         <size>0x1df</size>
         <input_file_ref idref="fl-3"/>
      </object_component>
      <object_component id="oc-2e6">
         <name>.debug_info</name>
         <load_address>0x2295</load_address>
         <run_address>0x2295</run_address>
         <size>0x1db</size>
         <input_file_ref idref="fl-3"/>
      </object_component>
      <object_component id="oc-2f8">
         <name>.debug_info</name>
         <load_address>0x2470</load_address>
         <run_address>0x2470</run_address>
         <size>0x1a9</size>
         <input_file_ref idref="fl-3"/>
      </object_component>
      <object_component id="oc-310">
         <name>.debug_info</name>
         <load_address>0x2619</load_address>
         <run_address>0x2619</run_address>
         <size>0x1dc</size>
         <input_file_ref idref="fl-3"/>
      </object_component>
      <object_component id="oc-316">
         <name>.debug_info</name>
         <load_address>0x27f5</load_address>
         <run_address>0x27f5</run_address>
         <size>0x1de</size>
         <input_file_ref idref="fl-3"/>
      </object_component>
      <object_component id="oc-346">
         <name>.debug_info</name>
         <load_address>0x29d3</load_address>
         <run_address>0x29d3</run_address>
         <size>0x1b3</size>
         <input_file_ref idref="fl-3"/>
      </object_component>
      <object_component id="oc-2ec">
         <name>.debug_info</name>
         <load_address>0x2b86</load_address>
         <run_address>0x2b86</run_address>
         <size>0x1b5</size>
         <input_file_ref idref="fl-3"/>
      </object_component>
      <object_component id="oc-322">
         <name>.debug_info</name>
         <load_address>0x2d3b</load_address>
         <run_address>0x2d3b</run_address>
         <size>0x1c2</size>
         <input_file_ref idref="fl-3"/>
      </object_component>
      <object_component id="oc-33a">
         <name>.debug_info</name>
         <load_address>0x2efd</load_address>
         <run_address>0x2efd</run_address>
         <size>0x1d4</size>
         <input_file_ref idref="fl-3"/>
      </object_component>
      <object_component id="oc-328">
         <name>.debug_info</name>
         <load_address>0x30d1</load_address>
         <run_address>0x30d1</run_address>
         <size>0x1ab</size>
         <input_file_ref idref="fl-3"/>
      </object_component>
      <object_component id="oc-32e">
         <name>.debug_info</name>
         <load_address>0x327c</load_address>
         <run_address>0x327c</run_address>
         <size>0x1c4</size>
         <input_file_ref idref="fl-3"/>
      </object_component>
      <object_component id="oc-2f2">
         <name>.debug_info</name>
         <load_address>0x3440</load_address>
         <run_address>0x3440</run_address>
         <size>0x19d</size>
         <input_file_ref idref="fl-3"/>
      </object_component>
      <object_component id="oc-340">
         <name>.debug_info</name>
         <load_address>0x35dd</load_address>
         <run_address>0x35dd</run_address>
         <size>0x19f</size>
         <input_file_ref idref="fl-3"/>
      </object_component>
      <object_component id="oc-31c">
         <name>.debug_info</name>
         <load_address>0x377c</load_address>
         <run_address>0x377c</run_address>
         <size>0x1c8</size>
         <input_file_ref idref="fl-3"/>
      </object_component>
      <object_component id="oc-181">
         <name>.debug_info</name>
         <load_address>0x3944</load_address>
         <run_address>0x3944</run_address>
         <size>0x157</size>
         <input_file_ref idref="fl-3"/>
      </object_component>
      <object_component id="oc-1f8">
         <name>.debug_info</name>
         <load_address>0x3a9b</load_address>
         <run_address>0x3a9b</run_address>
         <size>0x172</size>
         <input_file_ref idref="fl-3"/>
      </object_component>
      <object_component id="oc-1fe">
         <name>.debug_info</name>
         <load_address>0x3c0d</load_address>
         <run_address>0x3c0d</run_address>
         <size>0x126</size>
         <input_file_ref idref="fl-3"/>
      </object_component>
      <object_component id="oc-258">
         <name>.debug_info</name>
         <load_address>0x3d33</load_address>
         <run_address>0x3d33</run_address>
         <size>0x3e1</size>
         <input_file_ref idref="fl-3"/>
      </object_component>
      <object_component id="oc-204">
         <name>.debug_info</name>
         <load_address>0x4114</load_address>
         <run_address>0x4114</run_address>
         <size>0x154</size>
         <input_file_ref idref="fl-3"/>
      </object_component>
      <object_component id="oc-25f">
         <name>.debug_info</name>
         <load_address>0x4268</load_address>
         <run_address>0x4268</run_address>
         <size>0x183</size>
         <input_file_ref idref="fl-3"/>
      </object_component>
      <object_component id="oc-265">
         <name>.debug_info</name>
         <load_address>0x43eb</load_address>
         <run_address>0x43eb</run_address>
         <size>0x187</size>
         <input_file_ref idref="fl-3"/>
      </object_component>
      <object_component id="oc-26b">
         <name>.debug_info</name>
         <load_address>0x4572</load_address>
         <run_address>0x4572</run_address>
         <size>0x17f</size>
         <input_file_ref idref="fl-3"/>
      </object_component>
      <object_component id="oc-271">
         <name>.debug_info</name>
         <load_address>0x46f1</load_address>
         <run_address>0x46f1</run_address>
         <size>0x17f</size>
         <input_file_ref idref="fl-3"/>
      </object_component>
      <object_component id="oc-2c">
         <name>.debug_info</name>
         <load_address>0x4870</load_address>
         <run_address>0x4870</run_address>
         <size>0x14a</size>
         <input_file_ref idref="fl-3"/>
      </object_component>
      <object_component id="oc-188">
         <name>.debug_info</name>
         <load_address>0x49ba</load_address>
         <run_address>0x49ba</run_address>
         <size>0x14c</size>
         <input_file_ref idref="fl-4"/>
      </object_component>
      <object_component id="oc-1e4">
         <name>.debug_info</name>
         <load_address>0x4b06</load_address>
         <run_address>0x4b06</run_address>
         <size>0x15e</size>
         <input_file_ref idref="fl-5"/>
      </object_component>
      <object_component id="oc-1cb">
         <name>.debug_info</name>
         <load_address>0x4c64</load_address>
         <run_address>0x4c64</run_address>
         <size>0x162</size>
         <input_file_ref idref="fl-5"/>
      </object_component>
      <object_component id="oc-23b">
         <name>.debug_info</name>
         <load_address>0x4dc6</load_address>
         <run_address>0x4dc6</run_address>
         <size>0x1c2</size>
         <input_file_ref idref="fl-5"/>
      </object_component>
      <object_component id="oc-1b8">
         <name>.debug_info</name>
         <load_address>0x4f88</load_address>
         <run_address>0x4f88</run_address>
         <size>0x196</size>
         <input_file_ref idref="fl-5"/>
      </object_component>
      <object_component id="oc-1ad">
         <name>.debug_info</name>
         <load_address>0x511e</load_address>
         <run_address>0x511e</run_address>
         <size>0x169</size>
         <input_file_ref idref="fl-5"/>
      </object_component>
      <object_component id="oc-1f1">
         <name>.debug_info</name>
         <load_address>0x5287</load_address>
         <run_address>0x5287</run_address>
         <size>0x1c5</size>
         <input_file_ref idref="fl-5"/>
      </object_component>
      <object_component id="oc-16f">
         <name>.debug_info</name>
         <load_address>0x544c</load_address>
         <run_address>0x544c</run_address>
         <size>0x317</size>
         <input_file_ref idref="fl-5"/>
      </object_component>
      <object_component id="oc-1d1">
         <name>.debug_info</name>
         <load_address>0x5763</load_address>
         <run_address>0x5763</run_address>
         <size>0x7d1</size>
         <input_file_ref idref="fl-5"/>
      </object_component>
      <object_component id="oc-175">
         <name>.debug_info</name>
         <load_address>0x5f34</load_address>
         <run_address>0x5f34</run_address>
         <size>0x1af</size>
         <input_file_ref idref="fl-5"/>
      </object_component>
      <object_component id="oc-c3">
         <name>.debug_info</name>
         <load_address>0x60e3</load_address>
         <run_address>0x60e3</run_address>
         <size>0x166</size>
         <input_file_ref idref="fl-5"/>
      </object_component>
      <object_component id="oc-23">
         <name>.debug_info</name>
         <load_address>0x6249</load_address>
         <run_address>0x6249</run_address>
         <size>0x119</size>
         <input_file_ref idref="fl-6"/>
      </object_component>
      <object_component id="oc-61">
         <name>.debug_info</name>
         <load_address>0x6362</load_address>
         <run_address>0x6362</run_address>
         <size>0x11a</size>
         <input_file_ref idref="fl-6"/>
      </object_component>
      <object_component id="oc-3ad">
         <name>.debug_info</name>
         <load_address>0x647c</load_address>
         <run_address>0x647c</run_address>
         <size>0x1d0</size>
         <input_file_ref idref="fl-e"/>
      </object_component>
      <object_component id="oc-335">
         <name>.debug_info</name>
         <load_address>0x664c</load_address>
         <run_address>0x664c</run_address>
         <size>0x216</size>
         <input_file_ref idref="fl-e"/>
      </object_component>
      <object_component id="oc-3ba">
         <name>.debug_info</name>
         <load_address>0x6862</load_address>
         <run_address>0x6862</run_address>
         <size>0x1ca</size>
         <input_file_ref idref="fl-f"/>
      </object_component>
      <object_component id="oc-367">
         <name>.debug_info</name>
         <load_address>0x6a2c</load_address>
         <run_address>0x6a2c</run_address>
         <size>0x242</size>
         <input_file_ref idref="fl-f"/>
      </object_component>
      <object_component id="oc-359">
         <name>.debug_info</name>
         <load_address>0x6c6e</load_address>
         <run_address>0x6c6e</run_address>
         <size>0x22b</size>
         <input_file_ref idref="fl-f"/>
      </object_component>
      <object_component id="oc-35f">
         <name>.debug_info</name>
         <load_address>0x6e99</load_address>
         <run_address>0x6e99</run_address>
         <size>0x272</size>
         <input_file_ref idref="fl-f"/>
      </object_component>
      <object_component id="oc-36b">
         <name>.debug_info</name>
         <load_address>0x710b</load_address>
         <run_address>0x710b</run_address>
         <size>0x25b</size>
         <input_file_ref idref="fl-f"/>
      </object_component>
      <object_component id="oc-1eb">
         <name>.debug_info</name>
         <load_address>0x7366</load_address>
         <run_address>0x7366</run_address>
         <size>0x227</size>
         <input_file_ref idref="fl-f"/>
      </object_component>
      <object_component id="oc-253">
         <name>.debug_info</name>
         <load_address>0x758d</load_address>
         <run_address>0x758d</run_address>
         <size>0x214</size>
         <input_file_ref idref="fl-f"/>
      </object_component>
      <object_component id="oc-e3">
         <name>.debug_info</name>
         <load_address>0x77a1</load_address>
         <run_address>0x77a1</run_address>
         <size>0x1c3</size>
         <input_file_ref idref="fl-10"/>
      </object_component>
      <object_component id="oc-db">
         <name>.debug_info</name>
         <load_address>0x7964</load_address>
         <run_address>0x7964</run_address>
         <size>0x1c5</size>
         <input_file_ref idref="fl-10"/>
      </object_component>
      <object_component id="oc-17e">
         <name>.debug_info</name>
         <load_address>0x7b29</load_address>
         <run_address>0x7b29</run_address>
         <size>0x1d4</size>
         <input_file_ref idref="fl-10"/>
      </object_component>
      <object_component id="oc-3a">
         <name>.debug_info</name>
         <load_address>0x7cfd</load_address>
         <run_address>0x7cfd</run_address>
         <size>0x1e1</size>
         <input_file_ref idref="fl-10"/>
      </object_component>
      <object_component id="oc-40">
         <name>.debug_info</name>
         <load_address>0x7ede</load_address>
         <run_address>0x7ede</run_address>
         <size>0x1c7</size>
         <input_file_ref idref="fl-10"/>
      </object_component>
      <object_component id="oc-47">
         <name>.debug_info</name>
         <load_address>0x80a5</load_address>
         <run_address>0x80a5</run_address>
         <size>0x1ad</size>
         <input_file_ref idref="fl-10"/>
      </object_component>
      <object_component id="oc-36">
         <name>.debug_info</name>
         <load_address>0x8252</load_address>
         <run_address>0x8252</run_address>
         <size>0x1cf</size>
         <input_file_ref idref="fl-10"/>
      </object_component>
      <object_component id="oc-9a">
         <name>.debug_info</name>
         <load_address>0x8421</load_address>
         <run_address>0x8421</run_address>
         <size>0x278</size>
         <input_file_ref idref="fl-10"/>
      </object_component>
      <object_component id="oc-242">
         <name>.debug_info</name>
         <load_address>0x8699</load_address>
         <run_address>0x8699</run_address>
         <size>0x1ca</size>
         <input_file_ref idref="fl-11"/>
      </object_component>
      <object_component id="oc-1d7">
         <name>.debug_info</name>
         <load_address>0x8863</load_address>
         <run_address>0x8863</run_address>
         <size>0x221</size>
         <input_file_ref idref="fl-11"/>
      </object_component>
      <object_component id="oc-1e0">
         <name>.debug_info</name>
         <load_address>0x8a84</load_address>
         <run_address>0x8a84</run_address>
         <size>0x221</size>
         <input_file_ref idref="fl-11"/>
      </object_component>
      <object_component id="oc-291">
         <name>.debug_info</name>
         <load_address>0x8ca5</load_address>
         <run_address>0x8ca5</run_address>
         <size>0x210</size>
         <input_file_ref idref="fl-12"/>
      </object_component>
      <object_component id="oc-21d">
         <name>.debug_info</name>
         <load_address>0x8eb5</load_address>
         <run_address>0x8eb5</run_address>
         <size>0x1d3</size>
         <input_file_ref idref="fl-12"/>
      </object_component>
      <object_component id="oc-37b">
         <name>.debug_info</name>
         <load_address>0x9088</load_address>
         <run_address>0x9088</run_address>
         <size>0x1a9</size>
         <input_file_ref idref="fl-12"/>
      </object_component>
      <object_component id="oc-229">
         <name>.debug_info</name>
         <load_address>0x9231</load_address>
         <run_address>0x9231</run_address>
         <size>0x1d8</size>
         <input_file_ref idref="fl-12"/>
      </object_component>
      <object_component id="oc-385">
         <name>.debug_info</name>
         <load_address>0x9409</load_address>
         <run_address>0x9409</run_address>
         <size>0x1cd</size>
         <input_file_ref idref="fl-12"/>
      </object_component>
      <object_component id="oc-2cd">
         <name>.debug_info</name>
         <load_address>0x95d6</load_address>
         <run_address>0x95d6</run_address>
         <size>0x1eb</size>
         <input_file_ref idref="fl-12"/>
      </object_component>
      <object_component id="oc-2a3">
         <name>.debug_info</name>
         <load_address>0x97c1</load_address>
         <run_address>0x97c1</run_address>
         <size>0x1ed</size>
         <input_file_ref idref="fl-12"/>
      </object_component>
      <object_component id="oc-2a9">
         <name>.debug_info</name>
         <load_address>0x99ae</load_address>
         <run_address>0x99ae</run_address>
         <size>0x1f9</size>
         <input_file_ref idref="fl-12"/>
      </object_component>
      <object_component id="oc-2af">
         <name>.debug_info</name>
         <load_address>0x9ba7</load_address>
         <run_address>0x9ba7</run_address>
         <size>0x1f7</size>
         <input_file_ref idref="fl-12"/>
      </object_component>
      <object_component id="oc-2c7">
         <name>.debug_info</name>
         <load_address>0x9d9e</load_address>
         <run_address>0x9d9e</run_address>
         <size>0x21e</size>
         <input_file_ref idref="fl-12"/>
      </object_component>
      <object_component id="oc-297">
         <name>.debug_info</name>
         <load_address>0x9fbc</load_address>
         <run_address>0x9fbc</run_address>
         <size>0x1f1</size>
         <input_file_ref idref="fl-12"/>
      </object_component>
      <object_component id="oc-29d">
         <name>.debug_info</name>
         <load_address>0xa1ad</load_address>
         <run_address>0xa1ad</run_address>
         <size>0x1ef</size>
         <input_file_ref idref="fl-12"/>
      </object_component>
      <object_component id="oc-2bb">
         <name>.debug_info</name>
         <load_address>0xa39c</load_address>
         <run_address>0xa39c</run_address>
         <size>0x222</size>
         <input_file_ref idref="fl-12"/>
      </object_component>
      <object_component id="oc-2b5">
         <name>.debug_info</name>
         <load_address>0xa5be</load_address>
         <run_address>0xa5be</run_address>
         <size>0x222</size>
         <input_file_ref idref="fl-12"/>
      </object_component>
      <object_component id="oc-2c1">
         <name>.debug_info</name>
         <load_address>0xa7e0</load_address>
         <run_address>0xa7e0</run_address>
         <size>0x291</size>
         <input_file_ref idref="fl-12"/>
      </object_component>
      <object_component id="oc-375">
         <name>.debug_info</name>
         <load_address>0xaa71</load_address>
         <run_address>0xaa71</run_address>
         <size>0x20d</size>
         <input_file_ref idref="fl-12"/>
      </object_component>
      <object_component id="oc-1be">
         <name>.debug_info</name>
         <load_address>0xac7e</load_address>
         <run_address>0xac7e</run_address>
         <size>0x26c</size>
         <input_file_ref idref="fl-12"/>
      </object_component>
      <object_component id="oc-1b2">
         <name>.debug_info</name>
         <load_address>0xaeea</load_address>
         <run_address>0xaeea</run_address>
         <size>0x3eb</size>
         <input_file_ref idref="fl-12"/>
      </object_component>
      <object_component id="oc-27e">
         <name>.debug_info</name>
         <load_address>0xb2d5</load_address>
         <run_address>0xb2d5</run_address>
         <size>0x245</size>
         <input_file_ref idref="fl-12"/>
      </object_component>
      <object_component id="oc-284">
         <name>.debug_info</name>
         <load_address>0xb51a</load_address>
         <run_address>0xb51a</run_address>
         <size>0x216</size>
         <input_file_ref idref="fl-12"/>
      </object_component>
      <object_component id="oc-223">
         <name>.debug_info</name>
         <load_address>0xb730</load_address>
         <run_address>0xb730</run_address>
         <size>0x22a</size>
         <input_file_ref idref="fl-12"/>
      </object_component>
      <object_component id="oc-1c5">
         <name>.debug_info</name>
         <load_address>0xb95a</load_address>
         <run_address>0xb95a</run_address>
         <size>0x216</size>
         <input_file_ref idref="fl-12"/>
      </object_component>
      <object_component id="oc-22f">
         <name>.debug_info</name>
         <load_address>0xbb70</load_address>
         <run_address>0xbb70</run_address>
         <size>0x4a1</size>
         <input_file_ref idref="fl-12"/>
      </object_component>
      <object_component id="oc-b6">
         <name>.debug_info</name>
         <load_address>0xc011</load_address>
         <run_address>0xc011</run_address>
         <size>0x158</size>
         <input_file_ref idref="fl-1e"/>
      </object_component>
      <object_component id="oc-28e">
         <name>.debug_info</name>
         <load_address>0xc169</load_address>
         <run_address>0xc169</run_address>
         <size>0x127</size>
         <input_file_ref idref="fl-1f"/>
      </object_component>
      <object_component id="oc-f8">
         <name>.debug_info</name>
         <load_address>0xc290</load_address>
         <run_address>0xc290</run_address>
         <size>0x14d</size>
         <input_file_ref idref="fl-20"/>
      </object_component>
      <object_component id="oc-114">
         <name>.debug_info</name>
         <load_address>0xc3dd</load_address>
         <run_address>0xc3dd</run_address>
         <size>0x1bf</size>
         <input_file_ref idref="fl-21"/>
      </object_component>
      <object_component id="oc-55">
         <name>.debug_info</name>
         <load_address>0xc59c</load_address>
         <run_address>0xc59c</run_address>
         <size>0x1b6</size>
         <input_file_ref idref="fl-22"/>
      </object_component>
      <object_component id="oc-1a">
         <name>.debug_info</name>
         <load_address>0xc752</load_address>
         <run_address>0xc752</run_address>
         <size>0x1b7</size>
         <input_file_ref idref="fl-23"/>
      </object_component>
      <object_component id="oc-15">
         <name>.debug_info</name>
         <load_address>0xc909</load_address>
         <run_address>0xc909</run_address>
         <size>0x219</size>
         <input_file_ref idref="fl-24"/>
      </object_component>
      <object_component id="oc-14c">
         <name>.debug_info</name>
         <load_address>0xcb22</load_address>
         <run_address>0xcb22</run_address>
         <size>0x19e</size>
         <input_file_ref idref="fl-25"/>
      </object_component>
      <object_component id="oc-102">
         <name>.debug_info</name>
         <load_address>0xccc0</load_address>
         <run_address>0xccc0</run_address>
         <size>0x1a9</size>
         <input_file_ref idref="fl-25"/>
      </object_component>
      <object_component id="oc-14f">
         <name>.debug_info</name>
         <load_address>0xce69</load_address>
         <run_address>0xce69</run_address>
         <size>0x107</size>
         <input_file_ref idref="fl-26"/>
      </object_component>
      <object_component id="oc-20e">
         <name>.debug_info</name>
         <load_address>0xcf70</load_address>
         <run_address>0xcf70</run_address>
         <size>0x10b</size>
         <input_file_ref idref="fl-26"/>
      </object_component>
      <object_component id="oc-199">
         <name>.debug_info</name>
         <load_address>0xd07b</load_address>
         <run_address>0xd07b</run_address>
         <size>0x203</size>
         <input_file_ref idref="fl-26"/>
      </object_component>
      <object_component id="oc-fd">
         <name>.debug_info</name>
         <load_address>0xd27e</load_address>
         <run_address>0xd27e</run_address>
         <size>0x15d</size>
         <input_file_ref idref="fl-27"/>
      </object_component>
      <object_component id="oc-4e">
         <name>.debug_info</name>
         <load_address>0xd3db</load_address>
         <run_address>0xd3db</run_address>
         <size>0x19b</size>
         <input_file_ref idref="fl-2a"/>
      </object_component>
      <object_component id="oc-15b">
         <name>.debug_info</name>
         <load_address>0xd576</load_address>
         <run_address>0xd576</run_address>
         <size>0x147</size>
         <input_file_ref idref="fl-2b"/>
      </object_component>
      <object_component id="oc-3f8">
         <name>.debug_info</name>
         <load_address>0xd6bd</load_address>
         <run_address>0xd6bd</run_address>
         <size>0xb9</size>
      </object_component>
      <object_component id="oc-d4">
         <name>.debug_line</name>
         <load_address>0x0</load_address>
         <run_address>0x0</run_address>
         <size>0x33</size>
         <input_file_ref idref="fl-2"/>
      </object_component>
      <object_component id="oc-89">
         <name>.debug_line</name>
         <load_address>0x33</load_address>
         <run_address>0x33</run_address>
         <size>0x83</size>
         <input_file_ref idref="fl-2"/>
      </object_component>
      <object_component id="oc-c9">
         <name>.debug_line</name>
         <load_address>0xb6</load_address>
         <run_address>0xb6</run_address>
         <size>0x7e</size>
         <input_file_ref idref="fl-2"/>
      </object_component>
      <object_component id="oc-83">
         <name>.debug_line</name>
         <load_address>0x134</load_address>
         <run_address>0x134</run_address>
         <size>0x81</size>
         <input_file_ref idref="fl-2"/>
      </object_component>
      <object_component id="oc-77">
         <name>.debug_line</name>
         <load_address>0x1b5</load_address>
         <run_address>0x1b5</run_address>
         <size>0x80</size>
         <input_file_ref idref="fl-2"/>
      </object_component>
      <object_component id="oc-7d">
         <name>.debug_line</name>
         <load_address>0x235</load_address>
         <run_address>0x235</run_address>
         <size>0x7f</size>
         <input_file_ref idref="fl-2"/>
      </object_component>
      <object_component id="oc-70">
         <name>.debug_line</name>
         <load_address>0x2b4</load_address>
         <run_address>0x2b4</run_address>
         <size>0xab</size>
         <input_file_ref idref="fl-2"/>
      </object_component>
      <object_component id="oc-be">
         <name>.debug_line</name>
         <load_address>0x35f</load_address>
         <run_address>0x35f</run_address>
         <size>0x7e</size>
         <input_file_ref idref="fl-2"/>
      </object_component>
      <object_component id="oc-190">
         <name>.debug_line</name>
         <load_address>0x3dd</load_address>
         <run_address>0x3dd</run_address>
         <size>0x80</size>
         <input_file_ref idref="fl-2"/>
      </object_component>
      <object_component id="oc-6a">
         <name>.debug_line</name>
         <load_address>0x45d</load_address>
         <run_address>0x45d</run_address>
         <size>0x85</size>
         <input_file_ref idref="fl-2"/>
      </object_component>
      <object_component id="oc-147">
         <name>.debug_line</name>
         <load_address>0x4e2</load_address>
         <run_address>0x4e2</run_address>
         <size>0x5b</size>
         <input_file_ref idref="fl-2"/>
      </object_component>
      <object_component id="oc-29">
         <name>.debug_line</name>
         <load_address>0x53d</load_address>
         <run_address>0x53d</run_address>
         <size>0x51</size>
         <input_file_ref idref="fl-2"/>
      </object_component>
      <object_component id="oc-d6">
         <name>.debug_line</name>
         <load_address>0x58e</load_address>
         <run_address>0x58e</run_address>
         <size>0x265</size>
         <input_file_ref idref="fl-2"/>
      </object_component>
      <object_component id="oc-94">
         <name>.debug_line</name>
         <load_address>0x7f3</load_address>
         <run_address>0x7f3</run_address>
         <size>0x86</size>
         <input_file_ref idref="fl-3"/>
      </object_component>
      <object_component id="oc-399">
         <name>.debug_line</name>
         <load_address>0x879</load_address>
         <run_address>0x879</run_address>
         <size>0x7e</size>
         <input_file_ref idref="fl-3"/>
      </object_component>
      <object_component id="oc-308">
         <name>.debug_line</name>
         <load_address>0x8f7</load_address>
         <run_address>0x8f7</run_address>
         <size>0x82</size>
         <input_file_ref idref="fl-3"/>
      </object_component>
      <object_component id="oc-30d">
         <name>.debug_line</name>
         <load_address>0x979</load_address>
         <run_address>0x979</run_address>
         <size>0x82</size>
         <input_file_ref idref="fl-3"/>
      </object_component>
      <object_component id="oc-302">
         <name>.debug_line</name>
         <load_address>0x9fb</load_address>
         <run_address>0x9fb</run_address>
         <size>0x82</size>
         <input_file_ref idref="fl-3"/>
      </object_component>
      <object_component id="oc-350">
         <name>.debug_line</name>
         <load_address>0xa7d</load_address>
         <run_address>0xa7d</run_address>
         <size>0x81</size>
         <input_file_ref idref="fl-3"/>
      </object_component>
      <object_component id="oc-356">
         <name>.debug_line</name>
         <load_address>0xafe</load_address>
         <run_address>0xafe</run_address>
         <size>0x82</size>
         <input_file_ref idref="fl-3"/>
      </object_component>
      <object_component id="oc-2e4">
         <name>.debug_line</name>
         <load_address>0xb80</load_address>
         <run_address>0xb80</run_address>
         <size>0x82</size>
         <input_file_ref idref="fl-3"/>
      </object_component>
      <object_component id="oc-2ea">
         <name>.debug_line</name>
         <load_address>0xc02</load_address>
         <run_address>0xc02</run_address>
         <size>0x80</size>
         <input_file_ref idref="fl-3"/>
      </object_component>
      <object_component id="oc-2fb">
         <name>.debug_line</name>
         <load_address>0xc82</load_address>
         <run_address>0xc82</run_address>
         <size>0x81</size>
         <input_file_ref idref="fl-3"/>
      </object_component>
      <object_component id="oc-314">
         <name>.debug_line</name>
         <load_address>0xd03</load_address>
         <run_address>0xd03</run_address>
         <size>0x81</size>
         <input_file_ref idref="fl-3"/>
      </object_component>
      <object_component id="oc-31a">
         <name>.debug_line</name>
         <load_address>0xd84</load_address>
         <run_address>0xd84</run_address>
         <size>0x81</size>
         <input_file_ref idref="fl-3"/>
      </object_component>
      <object_component id="oc-34a">
[...]
      <memory_area display="yes" color="green">
         <name>RAMLS3</name>
         <page_id>0x0</page_id>
         <origin>0x9800</origin>
         <length>0x800</length>
         <used_space>0x0</used_space>
         <unused_space>0x800</unused_space>
         <attributes>RWIX</attributes>
         <usage_details>
         </usage_details>
      </memory_area>
      <memory_area display="yes" color="green">
         <name>RAMLS4</name>
         <page_id>0x0</page_id>
         <origin>0xa000</origin>
         <length>0x800</length>
         <used_space>0x0</used_space>
         <unused_space>0x800</unused_space>
         <attributes>RWIX</attributes>
         <usage_details>
         </usage_details>
      </memory_area>
      <memory_area display="yes" color="green">
         <name>RAMLS5</name>
         <page_id>0x0</page_id>
         <origin>0xa800</origin>
         <length>0x800</length>
         <used_space>0x300</used_space>
         <unused_space>0x500</unused_space>
         <attributes>RWIX</attributes>
         <usage_details>
            <allocated_space>
               <start_address>0xa800</start_address>
               <size>0xa</size>
               <logical_group_ref idref="lg-c"/>
            </allocated_space>
            <allocated_space>
               <start_address>0xa80a</start_address>
               <size>0x6</size>
               <logical_group_ref idref="lg-8"/>
            </allocated_space>
            <allocated_space>
               <start_address>0xa810</start_address>
               <size>0x2f0</size>
               <logical_group_ref idref="lg-b"/>
            </allocated_space>
            <available_space>
               <start_address>0xab00</start_address>
               <size>0x500</size>
            </available_space>
         </usage_details>
      </memory_area>
      <memory_area display="yes" color="green">
         <name>RAMLS6</name>
         <page_id>0x0</page_id>
         <origin>0xb000</origin>
         <length>0x800</length>
         <used_space>0x0</used_space>
         <unused_space>0x800</unused_space>
         <attributes>RWIX</attributes>
         <usage_details>
         </usage_details>
      </memory_area>
      <memory_area display="yes" color="green">
         <name>RAMLS7</name>
         <page_id>0x0</page_id>
         <origin>0xb800</origin>
         <length>0x800</length>
         <used_space>0x0</used_space>
         <unused_space>0x800</unused_space>
         <attributes>RWIX</attributes>
         <usage_details>
         </usage_details>
      </memory_area>
      <memory_area display="yes" color="green">
         <name>RAMGS0</name>
         <page_id>0x0</page_id>
         <origin>0xc000</origin>
         <length>0x2000</length>
         <used_space>0x0</used_space>
         <unused_space>0x2000</unused_space>
         <attributes>RWIX</attributes>
         <usage_details>
         </usage_details>
      </memory_area>
      <memory_area display="yes" color="green">
         <name>RAMGS1</name>
         <page_id>0x0</page_id>
         <origin>0xe000</origin>
         <length>0x2000</length>
         <used_space>0x0</used_space>
         <unused_space>0x2000</unused_space>
         <attributes>RWIX</attributes>
         <usage_details>
         </usage_details>
      </memory_area>
      <memory_area display="yes" color="green">
         <name>RAMGS2</name>
         <page_id>0x0</page_id>
         <origin>0x10000</origin>
         <length>0x2000</length>
         <used_space>0x0</used_space>
         <unused_space>0x2000</unused_space>
         <attributes>RWIX</attributes>
         <usage_details>
         </usage_details>
      </memory_area>
      <memory_area display="yes" color="green">
         <name>RAMGS3</name>
         <page_id>0x0</page_id>
         <origin>0x12000</origin>
         <length>0x2000</length>
         <used_space>0x0</used_space>
         <unused_space>0x2000</unused_space>
         <attributes>RWIX</attributes>
         <usage_details>
         </usage_details>
      </memory_area>
      <memory_area display="yes" color="green">
         <name>RAMLS8</name>
         <page_id>0x0</page_id>
         <origin>0x14000</origin>
         <length>0x2000</length>
         <used_space>0x0</used_space>
         <unused_space>0x2000</unused_space>
         <attributes>RWIX</attributes>
         <usage_details>
         </usage_details>
      </memory_area>
      <memory_area display="yes" color="green">
         <name>RAMLS9</name>
         <page_id>0x0</page_id>
         <origin>0x16000</origin>
         <length>0x2000</length>
         <used_space>0x0</used_space>
         <unused_space>0x2000</unused_space>
         <attributes>RWIX</attributes>
         <usage_details>
         </usage_details>
      </memory_area>
      <memory_area display="yes" color="green">
         <name>FLASH_BANK0</name>
         <page_id>0x0</page_id>
         <origin>0x80000</origin>
         <length>0x20000</length>
         <used_space>0x0</used_space>
         <unused_space>0x20000</unused_space>
         <attributes>RWIX</attributes>
         <usage_details>
         </usage_details>
      </memory_area>
      <memory_area display="yes" color="green">
         <name>FLASH_BANK1</name>
         <page_id>0x0</page_id>
         <origin>0xa0000</origin>
         <length>0x20000</length>
         <used_space>0x0</used_space>
         <unused_space>0x20000</unused_space>
         <attributes>RWIX</attributes>
         <usage_details>
         </usage_details>
      </memory_area>
      <memory_area display="yes" color="green">
         <name>FLASH_BANK2</name>
         <page_id>0x0</page_id>
         <origin>0xc0000</origin>
         <length>0x20000</length>
         <used_space>0x0</used_space>
         <unused_space>0x20000</unused_space>
         <attributes>RWIX</attributes>
         <usage_details>
         </usage_details>
      </memory_area>
      <memory_area display="yes" color="green">
         <name>FLASH_BANK3</name>
         <page_id>0x0</page_id>
         <origin>0xe0000</origin>
         <length>0x20000</length>
         <used_space>0x0</used_space>
         <unused_space>0x20000</unused_space>
         <attributes>RWIX</attributes>
         <usage_details>
         </usage_details>
      </memory_area>
      <memory_area display="yes" color="green">
         <name>FLASH_BANK4</name>
         <page_id>0x0</page_id>
         <origin>0x100000</origin>
         <length>0x20000</length>
         <used_space>0x0</used_space>
         <unused_space>0x20000</unused_space>
         <attributes>RWIX</attributes>
         <usage_details>
         </usage_details>
      </memory_area>
      <memory_area display="no" color="green">
         <name>RESET</name>
         <page_id>0x0</page_id>
         <origin>0x3fffc0</origin>
         <length>0x2</length>
         <used_space>0x0</used_space>
         <unused_space>0x2</unused_space>
         <attributes>RWIX</attributes>
         <usage_details>
         </usage_details>
      </memory_area>
   </placement_map>
   <cptbl_list>
      <cptbl>
         <name>__TI_cinit_table</name>
         <cprec>
            <name>.data</name>
            <load_address>0x12c</load_address>
            <load_size>0x8</load_size>
            <run_address>0xa800</run_address>
            <run_size>0xa</run_size>
            <compression>lzss</compression>
         </cprec>
         <cprec>
            <name>.bss</name>
            <load_address>0x13a</load_address>
            <load_size>0x4</load_size>
            <run_address>0xa80a</run_address>
            <run_size>0x6</run_size>
            <compression>zero_init</compression>
         </cprec>
      </cptbl>
   </cptbl_list>
   <handler_table>
      <handler_table_name>__TI_handler_table</handler_table_name>
      <handler>
         <index>0x0</index>
         <name>__TI_zero_init</name>
      </handler>
      <handler>
         <index>0x1</index>
         <name>__TI_decompress_lzss</name>
      </handler>
      <handler>
         <index>0x2</index>
         <name>__TI_decompress_none</name>
      </handler>
   </handler_table>
   <symbol_table>
      <symbol id="sm-1">
         <name>__TI_CINIT_Base</name>
         <value>0x13e</value>
      </symbol>
      <symbol id="sm-2">
         <name>__TI_CINIT_Limit</name>
         <value>0x146</value>
      </symbol>
      <symbol id="sm-3">
         <name>__TI_CINIT_Warm</name>
         <value>0x146</value>
      </symbol>
      <symbol id="sm-4">
         <name>__TI_Handler_Table_Base</name>
         <value>0x134</value>
      </symbol>
      <symbol id="sm-5">
         <name>__TI_Handler_Table_Limit</name>
         <value>0x13a</value>
      </symbol>
      <symbol id="sm-6">
         <name>__TI_STACK_SIZE</name>
         <value>0x200</value>
      </symbol>
      <symbol id="sm-7">
         <name>__TI_STACK_END</name>
         <value>0x600</value>
      </symbol>
      <symbol id="sm-8">
         <name>__TI_pprof_out_hndl</name>
         <value>0xffffffff</value>
      </symbol>
      <symbol id="sm-9">
         <name>__TI_prof_data_start</name>
         <value>0xffffffff</value>
      </symbol>
      <symbol id="sm-a">
         <name>__TI_prof_data_size</name>
         <value>0xffffffff</value>
      </symbol>
      <symbol id="sm-9f">
         <name>INT_ECAP_ECHO_ISR</name>
         <value>0x8677</value>
         <object_component_ref idref="oc-25"/>
      </symbol>
      <symbol id="sm-a0">
         <name>obj</name>
         <value>0xa80a</value>
         <object_component_ref idref="oc-8b"/>
      </symbol>
      <symbol id="sm-a1">
         <name>main</name>
         <value>0x899c</value>
         <object_component_ref idref="oc-143"/>
      </symbol>
      <symbol id="sm-a2">
         <name>clk_no</name>
         <value>0xa80c</value>
         <object_component_ref idref="oc-8b"/>
      </symbol>
      <symbol id="sm-a3">
         <name>dist</name>
         <value>0xa80e</value>
         <object_component_ref idref="oc-8b"/>
      </symbol>
      <symbol id="sm-1b2">
         <name>INTERRUPT_init</name>
         <value>0x907e</value>
         <object_component_ref idref="oc-2b"/>
      </symbol>
      <symbol id="sm-1b3">
         <name>LED1_init</name>
         <value>0x8fb0</value>
         <object_component_ref idref="oc-26a"/>
      </symbol>
      <symbol id="sm-1b4">
         <name>LED2_init</name>
         <value>0x8fc4</value>
         <object_component_ref idref="oc-270"/>
      </symbol>
      <symbol id="sm-1b5">
         <name>PinMux_init</name>
         <value>0x904c</value>
         <object_component_ref idref="oc-1f7"/>
      </symbol>
      <symbol id="sm-1b6">
         <name>ECAP_init</name>
         <value>0x913b</value>
         <object_component_ref idref="oc-1fd"/>
      </symbol>
      <symbol id="sm-1b7">
         <name>Board_init</name>
         <value>0x90cb</value>
         <object_component_ref idref="oc-180"/>
      </symbol>
      <symbol id="sm-1b8">
         <name>ECAP_ECHO_init</name>
         <value>0x8520</value>
         <object_component_ref idref="oc-257"/>
      </symbol>
      <symbol id="sm-1b9">
         <name>GPIO_init</name>
         <value>0x9100</value>
         <object_component_ref idref="oc-203"/>
      </symbol>
      <symbol id="sm-1ba">
         <name>OUT_IR_init</name>
         <value>0x8fd8</value>
         <object_component_ref idref="oc-25e"/>
      </symbol>
      <symbol id="sm-1bb">
         <name>OUT_TRIG_init</name>
         <value>0x8fec</value>
         <object_component_ref idref="oc-264"/>
      </symbol>
      <symbol id="sm-1c8">
         <name>C2000Ware_libraries_init</name>
         <value>0x9140</value>
         <object_component_ref idref="oc-186"/>
      </symbol>
      <symbol id="sm-225">
         <name>Device_enableAllPeripherals</name>
         <value>0x830c</value>
         <object_component_ref idref="oc-1d0"/>
      </symbol>
      <symbol id="sm-226">
         <name>Device_initGPIO</name>
         <value>0x8da2</value>
         <object_component_ref idref="oc-174"/>
      </symbol>
      <symbol id="sm-227">
         <name>Device_init</name>
         <value>0x83e4</value>
         <object_component_ref idref="oc-16e"/>
      </symbol>
      <symbol id="sm-228">
         <name>__error__</name>
         <value>0x9130</value>
         <object_component_ref idref="oc-c1"/>
      </symbol>
      <symbol id="sm-237">
         <name>code_start</name>
         <value>0x0</value>
         <object_component_ref idref="oc-20"/>
      </symbol>
      <symbol id="sm-252">
         <name>ECAP_setEmulationMode</name>
         <value>0x8c82</value>
         <object_component_ref idref="oc-333"/>
      </symbol>
      <symbol id="sm-2ab">
         <name>GPIO_setQualificationMode</name>
         <value>0x892e</value>
         <object_component_ref idref="oc-35e"/>
      </symbol>
      <symbol id="sm-2ac">
         <name>GPIO_setPadConfig</name>
         <value>0x86d9</value>
         <object_component_ref idref="oc-358"/>
      </symbol>
      <symbol id="sm-2ad">
         <name>GPIO_setAnalogMode</name>
         <value>0x8221</value>
         <object_component_ref idref="oc-1e8"/>
      </symbol>
      <symbol id="sm-2ae">
         <name>GPIO_setDirectionMode</name>
         <value>0x89d1</value>
         <object_component_ref idref="oc-364"/>
      </symbol>
      <symbol id="sm-2af">
         <name>GPIO_setPinConfig</name>
         <value>0x88f7</value>
         <object_component_ref idref="oc-250"/>
      </symbol>
      <symbol id="sm-2b0">
         <name>GPIO_setControllerCore</name>
         <value>0x88c0</value>
         <object_component_ref idref="oc-36a"/>
      </symbol>
      <symbol id="sm-2ff">
         <name>Interrupt_defaultHandler</name>
         <value>0x8e61</value>
         <object_component_ref idref="oc-31"/>
      </symbol>
      <symbol id="sm-300">
         <name>Interrupt_initModule</name>
         <value>0x8883</value>
         <object_component_ref idref="oc-17a"/>
      </symbol>
      <symbol id="sm-301">
         <name>Interrupt_nmiHandler</name>
         <value>0x90f6</value>
         <object_component_ref idref="oc-43"/>
      </symbol>
      <symbol id="sm-302">
         <name>Interrupt_enable</name>
         <value>0x8965</value>
         <object_component_ref idref="oc-96"/>
      </symbol>
      <symbol id="sm-303">
         <name>Interrupt_initVectorTable</name>
         <value>0x8cbe</value>
         <object_component_ref idref="oc-34"/>
      </symbol>
      <symbol id="sm-304">
         <name>Interrupt_illegalOperationHandler</name>
         <value>0x90ec</value>
         <object_component_ref idref="oc-3d"/>
      </symbol>
      <symbol id="sm-336">
         <name>PGA_setOffsetTrimNMOS</name>
         <value>0x8842</value>
         <object_component_ref idref="oc-1d6"/>
      </symbol>
      <symbol id="sm-337">
         <name>PGA_setOffsetTrimPMOS</name>
         <value>0x87b6</value>
         <object_component_ref idref="oc-1dc"/>
      </symbol>
      <symbol id="sm-449">
         <name>SysCtl_isPLLValid</name>
         <value>0x8123</value>
         <object_component_ref idref="oc-22e"/>
      </symbol>
      <symbol id="sm-44a">
         <name>SysCtl_delay</name>
         <value>0x128</value>
         <object_component_ref idref="oc-72"/>
      </symbol>
      <symbol id="sm-44b">
         <name>SysCtl_selectXTALSingleEnded</name>
         <value>0x8b55</value>
         <object_component_ref idref="oc-283"/>
      </symbol>
      <symbol id="sm-44c">
         <name>SysCtl_selectXTAL</name>
         <value>0x872b</value>
         <object_component_ref idref="oc-27d"/>
      </symbol>
      <symbol id="sm-44d">
         <name>SysCtl_selectOscSource</name>
         <value>0x8800</value>
         <object_component_ref idref="oc-222"/>
      </symbol>
      <symbol id="sm-44e">
         <name>SysCtl_getLowSpeedClock</name>
         <value>0x8dbc</value>
         <object_component_ref idref="oc-1c4"/>
      </symbol>
      <symbol id="sm-44f">
         <name>SysCtl_setClock</name>
         <value>0x8000</value>
         <object_component_ref idref="oc-1b1"/>
      </symbol>
      <symbol id="sm-450">
         <name>SysCtl_getClock</name>
         <value>0x8612</value>
         <object_component_ref idref="oc-1bd"/>
      </symbol>
      <symbol id="sm-45a">
         <name>_c_int00</name>
         <value>0x8e34</value>
         <object_component_ref idref="oc-b4"/>
      </symbol>
      <symbol id="sm-45b">
         <name>__stack</name>
         <value>0x400</value>
         <object_component_ref idref="oc-49"/>
      </symbol>
      <symbol id="sm-468">
         <name>__c28xabi_divf</name>
         <value>0x8498</value>
         <object_component_ref idref="oc-28b"/>
      </symbol>
      <symbol id="sm-475">
         <name>_system_pre_init</name>
         <value>0x913e</value>
         <object_component_ref idref="oc-f4"/>
      </symbol>
      <symbol id="sm-484">
         <name>__TI_auto_init_nobinit_nopinit</name>
         <value>0x8a8d</value>
         <object_component_ref idref="oc-113"/>
      </symbol>
      <symbol id="sm-493">
         <name>__TI_zero_init_nomemset</name>
         <value>0x90b2</value>
         <object_component_ref idref="oc-54"/>
      </symbol>
      <symbol id="sm-4a0">
         <name>__TI_decompress_none</name>
         <value>0x9112</value>
         <object_component_ref idref="oc-19"/>
      </symbol>
      <symbol id="sm-4b4">
         <name>__TI_decompress_lzss</name>
         <value>0x8a32</value>
         <object_component_ref idref="oc-13"/>
      </symbol>
      <symbol id="sm-4ca">
         <name>C$$EXIT</name>
         <value>0x8ab8</value>
         <object_component_ref idref="oc-101"/>
      </symbol>
      <symbol id="sm-4cb">
         <name>abort</name>
         <value>0x8ab8</value>
         <object_component_ref idref="oc-101"/>
      </symbol>
      <symbol id="sm-4cc">
         <name>exit</name>
         <value>0x8aba</value>
         <object_component_ref idref="oc-101"/>
      </symbol>
      <symbol id="sm-4cd">
         <name>__TI_dtors_ptr</name>
         <value>0xa804</value>
         <object_component_ref idref="oc-14b"/>
      </symbol>
      <symbol id="sm-4ce">
         <name>__TI_cleanup_ptr</name>
         <value>0xa802</value>
         <object_component_ref idref="oc-14b"/>
      </symbol>
      <symbol id="sm-4cf">
         <name>__TI_enable_exit_profile_output</name>
         <value>0xa800</value>
         <object_component_ref idref="oc-14b"/>
      </symbol>
      <symbol id="sm-4e6">
         <name>_nop</name>
         <value>0x9111</value>
         <object_component_ref idref="oc-198"/>
      </symbol>
      <symbol id="sm-4e7">
         <name>_lock</name>
         <value>0xa806</value>
         <object_component_ref idref="oc-14e"/>
      </symbol>
      <symbol id="sm-4e8">
         <name>_unlock</name>
         <value>0xa808</value>
         <object_component_ref idref="oc-20d"/>
      </symbol>
      <symbol id="sm-4e9">
         <name>_register_lock</name>
         <value>0x910d</value>
         <object_component_ref idref="oc-198"/>
      </symbol>
      <symbol id="sm-4ea">
         <name>_register_unlock</name>
         <value>0x9109</value>
         <object_component_ref idref="oc-198"/>
      </symbol>
      <symbol id="sm-4f9">
         <name>_args_main</name>
         <value>0x90bf</value>
         <object_component_ref idref="oc-fb"/>
      </symbol>
      <symbol id="sm-50d">
         <name>memcpy</name>
         <value>0x8d16</value>
         <object_component_ref idref="oc-4c"/>
      </symbol>
      <symbol id="sm-51a">
         <name>_system_post_cinit</name>
         <value>0x9141</value>
         <object_component_ref idref="oc-159"/>
      </symbol>
      <symbol id="sm-51c">
         <name>__c_args__</name>
         <value>0x0</value>
      </symbol>
   </symbol_table>
   <title>Link successful</title>
</link_info>
