<?xml version="1.0" encoding="ISO-8859-1" ?>
<link_info>
   <banner>TMS320C2000 Linker PC v22.6.1.LTS</banner>
   <copyright>Copyright (c) 1996-2018 Texas Instruments Incorporated</copyright>
   <link_time>0x6674471f</link_time>
   <link_errors>0x0</link_errors>
   <output_file>ir_ultra_stepper_uart.out</output_file>
   <entry_point>
      <name>code_start</name>
      <address>0x0</address>
   </entry_point>
   <input_file_list>
      <input_file id="fl-2">
         <path>.\</path>
         <kind>object</kind>
         <file>Ir_sensor.obj</file>
         <name>Ir_sensor.obj</name>
      </input_file>
      <input_file id="fl-3">
         <path>.\syscfg\</path>
         <kind>object</kind>
         <file>board.obj</file>
         <name>board.obj</name>
      </input_file>
      <input_file id="fl-4">
         <path>.\syscfg\</path>
         <kind>object</kind>
         <file>c2000ware_libraries.obj</file>
         <name>c2000ware_libraries.obj</name>
      </input_file>
      <input_file id="fl-5">
         <path>.\device\</path>
         <kind>object</kind>
         <file>device.obj</file>
         <name>device.obj</name>
      </input_file>
      <input_file id="fl-6">
         <path>.\device\</path>
         <kind>object</kind>
         <file>f28p55x_codestartbranch.obj</file>
         <name>f28p55x_codestartbranch.obj</name>
      </input_file>
      <input_file id="fl-c">
         <kind>object</kind>
         <file>&lt;internal&gt;</file>
         <name>&lt;internal&gt;</name>
      </input_file>
      <input_file id="fl-d">
         <path>C:\ti\c2000\C2000Ware_5_02_00_00\driverlib\f28p55x\driverlib\ccs\Debug\</path>
         <kind>archive</kind>
         <file>driverlib.lib</file>
         <name>dcc.obj</name>
      </input_file>
      <input_file id="fl-e">
         <path>C:\ti\c2000\C2000Ware_5_02_00_00\driverlib\f28p55x\driverlib\ccs\Debug\</path>
         <kind>archive</kind>
         <file>driverlib.lib</file>
         <name>ecap.obj</name>
      </input_file>
      <input_file id="fl-f">
         <path>C:\ti\c2000\C2000Ware_5_02_00_00\driverlib\f28p55x\driverlib\ccs\Debug\</path>
         <kind>archive</kind>
         <file>driverlib.lib</file>
         <name>gpio.obj</name>
      </input_file>
      <input_file id="fl-10">
         <path>C:\ti\c2000\C2000Ware_5_02_00_00\driverlib\f28p55x\driverlib\ccs\Debug\</path>
         <kind>archive</kind>
         <file>driverlib.lib</file>
         <name>interrupt.obj</name>
      </input_file>
      <input_file id="fl-11">
         <path>C:\ti\c2000\C2000Ware_5_02_00_00\driverlib\f28p55x\driverlib\ccs\Debug\</path>
         <kind>archive</kind>
         <file>driverlib.lib</file>
         <name>pga.obj</name>
      </input_file>
      <input_file id="fl-12">
         <path>C:\ti\c2000\C2000Ware_5_02_00_00\driverlib\f28p55x\driverlib\ccs\Debug\</path>
         <kind>archive</kind>
         <file>driverlib.lib</file>
         <name>sci.obj</name>
      </input_file>
      <input_file id="fl-13">
         <path>C:\ti\c2000\C2000Ware_5_02_00_00\driverlib\f28p55x\driverlib\ccs\Debug\</path>
         <kind>archive</kind>
         <file>driverlib.lib</file>
         <name>sysctl.obj</name>
      </input_file>
      <input_file id="fl-1f">
         <path>C:\ti\ccs1271\ccs\tools\compiler\ti-cgt-c2000_22.6.1.LTS\lib\</path>
         <kind>archive</kind>
         <file>rts2800_fpu32_eabi.lib</file>
         <name>boot28.asm.obj</name>
      </input_file>
      <input_file id="fl-20">
         <path>C:\ti\ccs1271\ccs\tools\compiler\ti-cgt-c2000_22.6.1.LTS\lib\</path>
         <kind>archive</kind>
         <file>rts2800_fpu32_eabi.lib</file>
         <name>fs_div28.asm.obj</name>
      </input_file>
      <input_file id="fl-21">
         <path>C:\ti\ccs1271\ccs\tools\compiler\ti-cgt-c2000_22.6.1.LTS\lib\</path>
         <kind>archive</kind>
         <file>rts2800_fpu32_eabi.lib</file>
         <name>i_div28.asm.obj</name>
      </input_file>
      <input_file id="fl-22">
         <path>C:\ti\ccs1271\ccs\tools\compiler\ti-cgt-c2000_22.6.1.LTS\lib\</path>
         <kind>archive</kind>
         <file>rts2800_fpu32_eabi.lib</file>
         <name>pre_init.c.obj</name>
      </input_file>
      <input_file id="fl-23">
         <path>C:\ti\ccs1271\ccs\tools\compiler\ti-cgt-c2000_22.6.1.LTS\lib\</path>
         <kind>archive</kind>
         <file>rts2800_fpu32_eabi.lib</file>
         <name>autoinit.c.obj</name>
      </input_file>
      <input_file id="fl-24">
         <path>C:\ti\ccs1271\ccs\tools\compiler\ti-cgt-c2000_22.6.1.LTS\lib\</path>
         <kind>archive</kind>
         <file>rts2800_fpu32_eabi.lib</file>
         <name>copy_zero_init.c.obj</name>
      </input_file>
      <input_file id="fl-25">
         <path>C:\ti\ccs1271\ccs\tools\compiler\ti-cgt-c2000_22.6.1.LTS\lib\</path>
         <kind>archive</kind>
         <file>rts2800_fpu32_eabi.lib</file>
         <name>copy_decompress_none.c.obj</name>
      </input_file>
      <input_file id="fl-26">
         <path>C:\ti\ccs1271\ccs\tools\compiler\ti-cgt-c2000_22.6.1.LTS\lib\</path>
         <kind>archive</kind>
         <file>rts2800_fpu32_eabi.lib</file>
         <name>copy_decompress_lzss.c.obj</name>
      </input_file>
      <input_file id="fl-27">
         <path>C:\ti\ccs1271\ccs\tools\compiler\ti-cgt-c2000_22.6.1.LTS\lib\</path>
         <kind>archive</kind>
         <file>rts2800_fpu32_eabi.lib</file>
         <name>exit.c.obj</name>
      </input_file>
      <input_file id="fl-28">
         <path>C:\ti\ccs1271\ccs\tools\compiler\ti-cgt-c2000_22.6.1.LTS\lib\</path>
         <kind>archive</kind>
         <file>rts2800_fpu32_eabi.lib</file>
         <name>_lock.c.obj</name>
      </input_file>
      <input_file id="fl-29">
         <path>C:\ti\ccs1271\ccs\tools\compiler\ti-cgt-c2000_22.6.1.LTS\lib\</path>
         <kind>archive</kind>
         <file>rts2800_fpu32_eabi.lib</file>
         <name>args_main.c.obj</name>
      </input_file>
      <input_file id="fl-2a">
         <path>C:\ti\ccs1271\ccs\tools\compiler\ti-cgt-c2000_22.6.1.LTS\lib\</path>
         <kind>archive</kind>
         <file>rts2800_fpu32_eabi.lib</file>
         <name>memset.c.obj</name>
      </input_file>
      <input_file id="fl-2b">
         <path>C:\ti\ccs1271\ccs\tools\compiler\ti-cgt-c2000_22.6.1.LTS\lib\</path>
         <kind>archive</kind>
         <file>rts2800_fpu32_eabi.lib</file>
         <name>strlen.c.obj</name>
      </input_file>
      <input_file id="fl-2c">
         <path>C:\ti\ccs1271\ccs\tools\compiler\ti-cgt-c2000_22.6.1.LTS\lib\</path>
         <kind>archive</kind>
         <file>rts2800_fpu32_eabi.lib</file>
         <name>cpy_tbl.c.obj</name>
      </input_file>
      <input_file id="fl-2d">
         <path>C:\ti\ccs1271\ccs\tools\compiler\ti-cgt-c2000_22.6.1.LTS\lib\</path>
         <kind>archive</kind>
         <file>rts2800_fpu32_eabi.lib</file>
         <name>memcpy.c.obj</name>
      </input_file>
      <input_file id="fl-2e">
         <path>C:\ti\ccs1271\ccs\tools\compiler\ti-cgt-c2000_22.6.1.LTS\lib\</path>
         <kind>archive</kind>
         <file>rts2800_fpu32_eabi.lib</file>
         <name>startup.c.obj</name>
      </input_file>
   </input_file_list>
   <object_component_list>
      <object_component id="oc-20">
         <name>codestart</name>
         <load_address>0x0</load_address>
         <run_address>0x0</run_address>
         <size>0x2</size>
         <input_file_ref idref="fl-6"/>
      </object_component>
      <object_component id="oc-235">
         <name>.text:EPWM_init</name>
         <load_address>0x8000</load_address>
         <run_address>0x8000</run_address>
         <size>0x155</size>
         <input_file_ref idref="fl-3"/>
      </object_component>
      <object_component id="oc-1dd">
         <name>.text:SysCtl_setClock</name>
         <load_address>0x8155</load_address>
         <run_address>0x8155</run_address>
         <size>0x123</size>
         <input_file_ref idref="fl-13"/>
      </object_component>
      <object_component id="oc-28f">
         <name>.text:SysCtl_isPLLValid</name>
         <load_address>0x8278</load_address>
         <run_address>0x8278</run_address>
         <size>0xfe</size>
         <input_file_ref idref="fl-13"/>
      </object_component>
      <object_component id="oc-214">
         <name>.text:GPIO_setAnalogMode</name>
         <load_address>0x8376</load_address>
         <run_address>0x8376</run_address>
         <size>0xeb</size>
         <input_file_ref idref="fl-f"/>
      </object_component>
      <object_component id="oc-1fc">
         <name>.text:Device_enableAllPeripherals</name>
         <load_address>0x8461</load_address>
         <run_address>0x8461</run_address>
         <size>0xd8</size>
         <input_file_ref idref="fl-5"/>
      </object_component>
      <object_component id="oc-25">
         <name>.text:INT_ECAP_ECHO_ISR</name>
         <load_address>0x8539</load_address>
         <run_address>0x8539</run_address>
         <size>0xce</size>
         <input_file_ref idref="fl-2"/>
      </object_component>
      <object_component id="oc-17c">
         <name>.text:Device_init</name>
         <load_address>0x8607</load_address>
         <run_address>0x8607</run_address>
         <size>0xb4</size>
         <input_file_ref idref="fl-5"/>
      </object_component>
      <object_component id="oc-380">
         <name>.text</name>
         <load_address>0x86bb</load_address>
         <run_address>0x86bb</run_address>
         <size>0x88</size>
         <input_file_ref idref="fl-20"/>
      </object_component>
      <object_component id="oc-2d1">
         <name>.text:ECAP_ECHO_init</name>
         <load_address>0x8743</load_address>
         <run_address>0x8743</run_address>
         <size>0x7f</size>
         <input_file_ref idref="fl-3"/>
      </object_component>
      <object_component id="oc-302">
         <name>.text:EPWM_setCounterCompareShadowLoadMode</name>
         <load_address>0x87c2</load_address>
         <run_address>0x87c2</run_address>
         <size>0x3e</size>
         <input_file_ref idref="fl-3"/>
      </object_component>
      <object_component id="oc-3b5">
         <name>.text:DCC_setCounterSeeds</name>
         <load_address>0x8800</load_address>
         <run_address>0x8800</run_address>
         <size>0x73</size>
         <input_file_ref idref="fl-13"/>
      </object_component>
      <object_component id="oc-151">
         <name>.text:main</name>
         <load_address>0x8873</load_address>
         <run_address>0x8873</run_address>
         <size>0x71</size>
         <input_file_ref idref="fl-2"/>
      </object_component>
      <object_component id="oc-223">
         <name>.text:PinMux_init</name>
         <load_address>0x88e4</load_address>
         <run_address>0x88e4</run_address>
         <size>0x6b</size>
         <input_file_ref idref="fl-3"/>
      </object_component>
      <object_component id="oc-267">
         <name>.text:print_integer</name>
         <load_address>0x894f</load_address>
         <run_address>0x894f</run_address>
         <size>0x69</size>
         <input_file_ref idref="fl-2"/>
      </object_component>
      <object_component id="oc-1e9">
         <name>.text:SysCtl_getClock</name>
         <load_address>0x89b8</load_address>
         <run_address>0x89b8</run_address>
         <size>0x65</size>
         <input_file_ref idref="fl-13"/>
      </object_component>
      <object_component id="oc-1b8">
         <name>.text:process_command</name>
         <load_address>0x8a1d</load_address>
         <run_address>0x8a1d</run_address>
         <size>0x64</size>
         <input_file_ref idref="fl-2"/>
      </object_component>
      <object_component id="oc-2b7">
         <name>.text:GPIO_setPadConfig</name>
         <load_address>0x8a81</load_address>
         <run_address>0x8a81</run_address>
         <size>0x52</size>
         <input_file_ref idref="fl-f"/>
      </object_component>
      <object_component id="oc-372">
         <name>.text:SysCtl_selectXTAL</name>
         <load_address>0x8ad3</load_address>
         <run_address>0x8ad3</run_address>
         <size>0x46</size>
         <input_file_ref idref="fl-13"/>
      </object_component>
      <object_component id="oc-47b">
         <name>.text:SCI_clearInterruptStatus</name>
         <load_address>0x8b19</load_address>
         <run_address>0x8b19</run_address>
         <size>0x45</size>
         <input_file_ref idref="fl-12"/>
      </object_component>
      <object_component id="oc-4c9">
         <name>.text:SysCtl_pollX1Counter</name>
         <load_address>0x8b5e</load_address>
         <run_address>0x8b5e</run_address>
         <size>0x45</size>
         <input_file_ref idref="fl-13"/>
      </object_component>
      <object_component id="oc-208">
         <name>.text:PGA_setOffsetTrimPMOS</name>
         <load_address>0x8ba3</load_address>
         <run_address>0x8ba3</run_address>
         <size>0x44</size>
         <input_file_ref idref="fl-11"/>
      </object_component>
      <object_component id="oc-283">
         <name>.text:SysCtl_selectOscSource</name>
         <load_address>0x8be7</load_address>
         <run_address>0x8be7</run_address>
         <size>0x42</size>
         <input_file_ref idref="fl-13"/>
      </object_component>
      <object_component id="oc-202">
         <name>.text:PGA_setOffsetTrimNMOS</name>
         <load_address>0x8c29</load_address>
         <run_address>0x8c29</run_address>
         <size>0x41</size>
         <input_file_ref idref="fl-11"/>
      </object_component>
      <object_component id="oc-252">
         <name>.text:SCI_writeCharArray</name>
         <load_address>0x8c6a</load_address>
         <run_address>0x8c6a</run_address>
         <size>0x41</size>
         <input_file_ref idref="fl-12"/>
      </object_component>
      <object_component id="oc-308">
         <name>.text:EPWM_setActionQualifierAction</name>
         <load_address>0x8cab</load_address>
         <run_address>0x8cab</run_address>
         <size>0x40</size>
         <input_file_ref idref="fl-3"/>
      </object_component>
      <object_component id="oc-499">
         <name>.text:SCI_setConfig</name>
         <load_address>0x8ceb</load_address>
         <run_address>0x8ceb</run_address>
         <size>0x3e</size>
         <input_file_ref idref="fl-12"/>
      </object_component>
      <object_component id="oc-188">
         <name>.text:Interrupt_initModule</name>
         <load_address>0x8d29</load_address>
         <run_address>0x8d29</run_address>
         <size>0x3d</size>
         <input_file_ref idref="fl-10"/>
      </object_component>
      <object_component id="oc-340">
         <name>.text:mySCIA_init</name>
         <load_address>0x8d66</load_address>
         <run_address>0x8d66</run_address>
         <size>0x3d</size>
         <input_file_ref idref="fl-3"/>
      </object_component>
      <object_component id="oc-d5">
         <name>.text:EPWM_isBaseValid</name>
         <load_address>0x8da3</load_address>
         <run_address>0x8da3</run_address>
         <size>0x3b</size>
         <input_file_ref idref="fl-2"/>
      </object_component>
      <object_component id="oc-457">
         <name>.text:EPWM_isBaseValid</name>
         <load_address>0x8dde</load_address>
         <run_address>0x8dde</run_address>
         <size>0x3b</size>
         <input_file_ref idref="fl-3"/>
      </object_component>
      <object_component id="oc-471">
         <name>.text:GPIO_setControllerCore</name>
         <load_address>0x8e19</load_address>
         <run_address>0x8e19</run_address>
         <size>0x37</size>
         <input_file_ref idref="fl-f"/>
      </object_component>
      <object_component id="oc-2b1">
         <name>.text:GPIO_setPinConfig</name>
         <load_address>0x8e50</load_address>
         <run_address>0x8e50</run_address>
         <size>0x37</size>
         <input_file_ref idref="fl-f"/>
      </object_component>
      <object_component id="oc-2bd">
         <name>.text:GPIO_setQualificationMode</name>
         <load_address>0x8e87</load_address>
         <run_address>0x8e87</run_address>
         <size>0x37</size>
         <input_file_ref idref="fl-f"/>
      </object_component>
      <object_component id="oc-9c">
         <name>.text:Interrupt_enable</name>
         <load_address>0x8ebe</load_address>
         <run_address>0x8ebe</run_address>
         <size>0x37</size>
         <input_file_ref idref="fl-10"/>
      </object_component>
      <object_component id="oc-46b">
         <name>.text:GPIO_setDirectionMode</name>
         <load_address>0x8ef5</load_address>
         <run_address>0x8ef5</run_address>
         <size>0x31</size>
         <input_file_ref idref="fl-f"/>
      </object_component>
      <object_component id="oc-6c">
         <name>.text:ECAP_getEventTimeStamp</name>
         <load_address>0x8f26</load_address>
         <run_address>0x8f26</run_address>
         <size>0x30</size>
         <input_file_ref idref="fl-2"/>
      </object_component>
      <object_component id="oc-13">
         <name>.text:decompress:lzss</name>
         <load_address>0x8f56</load_address>
         <run_address>0x8f56</run_address>
         <size>0x30</size>
         <input_file_ref idref="fl-26"/>
      </object_component>
      <object_component id="oc-3fc">
         <name>.text:ECAP_setCaptureMode</name>
         <load_address>0x8f86</load_address>
         <run_address>0x8f86</run_address>
         <size>0x2b</size>
         <input_file_ref idref="fl-3"/>
      </object_component>
      <object_component id="oc-121">
         <name>.text:__TI_auto_init_nobinit_nopinit</name>
         <load_address>0x8fb1</load_address>
         <run_address>0x8fb1</run_address>
         <size>0x2b</size>
         <input_file_ref idref="fl-23"/>
      </object_component>
      <object_component id="oc-3bb">
         <name>.text:DCC_enableSingleShotMode</name>
         <load_address>0x8fdc</load_address>
         <run_address>0x8fdc</run_address>
         <size>0x24</size>
         <input_file_ref idref="fl-13"/>
      </object_component>
      <object_component id="oc-10e">
         <name>.text</name>
         <load_address>0x9000</load_address>
         <run_address>0x9000</run_address>
         <size>0x29</size>
         <input_file_ref idref="fl-27"/>
      </object_component>
      <object_component id="oc-402">
         <name>.text:ECAP_setEventPrescaler</name>
         <load_address>0x9029</load_address>
         <run_address>0x9029</run_address>
         <size>0x28</size>
         <input_file_ref idref="fl-3"/>
      </object_component>
      <object_component id="oc-66">
         <name>.text:GPIO_writePin</name>
         <load_address>0x9051</load_address>
         <run_address>0x9051</run_address>
         <size>0x27</size>
         <input_file_ref idref="fl-2"/>
      </object_component>
      <object_component id="oc-4ab">
         <name>.text:SCI_setFIFOInterruptLevel</name>
         <load_address>0x9078</load_address>
         <run_address>0x9078</run_address>
         <size>0x26</size>
         <input_file_ref idref="fl-3"/>
      </object_component>
      <object_component id="oc-408">
         <name>.text:ECAP_setEventPolarity</name>
         <load_address>0x909e</load_address>
         <run_address>0x909e</run_address>
         <size>0x25</size>
         <input_file_ref idref="fl-3"/>
      </object_component>
      <object_component id="oc-378">
         <name>.text:SysCtl_selectXTALSingleEnded</name>
         <load_address>0x90c3</load_address>
         <run_address>0x90c3</run_address>
         <size>0x25</size>
         <input_file_ref idref="fl-13"/>
      </object_component>
      <object_component id="oc-c0">
         <name>.text:GPIO_isPinValid</name>
         <load_address>0x90e8</load_address>
         <run_address>0x90e8</run_address>
         <size>0x23</size>
         <input_file_ref idref="fl-2"/>
      </object_component>
      <object_component id="oc-3d4">
         <name>.text:GPIO_isPinValid</name>
         <load_address>0x910b</load_address>
         <run_address>0x910b</run_address>
         <size>0x23</size>
         <input_file_ref idref="fl-f"/>
      </object_component>
      <object_component id="oc-19a">
         <name>.text:GPIO_readPin</name>
         <load_address>0x912e</load_address>
         <run_address>0x912e</run_address>
         <size>0x23</size>
         <input_file_ref idref="fl-2"/>
      </object_component>
      <object_component id="oc-2fc">
         <name>.text:EPWM_setCounterCompareValue</name>
         <load_address>0x9151</load_address>
         <run_address>0x9151</run_address>
         <size>0x22</size>
         <input_file_ref idref="fl-3"/>
      </object_component>
      <object_component id="oc-369">
         <name>.text</name>
         <load_address>0x9173</load_address>
         <run_address>0x9173</run_address>
         <size>0x22</size>
         <input_file_ref idref="fl-21"/>
      </object_component>
      <object_component id="oc-3de">
         <name>.text:ECAP_disableInterrupt</name>
         <load_address>0x9195</load_address>
         <run_address>0x9195</run_address>
         <size>0x20</size>
         <input_file_ref idref="fl-3"/>
      </object_component>
      <object_component id="oc-353">
         <name>.text:SCI_isFIFOEnabled</name>
         <load_address>0x91b5</load_address>
         <run_address>0x91b5</run_address>
         <size>0x20</size>
         <input_file_ref idref="fl-12"/>
      </object_component>
      <object_component id="oc-450">
         <name>.text:ECAP_enableInterrupt</name>
         <load_address>0x91d5</load_address>
         <run_address>0x91d5</run_address>
         <size>0x1f</size>
         <input_file_ref idref="fl-3"/>
      </object_component>
      <object_component id="oc-31a">
         <name>.text:EPWM_setFallingEdgeDelayCountShadowLoadMode</name>
         <load_address>0x91f4</load_address>
         <run_address>0x91f4</run_address>
         <size>0x1f</size>
         <input_file_ref idref="fl-3"/>
      </object_component>
      <object_component id="oc-30e">
         <name>.text:EPWM_setRisingEdgeDelayCountShadowLoadMode</name>
         <load_address>0x9213</load_address>
         <run_address>0x9213</run_address>
         <size>0x1f</size>
         <input_file_ref idref="fl-3"/>
      </object_component>
      <object_component id="oc-3a9">
         <name>.text:DCC_setCounter0ClkSource</name>
         <load_address>0x9232</load_address>
         <run_address>0x9232</run_address>
         <size>0x1e</size>
         <input_file_ref idref="fl-13"/>
      </object_component>
      <object_component id="oc-3af">
         <name>.text:DCC_setCounter1ClkSource</name>
         <load_address>0x9250</load_address>
         <run_address>0x9250</run_address>
         <size>0x1e</size>
         <input_file_ref idref="fl-13"/>
      </object_component>
      <object_component id="oc-432">
         <name>.text:ECAP_setEmulationMode</name>
         <load_address>0x926e</load_address>
         <run_address>0x926e</run_address>
         <size>0x1e</size>
         <input_file_ref idref="fl-e"/>
      </object_component>
      <object_component id="oc-438">
         <name>.text:ECAP_setSyncInPulseSource</name>
         <load_address>0x928c</load_address>
         <run_address>0x928c</run_address>
         <size>0x1e</size>
         <input_file_ref idref="fl-3"/>
      </object_component>
      <object_component id="oc-2f6">
         <name>.text:EPWM_setPhaseShift</name>
         <load_address>0x92aa</load_address>
         <run_address>0x92aa</run_address>
         <size>0x1e</size>
         <input_file_ref idref="fl-3"/>
      </object_component>
      <object_component id="oc-32">
         <name>.text:Interrupt_initVectorTable</name>
         <load_address>0x92c8</load_address>
         <run_address>0x92c8</run_address>
         <size>0x1e</size>
         <input_file_ref idref="fl-10"/>
      </object_component>
      <object_component id="oc-1ac">
         <name>.text:SCI_readCharBlockingFIFO</name>
         <load_address>0x92e6</load_address>
         <run_address>0x92e6</run_address>
         <size>0x1e</size>
         <input_file_ref idref="fl-2"/>
      </object_component>
      <object_component id="oc-79">
         <name>.text:ECAP_clearInterrupt</name>
         <load_address>0x9304</load_address>
         <run_address>0x9304</run_address>
         <size>0x1d</size>
         <input_file_ref idref="fl-2"/>
      </object_component>
      <object_component id="oc-3e4">
         <name>.text:ECAP_clearInterrupt</name>
         <load_address>0x9321</load_address>
         <run_address>0x9321</run_address>
         <size>0x1d</size>
         <input_file_ref idref="fl-3"/>
      </object_component>
      <object_component id="oc-4b1">
         <name>.text:SCI_enableFIFO</name>
         <load_address>0x933e</load_address>
         <run_address>0x933e</run_address>
         <size>0x1d</size>
         <input_file_ref idref="fl-3"/>
      </object_component>
      <object_component id="oc-4c">
         <name>.text</name>
         <load_address>0x935b</load_address>
         <run_address>0x935b</run_address>
         <size>0x1d</size>
         <input_file_ref idref="fl-2d"/>
      </object_component>
      <object_component id="oc-414">
         <name>.text:ECAP_disableCounterResetOnEvent</name>
         <load_address>0x9378</load_address>
         <run_address>0x9378</run_address>
         <size>0x1c</size>
         <input_file_ref idref="fl-3"/>
      </object_component>
      <object_component id="oc-41a">
         <name>.text:ECAP_selectECAPInput</name>
         <load_address>0x9394</load_address>
         <run_address>0x9394</run_address>
         <size>0x1c</size>
         <input_file_ref idref="fl-3"/>
      </object_component>
      <object_component id="oc-42c">
         <name>.text:ECAP_setSyncOutMode</name>
         <load_address>0x93b0</load_address>
         <run_address>0x93b0</run_address>
         <size>0x1c</size>
         <input_file_ref idref="fl-3"/>
      </object_component>
      <object_component id="oc-73">
         <name>.text:EPWM_setClockPrescaler</name>
         <load_address>0x93cc</load_address>
         <run_address>0x93cc</run_address>
         <size>0x1c</size>
         <input_file_ref idref="fl-2"/>
      </object_component>
      <object_component id="oc-2d8">
         <name>.text:EPWM_setClockPrescaler</name>
         <load_address>0x93e8</load_address>
         <run_address>0x93e8</run_address>
         <size>0x1c</size>
         <input_file_ref idref="fl-3"/>
      </object_component>
      <object_component id="oc-40e">
         <name>.text:ECAP_enableCounterResetOnEvent</name>
         <load_address>0x9404</load_address>
         <run_address>0x9404</run_address>
         <size>0x1b</size>
         <input_file_ref idref="fl-3"/>
      </object_component>
      <object_component id="oc-182">
         <name>.text:Device_initGPIO</name>
         <load_address>0x941f</load_address>
         <run_address>0x941f</run_address>
         <size>0x1a</size>
         <input_file_ref idref="fl-5"/>
      </object_component>
      <object_component id="oc-35f">
         <name>.text:SCI_isSpaceAvailableNonFIFO</name>
         <load_address>0x9439</load_address>
         <run_address>0x9439</run_address>
         <size>0x1a</size>
         <input_file_ref idref="fl-12"/>
      </object_component>
      <object_component id="oc-1f0">
         <name>.text:SysCtl_getLowSpeedClock</name>
         <load_address>0x9453</load_address>
         <run_address>0x9453</run_address>
         <size>0x1a</size>
         <input_file_ref idref="fl-13"/>
      </object_component>
      <object_component id="oc-289">
         <name>.text:SysCtl_setPLLSysClk</name>
         <load_address>0x946d</load_address>
         <run_address>0x946d</run_address>
         <size>0x19</size>
         <input_file_ref idref="fl-13"/>
      </object_component>
      <object_component id="oc-320">
         <name>.text:EPWM_disableFallingEdgeDelayCountShadowLoadMode</name>
         <load_address>0x9486</load_address>
         <run_address>0x9486</run_address>
         <size>0x18</size>
         <input_file_ref idref="fl-3"/>
      </object_component>
      <object_component id="oc-314">
         <name>.text:EPWM_disableRisingEdgeDelayCountShadowLoadMode</name>
         <load_address>0x949e</load_address>
         <run_address>0x949e</run_address>
         <size>0x18</size>
         <input_file_ref idref="fl-3"/>
      </object_component>
      <object_component id="oc-520">
         <name>.text:SCI_disableModule</name>
         <load_address>0x94b6</load_address>
         <run_address>0x94b6</run_address>
         <size>0x18</size>
         <input_file_ref idref="fl-12"/>
      </object_component>
      <object_component id="oc-4a5">
         <name>.text:SCI_performSoftwareReset</name>
         <load_address>0x94ce</load_address>
         <run_address>0x94ce</run_address>
         <size>0x18</size>
         <input_file_ref idref="fl-3"/>
      </object_component>
      <object_component id="oc-50f">
         <name>.text:SCI_performSoftwareReset</name>
         <load_address>0x94e6</load_address>
         <run_address>0x94e6</run_address>
         <size>0x18</size>
         <input_file_ref idref="fl-12"/>
      </object_component>
      <object_component id="oc-493">
         <name>.text:SCI_resetChannels</name>
         <load_address>0x94fe</load_address>
         <run_address>0x94fe</run_address>
         <size>0x18</size>
         <input_file_ref idref="fl-3"/>
      </object_component>
      <object_component id="oc-48d">
         <name>.text:SCI_resetRxFIFO</name>
         <load_address>0x9516</load_address>
         <run_address>0x9516</run_address>
         <size>0x18</size>
         <input_file_ref idref="fl-3"/>
      </object_component>
      <object_component id="oc-487">
         <name>.text:SCI_resetTxFIFO</name>
         <load_address>0x952e</load_address>
         <run_address>0x952e</run_address>
         <size>0x18</size>
         <input_file_ref idref="fl-3"/>
      </object_component>
      <object_component id="oc-2a2">
         <name>.text:PGA_isBaseValid</name>
         <load_address>0x9546</load_address>
         <run_address>0x9546</run_address>
         <size>0x17</size>
         <input_file_ref idref="fl-11"/>
      </object_component>
      <object_component id="oc-259">
         <name>.text:SCI_isBaseValid</name>
         <load_address>0x955d</load_address>
         <run_address>0x955d</run_address>
         <size>0x17</size>
         <input_file_ref idref="fl-2"/>
      </object_component>
      <object_component id="oc-516">
         <name>.text:SCI_isBaseValid</name>
         <load_address>0x9574</load_address>
         <run_address>0x9574</run_address>
         <size>0x17</size>
         <input_file_ref idref="fl-3"/>
      </object_component>
      <object_component id="oc-34c">
         <name>.text:SCI_isBaseValid</name>
         <load_address>0x958b</load_address>
         <run_address>0x958b</run_address>
         <size>0x17</size>
         <input_file_ref idref="fl-12"/>
      </object_component>
      <object_component id="oc-29b">
         <name>.text:SysCtl_enablePeripheral</name>
         <load_address>0x95a2</load_address>
         <run_address>0x95a2</run_address>
         <size>0x17</size>
         <input_file_ref idref="fl-5"/>
      </object_component>
      <object_component id="oc-385">
         <name>.text:SysCtl_enablePeripheral</name>
         <load_address>0x95b9</load_address>
         <run_address>0x95b9</run_address>
         <size>0x17</size>
         <input_file_ref idref="fl-13"/>
      </object_component>
      <object_component id="oc-ba">
         <name>.text</name>
         <load_address>0x95d0</load_address>
         <run_address>0x95d0</run_address>
         <size>0x17</size>
         <input_file_ref idref="fl-1f"/>
      </object_component>
      <object_component id="oc-3a3">
         <name>.text:DCC_disableDoneSignal</name>
         <load_address>0x95e7</load_address>
         <run_address>0x95e7</run_address>
         <size>0x16</size>
         <input_file_ref idref="fl-13"/>
      </object_component>
      <object_component id="oc-31">
         <name>.text:Interrupt_defaultHandler</name>
         <load_address>0x95fd</load_address>
         <run_address>0x95fd</run_address>
         <size>0x16</size>
         <input_file_ref idref="fl-10"/>
      </object_component>
      <object_component id="oc-391">
         <name>.text:DCC_clearDoneFlag</name>
         <load_address>0x9613</load_address>
         <run_address>0x9613</run_address>
         <size>0x15</size>
         <input_file_ref idref="fl-13"/>
      </object_component>
      <object_component id="oc-38b">
         <name>.text:DCC_clearErrorFlag</name>
         <load_address>0x9628</load_address>
         <run_address>0x9628</run_address>
         <size>0x15</size>
         <input_file_ref idref="fl-13"/>
      </object_component>
      <object_component id="oc-39d">
         <name>.text:DCC_disableErrorSignal</name>
         <load_address>0x963d</load_address>
         <run_address>0x963d</run_address>
         <size>0x15</size>
         <input_file_ref idref="fl-13"/>
      </object_component>
      <object_component id="oc-4d9">
         <name>.text:DCC_isBaseValid</name>
         <load_address>0x9652</load_address>
         <run_address>0x9652</run_address>
         <size>0x15</size>
         <input_file_ref idref="fl-13"/>
      </object_component>
      <object_component id="oc-426">
         <name>.text:ECAP_disableLoadCounter</name>
         <load_address>0x9667</load_address>
         <run_address>0x9667</run_address>
         <size>0x15</size>
         <input_file_ref idref="fl-3"/>
      </object_component>
      <object_component id="oc-3ea">
         <name>.text:ECAP_disableTimeStampCapture</name>
         <load_address>0x967c</load_address>
         <run_address>0x967c</run_address>
         <size>0x15</size>
         <input_file_ref idref="fl-3"/>
      </object_component>
      <object_component id="oc-3f6">
         <name>.text:ECAP_enableCaptureMode</name>
         <load_address>0x9691</load_address>
         <run_address>0x9691</run_address>
         <size>0x15</size>
         <input_file_ref idref="fl-3"/>
      </object_component>
      <object_component id="oc-444">
         <name>.text:ECAP_enableTimeStampCapture</name>
         <load_address>0x96a6</load_address>
         <run_address>0x96a6</run_address>
         <size>0x15</size>
         <input_file_ref idref="fl-3"/>
      </object_component>
      <object_component id="oc-85">
         <name>.text:ECAP_reArm</name>
         <load_address>0x96bb</load_address>
         <run_address>0x96bb</run_address>
         <size>0x15</size>
         <input_file_ref idref="fl-2"/>
      </object_component>
      <object_component id="oc-44a">
         <name>.text:ECAP_reArm</name>
         <load_address>0x96d0</load_address>
         <run_address>0x96d0</run_address>
         <size>0x15</size>
         <input_file_ref idref="fl-3"/>
      </object_component>
      <object_component id="oc-43e">
         <name>.text:ECAP_startCounter</name>
         <load_address>0x96e5</load_address>
         <run_address>0x96e5</run_address>
         <size>0x15</size>
         <input_file_ref idref="fl-3"/>
      </object_component>
      <object_component id="oc-3f0">
         <name>.text:ECAP_stopCounter</name>
         <load_address>0x96fa</load_address>
         <run_address>0x96fa</run_address>
         <size>0x15</size>
         <input_file_ref idref="fl-3"/>
      </object_component>
      <object_component id="oc-21b">
         <name>.text:GPIO_unlockPortConfig</name>
         <load_address>0x970f</load_address>
         <run_address>0x970f</run_address>
         <size>0x15</size>
         <input_file_ref idref="fl-5"/>
      </object_component>
      <object_component id="oc-397">
         <name>.text:DCC_disableModule</name>
         <load_address>0x9724</load_address>
         <run_address>0x9724</run_address>
         <size>0x14</size>
         <input_file_ref idref="fl-13"/>
      </object_component>
      <object_component id="oc-3c1">
         <name>.text:DCC_enableModule</name>
         <load_address>0x9738</load_address>
         <run_address>0x9738</run_address>
         <size>0x14</size>
         <input_file_ref idref="fl-13"/>
      </object_component>
      <object_component id="oc-1a0">
         <name>.text:EPWM_setTimeBaseCounterMode</name>
         <load_address>0x974c</load_address>
         <run_address>0x974c</run_address>
         <size>0x14</size>
         <input_file_ref idref="fl-2"/>
      </object_component>
      <object_component id="oc-2ea">
         <name>.text:EPWM_setTimeBaseCounterMode</name>
         <load_address>0x9760</load_address>
         <run_address>0x9760</run_address>
         <size>0x14</size>
         <input_file_ref idref="fl-3"/>
      </object_component>
      <object_component id="oc-2de">
         <name>.text:EPWM_setTimeBasePeriod</name>
         <load_address>0x9774</load_address>
         <run_address>0x9774</run_address>
         <size>0x14</size>
         <input_file_ref idref="fl-3"/>
      </object_component>
      <object_component id="oc-333">
         <name>.text:LED1_init</name>
         <load_address>0x9788</load_address>
         <run_address>0x9788</run_address>
         <size>0x14</size>
         <input_file_ref idref="fl-3"/>
      </object_component>
      <object_component id="oc-339">
         <name>.text:LED2_init</name>
         <load_address>0x979c</load_address>
         <run_address>0x979c</run_address>
         <size>0x14</size>
         <input_file_ref idref="fl-3"/>
      </object_component>
      <object_component id="oc-327">
         <name>.text:OUT_IR_init</name>
         <load_address>0x97b0</load_address>
         <run_address>0x97b0</run_address>
         <size>0x14</size>
         <input_file_ref idref="fl-3"/>
      </object_component>
      <object_component id="oc-32d">
         <name>.text:OUT_TRIG_init</name>
         <load_address>0x97c4</load_address>
         <run_address>0x97c4</run_address>
         <size>0x14</size>
         <input_file_ref idref="fl-3"/>
      </object_component>
      <object_component id="oc-25f">
         <name>.text:SCI_getRxFIFOStatus</name>
         <load_address>0x97d8</load_address>
         <run_address>0x97d8</run_address>
         <size>0x14</size>
         <input_file_ref idref="fl-2"/>
      </object_component>
      <object_component id="oc-359">
         <name>.text:SCI_getTxFIFOStatus</name>
         <load_address>0x97ec</load_address>
         <run_address>0x97ec</run_address>
         <size>0x14</size>
         <input_file_ref idref="fl-12"/>
      </object_component>
      <object_component id="oc-7f">
         <name>.text:ECAP_clearGlobalInterrupt</name>
         <load_address>0x9800</load_address>
         <run_address>0x9800</run_address>
         <size>0x13</size>
         <input_file_ref idref="fl-2"/>
      </object_component>
      <object_component id="oc-ce">
         <name>.text:ECAP_isBaseValid</name>
         <load_address>0x9813</load_address>
         <run_address>0x9813</run_address>
         <size>0x13</size>
         <input_file_ref idref="fl-2"/>
      </object_component>
      <object_component id="oc-4ea">
         <name>.text:ECAP_isBaseValid</name>
         <load_address>0x9826</load_address>
         <run_address>0x9826</run_address>
         <size>0x13</size>
         <input_file_ref idref="fl-3"/>
      </object_component>
      <object_component id="oc-4fe">
         <name>.text:ECAP_isBaseValid</name>
         <load_address>0x9839</load_address>
         <run_address>0x9839</run_address>
         <size>0x13</size>
         <input_file_ref idref="fl-e"/>
      </object_component>
      <object_component id="oc-481">
         <name>.text:SCI_clearOverflowStatus</name>
         <load_address>0x984c</load_address>
         <run_address>0x984c</run_address>
         <size>0x13</size>
         <input_file_ref idref="fl-3"/>
      </object_component>
      <object_component id="oc-4b7">
         <name>.text:SCI_enableModule</name>
         <load_address>0x985f</load_address>
         <run_address>0x985f</run_address>
         <size>0x13</size>
         <input_file_ref idref="fl-3"/>
      </object_component>
      <object_component id="oc-526">
         <name>.text:SCI_enableModule</name>
         <load_address>0x9872</load_address>
         <run_address>0x9872</run_address>
         <size>0x13</size>
         <input_file_ref idref="fl-12"/>
      </object_component>
      <object_component id="oc-2e4">
         <name>.text:EPWM_setTimeBaseCounter</name>
         <load_address>0x9885</load_address>
         <run_address>0x9885</run_address>
         <size>0x12</size>
         <input_file_ref idref="fl-3"/>
      </object_component>
      <object_component id="oc-2c4">
         <name>.text:SysCtl_setSyncOutputConfig</name>
         <load_address>0x9897</load_address>
         <run_address>0x9897</run_address>
         <size>0x12</size>
         <input_file_ref idref="fl-3"/>
      </object_component>
      <object_component id="oc-18e">
         <name>.text:Board_init</name>
         <load_address>0x98a9</load_address>
         <run_address>0x98a9</run_address>
         <size>0x11</size>
         <input_file_ref idref="fl-3"/>
      </object_component>
      <object_component id="oc-420">
         <name>.text:ECAP_setPhaseShiftCount</name>
         <load_address>0x98ba</load_address>
         <run_address>0x98ba</run_address>
         <size>0x11</size>
         <input_file_ref idref="fl-3"/>
      </object_component>
      <object_component id="oc-2f0">
         <name>.text:EPWM_disablePhaseShiftLoad</name>
         <load_address>0x98cb</load_address>
         <run_address>0x98cb</run_address>
         <size>0x11</size>
         <input_file_ref idref="fl-3"/>
      </object_component>
      <object_component id="oc-49f">
         <name>.text:SCI_disableLoopback</name>
         <load_address>0x98dc</load_address>
         <run_address>0x98dc</run_address>
         <size>0x11</size>
         <input_file_ref idref="fl-3"/>
      </object_component>
      <object_component id="oc-1b2">
         <name>.text:SCI_getRxStatus</name>
         <load_address>0x98ed</load_address>
         <run_address>0x98ed</run_address>
         <size>0x10</size>
         <input_file_ref idref="fl-2"/>
      </object_component>
      <object_component id="oc-96">
         <name>.text:Interrupt_register</name>
         <load_address>0x98fd</load_address>
         <run_address>0x98fd</run_address>
         <size>0xf</size>
         <input_file_ref idref="fl-3"/>
      </object_component>
      <object_component id="oc-1a6">
         <name>.text:display_menu</name>
         <load_address>0x990c</load_address>
         <run_address>0x990c</run_address>
         <size>0xe</size>
         <input_file_ref idref="fl-2"/>
      </object_component>
      <object_component id="oc-2b">
         <name>.text:INTERRUPT_init</name>
         <load_address>0x991a</load_address>
         <run_address>0x991a</run_address>
         <size>0xd</size>
         <input_file_ref idref="fl-3"/>
      </object_component>
      <object_component id="oc-e6">
         <name>.text:Interrupt_disableGlobal</name>
         <load_address>0x9927</load_address>
         <run_address>0x9927</run_address>
         <size>0xd</size>
         <input_file_ref idref="fl-10"/>
      </object_component>
      <object_component id="oc-ec">
         <name>.text:Interrupt_enableGlobal</name>
         <load_address>0x9934</load_address>
         <run_address>0x9934</run_address>
         <size>0xd</size>
         <input_file_ref idref="fl-10"/>
      </object_component>
      <object_component id="oc-1e3">
         <name>.text:SysCtl_setLowSpeedClock</name>
         <load_address>0x9941</load_address>
         <run_address>0x9941</run_address>
         <size>0xd</size>
         <input_file_ref idref="fl-5"/>
      </object_component>
      <object_component id="oc-54">
         <name>.text:decompress:ZI:__TI_zero_init_nomemset</name>
         <load_address>0x994e</load_address>
         <run_address>0x994e</run_address>
         <size>0xd</size>
         <input_file_ref idref="fl-24"/>
      </object_component>
      <object_component id="oc-2ca">
         <name>.text:SysCtl_enableExtADCSOCSource</name>
         <load_address>0x995b</load_address>
         <run_address>0x995b</run_address>
         <size>0xc</size>
         <input_file_ref idref="fl-3"/>
      </object_component>
      <object_component id="oc-108">
         <name>.text</name>
         <load_address>0x9967</load_address>
         <run_address>0x9967</run_address>
         <size>0xc</size>
         <input_file_ref idref="fl-29"/>
      </object_component>
      <object_component id="oc-1d7">
         <name>.text:SysCtl_disableWatchdog</name>
         <load_address>0x9973</load_address>
         <run_address>0x9973</run_address>
         <size>0xb</size>
         <input_file_ref idref="fl-5"/>
      </object_component>
      <object_component id="oc-27d">
         <name>.text:SysCtl_isMCDClockFailureDetected</name>
         <load_address>0x997e</load_address>
         <run_address>0x997e</run_address>
         <size>0xb</size>
         <input_file_ref idref="fl-13"/>
      </object_component>
      <object_component id="oc-3d">
         <name>.text:Interrupt_illegalOperationHandler</name>
         <load_address>0x9989</load_address>
         <run_address>0x9989</run_address>
         <size>0xa</size>
         <input_file_ref idref="fl-10"/>
      </object_component>
      <object_component id="oc-43">
         <name>.text:Interrupt_nmiHandler</name>
         <load_address>0x9993</load_address>
         <run_address>0x9993</run_address>
         <size>0xa</size>
         <input_file_ref idref="fl-10"/>
      </object_component>
      <object_component id="oc-229">
         <name>.text:SYNC_init</name>
         <load_address>0x999d</load_address>
         <run_address>0x999d</run_address>
         <size>0xa</size>
         <input_file_ref idref="fl-3"/>
      </object_component>
      <object_component id="oc-23b">
         <name>.text:GPIO_init</name>
         <load_address>0x99a7</load_address>
         <run_address>0x99a7</run_address>
         <size>0x9</size>
         <input_file_ref idref="fl-3"/>
      </object_component>
      <object_component id="oc-1c4">
         <name>.text</name>
         <load_address>0x99b0</load_address>
         <run_address>0x99b0</run_address>
         <size>0x9</size>
         <input_file_ref idref="fl-28"/>
      </object_component>
      <object_component id="oc-19">
         <name>.text:decompress:none</name>
         <load_address>0x99b9</load_address>
         <run_address>0x99b9</run_address>
         <size>0x8</size>
         <input_file_ref idref="fl-25"/>
      </object_component>
      <object_component id="oc-60">
         <name>.text</name>
         <load_address>0x99c1</load_address>
         <run_address>0x99c1</run_address>
         <size>0x8</size>
         <input_file_ref idref="fl-6"/>
      </object_component>
      <object_component id="oc-24c">
         <name>.text</name>
         <load_address>0x99c9</load_address>
         <run_address>0x99c9</run_address>
         <size>0x8</size>
         <input_file_ref idref="fl-2b"/>
      </object_component>
      <object_component id="oc-20e">
         <name>.text:ASysCtl_lockVREG</name>
         <load_address>0x99d1</load_address>
         <run_address>0x99d1</run_address>
         <size>0x7</size>
         <input_file_ref idref="fl-5"/>
      </object_component>
      <object_component id="oc-4cf">
         <name>.text:SysCtl_resetMCD</name>
         <load_address>0x99d8</load_address>
         <run_address>0x99d8</run_address>
         <size>0x7</size>
         <input_file_ref idref="fl-13"/>
      </object_component>
      <object_component id="oc-c7">
         <name>.text:__error__</name>
         <load_address>0x99df</load_address>
         <run_address>0x99df</run_address>
         <size>0x7</size>
         <input_file_ref idref="fl-5"/>
      </object_component>
      <object_component id="oc-8b">
         <name>.text:Interrupt_clearACKGroup</name>
         <load_address>0x99e6</load_address>
         <run_address>0x99e6</run_address>
         <size>0x6</size>
         <input_file_ref idref="fl-2"/>
      </object_component>
      <object_component id="oc-1f6">
         <name>.text:SysCtl_deviceCal</name>
         <load_address>0x99ec</load_address>
         <run_address>0x99ec</run_address>
         <size>0x4</size>
         <input_file_ref idref="fl-5"/>
      </object_component>
      <object_component id="oc-22f">
         <name>.text:ECAP_init</name>
         <load_address>0x99f0</load_address>
         <run_address>0x99f0</run_address>
         <size>0x3</size>
         <input_file_ref idref="fl-3"/>
      </object_component>
      <object_component id="oc-241">
         <name>.text:SCI_init</name>
         <load_address>0x99f3</load_address>
         <run_address>0x99f3</run_address>
         <size>0x3</size>
         <input_file_ref idref="fl-3"/>
      </object_component>
      <object_component id="oc-101">
         <name>.text</name>
         <load_address>0x99f6</load_address>
         <run_address>0x99f6</run_address>
         <size>0x2</size>
         <input_file_ref idref="fl-22"/>
      </object_component>
      <object_component id="oc-194">
         <name>.text:C2000Ware_libraries_init</name>
         <load_address>0x99f8</load_address>
         <run_address>0x99f8</run_address>
         <size>0x1</size>
         <input_file_ref idref="fl-4"/>
      </object_component>
      <object_component id="oc-167">
         <name>.text</name>
         <load_address>0x99f9</load_address>
         <run_address>0x99f9</run_address>
         <size>0x1</size>
         <input_file_ref idref="fl-2e"/>
      </object_component>
      <object_component id="oc-567">
         <name>.cinit..data.load</name>
         <load_address>0x12c</load_address>
         <run_address>0x12c</run_address>
         <size>0x8</size>
      </object_component>
      <object_component id="oc-564">
         <name>__TI_handler_table</name>
         <load_address>0x134</load_address>
         <run_address>0x134</run_address>
         <size>0x6</size>
      </object_component>
      <object_component id="oc-566">
         <name>.cinit..bss.load</name>
         <load_address>0x13a</load_address>
         <run_address>0x13a</run_address>
         <size>0x4</size>
      </object_component>
      <object_component id="oc-565">
         <name>__TI_cinit_table</name>
         <load_address>0x13e</load_address>
         <run_address>0x13e</run_address>
         <size>0x8</size>
      </object_component>
      <object_component id="oc-49">
         <name>.stack</name>
         <uninitialized>true</uninitialized>
         <run_address>0x400</run_address>
         <size>0x0</size>
         <input_file_ref idref="fl-1f"/>
      </object_component>
      <object_component id="oc-568">
         <name>.stack</name>
         <uninitialized>true</uninitialized>
         <run_address>0x400</run_address>
         <size>0x0</size>
      </object_component>
      <object_component id="oc-91">
         <name>.bss</name>
         <uninitialized>true</uninitialized>
         <run_address>0xa800</run_address>
         <size>0xc</size>
         <input_file_ref idref="fl-2"/>
      </object_component>
      <object_component id="oc-c6">
         <name>.const:.string</name>
         <load_address>0xa816</load_address>
         <run_address>0xa816</run_address>
         <size>0x1ee</size>
         <input_file_ref idref="fl-2"/>
      </object_component>
      <object_component id="oc-45d">
         <name>.const:.string</name>
         <load_address>0xaa04</load_address>
         <run_address>0xaa04</run_address>
         <size>0xcb</size>
         <input_file_ref idref="fl-3"/>
      </object_component>
      <object_component id="oc-27c">
         <name>.const:.string</name>
         <load_address>0xaad0</load_address>
         <run_address>0xaad0</run_address>
         <size>0x9a</size>
         <input_file_ref idref="fl-13"/>
      </object_component>
      <object_component id="oc-2ad">
         <name>.const:.string</name>
         <load_address>0xab6a</load_address>
         <run_address>0xab6a</run_address>
         <size>0x98</size>
         <input_file_ref idref="fl-f"/>
      </object_component>
      <object_component id="oc-352">
         <name>.const:.string</name>
         <load_address>0xac02</load_address>
         <run_address>0xac02</run_address>
         <size>0x97</size>
         <input_file_ref idref="fl-12"/>
      </object_component>
      <object_component id="oc-1ef">
         <name>.const:.string</name>
         <load_address>0xac9a</load_address>
         <run_address>0xac9a</run_address>
         <size>0x59</size>
         <input_file_ref idref="fl-5"/>
      </object_component>
      <object_component id="oc-504">
         <name>.const:.string</name>
         <load_address>0xacf4</load_address>
         <run_address>0xacf4</run_address>
         <size>0x4c</size>
         <input_file_ref idref="fl-e"/>
      </object_component>
      <object_component id="oc-2a8">
         <name>.const:.string</name>
         <load_address>0xad40</load_address>
         <run_address>0xad40</run_address>
         <size>0x4b</size>
         <input_file_ref idref="fl-11"/>
      </object_component>
      <object_component id="oc-159">
         <name>.data</name>
         <load_address>0xa80c</load_address>
         <run_address>0xa80c</run_address>
         <size>0x6</size>
         <input_file_ref idref="fl-27"/>
      </object_component>
      <object_component id="oc-15c">
         <name>.data:_lock</name>
         <load_address>0xa812</load_address>
         <run_address>0xa812</run_address>
         <size>0x2</size>
         <input_file_ref idref="fl-28"/>
      </object_component>
      <object_component id="oc-26e">
         <name>.data:_unlock</name>
         <load_address>0xa814</load_address>
         <run_address>0xa814</run_address>
         <size>0x2</size>
         <input_file_ref idref="fl-28"/>
      </object_component>
      <object_component id="oc-72">
         <name>.TI.ramfunc</name>
         <load_address>0x128</load_address>
         <run_address>0x128</run_address>
         <size>0x4</size>
         <input_file_ref idref="fl-13"/>
      </object_component>
      <object_component id="oc-95">
         <name>.debug_types</name>
         <load_address>0x0</load_address>
         <run_address>0x0</run_address>
         <size>0xb45</size>
         <input_file_ref idref="fl-2"/>
      </object_component>
      <object_component id="oc-a3">
         <name>.debug_types</name>
         <load_address>0xb45</load_address>
         <run_address>0xb45</run_address>
         <size>0x1de3</size>
         <input_file_ref idref="fl-3"/>
      </object_component>
      <object_component id="oc-249">
         <name>.debug_types</name>
         <load_address>0x0</load_address>
         <run_address>0x0</run_address>
         <size>0x0</size>
         <input_file_ref idref="fl-4"/>
      </object_component>
      <object_component id="oc-117">
         <name>.debug_types</name>
         <load_address>0x2928</load_address>
         <run_address>0x2928</run_address>
         <size>0xc6e</size>
         <input_file_ref idref="fl-5"/>
      </object_component>
      <object_component id="oc-506">
         <name>.debug_types</name>
         <load_address>0x0</load_address>
         <run_address>0x0</run_address>
         <size>0x0</size>
         <input_file_ref idref="fl-e"/>
      </object_component>
      <object_component id="oc-2af">
         <name>.debug_types</name>
         <load_address>0x3596</load_address>
         <run_address>0x3596</run_address>
         <size>0x24d</size>
         <input_file_ref idref="fl-f"/>
      </object_component>
      <object_component id="oc-a5">
         <name>.debug_types</name>
         <load_address>0x0</load_address>
         <run_address>0x0</run_address>
         <size>0x0</size>
         <input_file_ref idref="fl-10"/>
      </object_component>
      <object_component id="oc-2aa">
         <name>.debug_types</name>
         <load_address>0x0</load_address>
         <run_address>0x0</run_address>
         <size>0x0</size>
         <input_file_ref idref="fl-11"/>
      </object_component>
      <object_component id="oc-366">
         <name>.debug_types</name>
         <load_address>0x37e3</load_address>
         <run_address>0x37e3</run_address>
         <size>0x5a</size>
         <input_file_ref idref="fl-12"/>
      </object_component>
      <object_component id="oc-296">
         <name>.debug_types</name>
         <load_address>0x383d</load_address>
         <run_address>0x383d</run_address>
         <size>0xad6</size>
         <input_file_ref idref="fl-13"/>
      </object_component>
      <object_component id="oc-120">
         <name>.debug_types</name>
         <load_address>0x0</load_address>
         <run_address>0x0</run_address>
         <size>0x0</size>
         <input_file_ref idref="fl-22"/>
      </object_component>
      <object_component id="oc-16e">
         <name>.debug_types</name>
         <load_address>0x4313</load_address>
         <run_address>0x4313</run_address>
         <size>0x470</size>
         <input_file_ref idref="fl-23"/>
      </object_component>
      <object_component id="oc-b2">
         <name>.debug_types</name>
         <load_address>0x4783</load_address>
         <run_address>0x4783</run_address>
         <size>0x1bf</size>
         <input_file_ref idref="fl-24"/>
      </object_component>
      <object_component id="oc-53">
         <name>.debug_types</name>
         <load_address>0x0</load_address>
         <run_address>0x0</run_address>
         <size>0x0</size>
         <input_file_ref idref="fl-25"/>
      </object_component>
      <object_component id="oc-4b">
         <name>.debug_types</name>
         <load_address>0x4942</load_address>
         <run_address>0x4942</run_address>
         <size>0x191</size>
         <input_file_ref idref="fl-26"/>
      </object_component>
      <object_component id="oc-160">
         <name>.debug_types</name>
         <load_address>0x4ad3</load_address>
         <run_address>0x4ad3</run_address>
         <size>0xbf</size>
         <input_file_ref idref="fl-27"/>
      </object_component>
      <object_component id="oc-1cc">
         <name>.debug_types</name>
         <load_address>0x4b92</load_address>
         <run_address>0x4b92</run_address>
         <size>0x2f</size>
         <input_file_ref idref="fl-28"/>
      </object_component>
      <object_component id="oc-158">
         <name>.debug_types</name>
         <load_address>0x4bc1</load_address>
         <run_address>0x4bc1</run_address>
         <size>0xe1</size>
         <input_file_ref idref="fl-29"/>
      </object_component>
      <object_component id="oc-34b">
         <name>.debug_types</name>
         <load_address>0x0</load_address>
         <run_address>0x0</run_address>
         <size>0x0</size>
         <input_file_ref idref="fl-2b"/>
      </object_component>
      <object_component id="oc-ad">
         <name>.debug_types</name>
         <load_address>0x4ca2</load_address>
         <run_address>0x4ca2</run_address>
         <size>0xb8</size>
         <input_file_ref idref="fl-2d"/>
      </object_component>
      <object_component id="oc-1d1">
         <name>.debug_types</name>
         <load_address>0x0</load_address>
         <run_address>0x0</run_address>
         <size>0x0</size>
         <input_file_ref idref="fl-2e"/>
      </object_component>
      <object_component id="oc-92">
         <name>.debug_info</name>
         <load_address>0x0</load_address>
         <run_address>0x0</run_address>
         <size>0x178</size>
         <input_file_ref idref="fl-2"/>
      </object_component>
      <object_component id="oc-8c">
         <name>.debug_info</name>
         <load_address>0x178</load_address>
         <run_address>0x178</run_address>
         <size>0x18b</size>
         <input_file_ref idref="fl-2"/>
      </object_component>
      <object_component id="oc-cf">
         <name>.debug_info</name>
         <load_address>0x303</load_address>
         <run_address>0x303</run_address>
         <size>0x17e</size>
         <input_file_ref idref="fl-2"/>
      </object_component>
      <object_component id="oc-86">
         <name>.debug_info</name>
         <load_address>0x481</load_address>
         <run_address>0x481</run_address>
         <size>0x18f</size>
         <input_file_ref idref="fl-2"/>
      </object_component>
      <object_component id="oc-7a">
         <name>.debug_info</name>
         <load_address>0x610</load_address>
         <run_address>0x610</run_address>
         <size>0x1d9</size>
         <input_file_ref idref="fl-2"/>
      </object_component>
      <object_component id="oc-80">
         <name>.debug_info</name>
         <load_address>0x7e9</load_address>
         <run_address>0x7e9</run_address>
         <size>0x1ad</size>
         <input_file_ref idref="fl-2"/>
      </object_component>
      <object_component id="oc-6d">
         <name>.debug_info</name>
         <load_address>0x996</load_address>
         <run_address>0x996</run_address>
         <size>0x1e4</size>
         <input_file_ref idref="fl-2"/>
      </object_component>
      <object_component id="oc-d6">
         <name>.debug_info</name>
         <load_address>0xb7a</load_address>
         <run_address>0xb7a</run_address>
         <size>0x17e</size>
         <input_file_ref idref="fl-2"/>
      </object_component>
      <object_component id="oc-74">
         <name>.debug_info</name>
         <load_address>0xcf8</load_address>
         <run_address>0xcf8</run_address>
         <size>0x20f</size>
         <input_file_ref idref="fl-2"/>
      </object_component>
      <object_component id="oc-1a1">
         <name>.debug_info</name>
         <load_address>0xf07</load_address>
         <run_address>0xf07</run_address>
         <size>0x1e0</size>
         <input_file_ref idref="fl-2"/>
      </object_component>
      <object_component id="oc-c1">
         <name>.debug_info</name>
         <load_address>0x10e7</load_address>
         <run_address>0x10e7</run_address>
         <size>0x178</size>
         <input_file_ref idref="fl-2"/>
      </object_component>
      <object_component id="oc-19b">
         <name>.debug_info</name>
         <load_address>0x125f</load_address>
         <run_address>0x125f</run_address>
         <size>0x1b0</size>
         <input_file_ref idref="fl-2"/>
      </object_component>
      <object_component id="oc-67">
         <name>.debug_info</name>
         <load_address>0x140f</load_address>
         <run_address>0x140f</run_address>
         <size>0x1d1</size>
         <input_file_ref idref="fl-2"/>
      </object_component>
      <object_component id="oc-25a">
         <name>.debug_info</name>
         <load_address>0x15e0</load_address>
         <run_address>0x15e0</run_address>
         <size>0x179</size>
         <input_file_ref idref="fl-2"/>
      </object_component>
      <object_component id="oc-260">
         <name>.debug_info</name>
         <load_address>0x1759</load_address>
         <run_address>0x1759</run_address>
         <size>0x1a7</size>
         <input_file_ref idref="fl-2"/>
      </object_component>
      <object_component id="oc-1b3">
         <name>.debug_info</name>
         <load_address>0x1900</load_address>
         <run_address>0x1900</run_address>
         <size>0x19f</size>
         <input_file_ref idref="fl-2"/>
      </object_component>
      <object_component id="oc-1af">
         <name>.debug_info</name>
         <load_address>0x1a9f</load_address>
         <run_address>0x1a9f</run_address>
         <size>0x1df</size>
         <input_file_ref idref="fl-2"/>
      </object_component>
      <object_component id="oc-1a8">
         <name>.debug_info</name>
         <load_address>0x1c7e</load_address>
         <run_address>0x1c7e</run_address>
         <size>0x14a</size>
         <input_file_ref idref="fl-2"/>
      </object_component>
      <object_component id="oc-26a">
         <name>.debug_info</name>
         <load_address>0x1dc8</load_address>
         <run_address>0x1dc8</run_address>
         <size>0x1be</size>
         <input_file_ref idref="fl-2"/>
      </object_component>
      <object_component id="oc-1ba">
         <name>.debug_info</name>
         <load_address>0x1f86</load_address>
         <run_address>0x1f86</run_address>
         <size>0x28b</size>
         <input_file_ref idref="fl-2"/>
      </object_component>
      <object_component id="oc-154">
         <name>.debug_info</name>
         <load_address>0x2211</load_address>
         <run_address>0x2211</run_address>
         <size>0x312</size>
         <input_file_ref idref="fl-2"/>
      </object_component>
      <object_component id="oc-28">
         <name>.debug_info</name>
         <load_address>0x2523</load_address>
         <run_address>0x2523</run_address>
         <size>0x2f3</size>
         <input_file_ref idref="fl-2"/>
      </object_component>
      <object_component id="oc-97">
         <name>.debug_info</name>
         <load_address>0x2816</load_address>
         <run_address>0x2816</run_address>
         <size>0x1cf</size>
         <input_file_ref idref="fl-3"/>
      </object_component>
      <object_component id="oc-2c5">
         <name>.debug_info</name>
         <load_address>0x29e5</load_address>
         <run_address>0x29e5</run_address>
         <size>0x192</size>
         <input_file_ref idref="fl-3"/>
      </object_component>
      <object_component id="oc-2cb">
         <name>.debug_info</name>
         <load_address>0x2b77</load_address>
         <run_address>0x2b77</run_address>
         <size>0x19a</size>
         <input_file_ref idref="fl-3"/>
      </object_component>
      <object_component id="oc-4eb">
         <name>.debug_info</name>
         <load_address>0x2d11</load_address>
         <run_address>0x2d11</run_address>
         <size>0x17e</size>
         <input_file_ref idref="fl-3"/>
      </object_component>
      <object_component id="oc-403">
         <name>.debug_info</name>
         <load_address>0x2e8f</load_address>
         <run_address>0x2e8f</run_address>
         <size>0x1eb</size>
         <input_file_ref idref="fl-3"/>
      </object_component>
      <object_component id="oc-409">
         <name>.debug_info</name>
         <load_address>0x307a</load_address>
         <run_address>0x307a</run_address>
         <size>0x203</size>
         <input_file_ref idref="fl-3"/>
      </object_component>
      <object_component id="oc-3fd">
         <name>.debug_info</name>
         <load_address>0x327d</load_address>
         <run_address>0x327d</run_address>
         <size>0x1e5</size>
         <input_file_ref idref="fl-3"/>
      </object_component>
      <object_component id="oc-44b">
         <name>.debug_info</name>
         <load_address>0x3462</load_address>
         <run_address>0x3462</run_address>
         <size>0x18f</size>
         <input_file_ref idref="fl-3"/>
      </object_component>
      <object_component id="oc-451">
         <name>.debug_info</name>
         <load_address>0x35f1</load_address>
         <run_address>0x35f1</run_address>
         <size>0x1db</size>
         <input_file_ref idref="fl-3"/>
      </object_component>
      <object_component id="oc-3df">
         <name>.debug_info</name>
         <load_address>0x37cc</load_address>
         <run_address>0x37cc</run_address>
         <size>0x1dd</size>
         <input_file_ref idref="fl-3"/>
      </object_component>
      <object_component id="oc-3e5">
         <name>.debug_info</name>
         <load_address>0x39a9</load_address>
         <run_address>0x39a9</run_address>
         <size>0x1d9</size>
         <input_file_ref idref="fl-3"/>
      </object_component>
      <object_component id="oc-3f7">
         <name>.debug_info</name>
         <load_address>0x3b82</load_address>
         <run_address>0x3b82</run_address>
         <size>0x1a7</size>
         <input_file_ref idref="fl-3"/>
      </object_component>
      <object_component id="oc-40f">
         <name>.debug_info</name>
         <load_address>0x3d29</load_address>
         <run_address>0x3d29</run_address>
         <size>0x1da</size>
         <input_file_ref idref="fl-3"/>
      </object_component>
      <object_component id="oc-415">
         <name>.debug_info</name>
         <load_address>0x3f03</load_address>
         <run_address>0x3f03</run_address>
         <size>0x1dc</size>
         <input_file_ref idref="fl-3"/>
      </object_component>
      <object_component id="oc-445">
         <name>.debug_info</name>
         <load_address>0x40df</load_address>
         <run_address>0x40df</run_address>
         <size>0x1b1</size>
         <input_file_ref idref="fl-3"/>
      </object_component>
      <object_component id="oc-3eb">
         <name>.debug_info</name>
         <load_address>0x4290</load_address>
         <run_address>0x4290</run_address>
         <size>0x1b3</size>
         <input_file_ref idref="fl-3"/>
      </object_component>
      <object_component id="oc-422">
         <name>.debug_info</name>
         <load_address>0x4443</load_address>
         <run_address>0x4443</run_address>
         <size>0x1c0</size>
         <input_file_ref idref="fl-3"/>
      </object_component>
      <object_component id="oc-439">
         <name>.debug_info</name>
         <load_address>0x4603</load_address>
         <run_address>0x4603</run_address>
         <size>0x1d2</size>
         <input_file_ref idref="fl-3"/>
      </object_component>
      <object_component id="oc-427">
         <name>.debug_info</name>
         <load_address>0x47d5</load_address>
         <run_address>0x47d5</run_address>
         <size>0x1a9</size>
         <input_file_ref idref="fl-3"/>
      </object_component>
      <object_component id="oc-42d">
         <name>.debug_info</name>
         <load_address>0x497e</load_address>
         <run_address>0x497e</run_address>
         <size>0x1c2</size>
         <input_file_ref idref="fl-3"/>
      </object_component>
      <object_component id="oc-3f1">
         <name>.debug_info</name>
         <load_address>0x4b40</load_address>
         <run_address>0x4b40</run_address>
         <size>0x19b</size>
         <input_file_ref idref="fl-3"/>
      </object_component>
      <object_component id="oc-43f">
         <name>.debug_info</name>
         <load_address>0x4cdb</load_address>
         <run_address>0x4cdb</run_address>
         <size>0x19d</size>
         <input_file_ref idref="fl-3"/>
      </object_component>
      <object_component id="oc-41b">
         <name>.debug_info</name>
         <load_address>0x4e78</load_address>
         <run_address>0x4e78</run_address>
         <size>0x1c6</size>
         <input_file_ref idref="fl-3"/>
      </object_component>
      <object_component id="oc-458">
         <name>.debug_info</name>
         <load_address>0x503e</load_address>
         <run_address>0x503e</run_address>
         <size>0x17e</size>
         <input_file_ref idref="fl-3"/>
      </object_component>
      <object_component id="oc-2e5">
         <name>.debug_info</name>
         <load_address>0x51bc</load_address>
         <run_address>0x51bc</run_address>
         <size>0x1cc</size>
         <input_file_ref idref="fl-3"/>
      </object_component>
      <object_component id="oc-2d9">
         <name>.debug_info</name>
         <load_address>0x5388</load_address>
         <run_address>0x5388</run_address>
         <size>0x20f</size>
         <input_file_ref idref="fl-3"/>
      </object_component>
      <object_component id="oc-2f1">
         <name>.debug_info</name>
         <load_address>0x5597</load_address>
         <run_address>0x5597</run_address>
         <size>0x1af</size>
         <input_file_ref idref="fl-3"/>
      </object_component>
      <object_component id="oc-2eb">
         <name>.debug_info</name>
         <load_address>0x5746</load_address>
         <run_address>0x5746</run_address>
         <size>0x1e0</size>
         <input_file_ref idref="fl-3"/>
      </object_component>
      <object_component id="oc-2f7">
         <name>.debug_info</name>
         <load_address>0x5926</load_address>
         <run_address>0x5926</run_address>
         <size>0x1cc</size>
         <input_file_ref idref="fl-3"/>
      </object_component>
      <object_component id="oc-2df">
         <name>.debug_info</name>
         <load_address>0x5af2</load_address>
         <run_address>0x5af2</run_address>
         <size>0x1d6</size>
         <input_file_ref idref="fl-3"/>
      </object_component>
      <object_component id="oc-303">
         <name>.debug_info</name>
         <load_address>0x5cc8</load_address>
         <run_address>0x5cc8</run_address>
         <size>0x287</size>
         <input_file_ref idref="fl-3"/>
      </object_component>
      <object_component id="oc-2fd">
         <name>.debug_info</name>
         <load_address>0x5f4f</load_address>
         <run_address>0x5f4f</run_address>
         <size>0x224</size>
         <input_file_ref idref="fl-3"/>
      </object_component>
      <object_component id="oc-309">
         <name>.debug_info</name>
         <load_address>0x6173</load_address>
         <run_address>0x6173</run_address>
         <size>0x250</size>
         <input_file_ref idref="fl-3"/>
      </object_component>
      <object_component id="oc-30f">
         <name>.debug_info</name>
         <load_address>0x63c3</load_address>
         <run_address>0x63c3</run_address>
         <size>0x1f8</size>
         <input_file_ref idref="fl-3"/>
      </object_component>
      <object_component id="oc-315">
         <name>.debug_info</name>
         <load_address>0x65bb</load_address>
         <run_address>0x65bb</run_address>
         <size>0x1d7</size>
         <input_file_ref idref="fl-3"/>
      </object_component>
      <object_component id="oc-31b">
         <name>.debug_info</name>
         <load_address>0x6792</load_address>
         <run_address>0x6792</run_address>
         <size>0x1fa</size>
         <input_file_ref idref="fl-3"/>
      </object_component>
      <object_component id="oc-321">
         <name>.debug_info</name>
         <load_address>0x698c</load_address>
         <run_address>0x698c</run_address>
         <size>0x1d9</size>
         <input_file_ref idref="fl-3"/>
      </object_component>
      <object_component id="oc-517">
         <name>.debug_info</name>
         <load_address>0x6b65</load_address>
         <run_address>0x6b65</run_address>
         <size>0x179</size>
         <input_file_ref idref="fl-3"/>
      </object_component>
      <object_component id="oc-4ac">
         <name>.debug_info</name>
         <load_address>0x6cde</load_address>
         <run_address>0x6cde</run_address>
         <size>0x1f9</size>
         <input_file_ref idref="fl-3"/>
      </object_component>
      <object_component id="oc-4b8">
         <name>.debug_info</name>
         <load_address>0x6ed7</load_address>
         <run_address>0x6ed7</run_address>
         <size>0x199</size>
         <input_file_ref idref="fl-3"/>
      </object_component>
      <object_component id="oc-4b2">
         <name>.debug_info</name>
         <load_address>0x7070</load_address>
         <run_address>0x7070</run_address>
         <size>0x195</size>
         <input_file_ref idref="fl-3"/>
      </object_component>
      <object_component id="oc-48e">
         <name>.debug_info</name>
         <load_address>0x7205</load_address>
         <run_address>0x7205</run_address>
         <size>0x197</size>
         <input_file_ref idref="fl-3"/>
      </object_component>
      <object_component id="oc-488">
         <name>.debug_info</name>
         <load_address>0x739c</load_address>
         <run_address>0x739c</run_address>
         <size>0x197</size>
         <input_file_ref idref="fl-3"/>
      </object_component>
      <object_component id="oc-494">
         <name>.debug_info</name>
         <load_address>0x7533</load_address>
         <run_address>0x7533</run_address>
         <size>0x19b</size>
         <input_file_ref idref="fl-3"/>
      </object_component>
      <object_component id="oc-4a6">
         <name>.debug_info</name>
         <load_address>0x76ce</load_address>
         <run_address>0x76ce</run_address>
         <size>0x1a9</size>
         <input_file_ref idref="fl-3"/>
      </object_component>
      <object_component id="oc-4a0">
         <name>.debug_info</name>
         <load_address>0x7877</load_address>
         <run_address>0x7877</run_address>
         <size>0x19f</size>
         <input_file_ref idref="fl-3"/>
      </object_component>
      <object_component id="oc-482">
         <name>.debug_info</name>
         <load_address>0x7a16</load_address>
         <run_address>0x7a16</run_address>
         <size>0x1a7</size>
         <input_file_ref idref="fl-3"/>
      </object_component>
      <object_component id="oc-18f">
         <name>.debug_info</name>
         <load_address>0x7bbd</load_address>
         <run_address>0x7bbd</run_address>
         <size>0x181</size>
         <input_file_ref idref="fl-3"/>
      </object_component>
      <object_component id="oc-224">
         <name>.debug_info</name>
         <load_address>0x7d3e</load_address>
         <run_address>0x7d3e</run_address>
         <size>0x356</size>
         <input_file_ref idref="fl-3"/>
      </object_component>
      <object_component id="oc-230">
         <name>.debug_info</name>
         <load_address>0x8094</load_address>
         <run_address>0x8094</run_address>
         <size>0x124</size>
         <input_file_ref idref="fl-3"/>
      </object_component>
      <object_component id="oc-2d2">
         <name>.debug_info</name>
         <load_address>0x81b8</load_address>
         <run_address>0x81b8</run_address>
         <size>0x3df</size>
         <input_file_ref idref="fl-3"/>
      </object_component>
      <object_component id="oc-236">
         <name>.debug_info</name>
         <load_address>0x8597</load_address>
         <run_address>0x8597</run_address>
         <size>0x875</size>
         <input_file_ref idref="fl-3"/>
      </object_component>
      <object_component id="oc-23c">
         <name>.debug_info</name>
         <load_address>0x8e0c</load_address>
         <run_address>0x8e0c</run_address>
         <size>0x154</size>
         <input_file_ref idref="fl-3"/>
      </object_component>
      <object_component id="oc-328">
         <name>.debug_info</name>
         <load_address>0x8f60</load_address>
         <run_address>0x8f60</run_address>
         <size>0x183</size>
         <input_file_ref idref="fl-3"/>
      </object_component>
      <object_component id="oc-32e">
         <name>.debug_info</name>
         <load_address>0x90e3</load_address>
         <run_address>0x90e3</run_address>
         <size>0x187</size>
         <input_file_ref idref="fl-3"/>
      </object_component>
      <object_component id="oc-334">
         <name>.debug_info</name>
         <load_address>0x926a</load_address>
         <run_address>0x926a</run_address>
         <size>0x17f</size>
         <input_file_ref idref="fl-3"/>
      </object_component>
      <object_component id="oc-33a">
         <name>.debug_info</name>
         <load_address>0x93e9</load_address>
         <run_address>0x93e9</run_address>
         <size>0x17f</size>
         <input_file_ref idref="fl-3"/>
[...]
         </usage_details>
      </memory_area>
      <memory_area display="yes" color="green">
         <name>RAMGS0</name>
         <page_id>0x0</page_id>
         <origin>0xc000</origin>
         <length>0x2000</length>
         <used_space>0x0</used_space>
         <unused_space>0x2000</unused_space>
         <attributes>RWIX</attributes>
         <usage_details>
         </usage_details>
      </memory_area>
      <memory_area display="yes" color="green">
         <name>RAMGS1</name>
         <page_id>0x0</page_id>
         <origin>0xe000</origin>
         <length>0x2000</length>
         <used_space>0x0</used_space>
         <unused_space>0x2000</unused_space>
         <attributes>RWIX</attributes>
         <usage_details>
         </usage_details>
      </memory_area>
      <memory_area display="yes" color="green">
         <name>RAMGS2</name>
         <page_id>0x0</page_id>
         <origin>0x10000</origin>
         <length>0x2000</length>
         <used_space>0x0</used_space>
         <unused_space>0x2000</unused_space>
         <attributes>RWIX</attributes>
         <usage_details>
         </usage_details>
      </memory_area>
      <memory_area display="yes" color="green">
         <name>RAMGS3</name>
         <page_id>0x0</page_id>
         <origin>0x12000</origin>
         <length>0x2000</length>
         <used_space>0x0</used_space>
         <unused_space>0x2000</unused_space>
         <attributes>RWIX</attributes>
         <usage_details>
         </usage_details>
      </memory_area>
      <memory_area display="yes" color="green">
         <name>RAMLS8</name>
         <page_id>0x0</page_id>
         <origin>0x14000</origin>
         <length>0x2000</length>
         <used_space>0x0</used_space>
         <unused_space>0x2000</unused_space>
         <attributes>RWIX</attributes>
         <usage_details>
         </usage_details>
      </memory_area>
      <memory_area display="yes" color="green">
         <name>RAMLS9</name>
         <page_id>0x0</page_id>
         <origin>0x16000</origin>
         <length>0x2000</length>
         <used_space>0x0</used_space>
         <unused_space>0x2000</unused_space>
         <attributes>RWIX</attributes>
         <usage_details>
         </usage_details>
      </memory_area>
      <memory_area display="yes" color="green">
         <name>FLASH_BANK0</name>
         <page_id>0x0</page_id>
         <origin>0x80000</origin>
         <length>0x20000</length>
         <used_space>0x0</used_space>
         <unused_space>0x20000</unused_space>
         <attributes>RWIX</attributes>
         <usage_details>
         </usage_details>
      </memory_area>
      <memory_area display="yes" color="green">
         <name>FLASH_BANK1</name>
         <page_id>0x0</page_id>
         <origin>0xa0000</origin>
         <length>0x20000</length>
         <used_space>0x0</used_space>
         <unused_space>0x20000</unused_space>
         <attributes>RWIX</attributes>
         <usage_details>
         </usage_details>
      </memory_area>
      <memory_area display="yes" color="green">
         <name>FLASH_BANK2</name>
         <page_id>0x0</page_id>
         <origin>0xc0000</origin>
         <length>0x20000</length>
         <used_space>0x0</used_space>
         <unused_space>0x20000</unused_space>
         <attributes>RWIX</attributes>
         <usage_details>
         </usage_details>
      </memory_area>
      <memory_area display="yes" color="green">
         <name>FLASH_BANK3</name>
         <page_id>0x0</page_id>
         <origin>0xe0000</origin>
         <length>0x20000</length>
         <used_space>0x0</used_space>
         <unused_space>0x20000</unused_space>
         <attributes>RWIX</attributes>
         <usage_details>
         </usage_details>
      </memory_area>
      <memory_area display="yes" color="green">
         <name>FLASH_BANK4</name>
         <page_id>0x0</page_id>
         <origin>0x100000</origin>
         <length>0x20000</length>
         <used_space>0x0</used_space>
         <unused_space>0x20000</unused_space>
         <attributes>RWIX</attributes>
         <usage_details>
         </usage_details>
      </memory_area>
      <memory_area display="no" color="green">
         <name>RESET</name>
         <page_id>0x0</page_id>
         <origin>0x3fffc0</origin>
         <length>0x2</length>
         <used_space>0x0</used_space>
         <unused_space>0x2</unused_space>
         <attributes>RWIX</attributes>
         <usage_details>
         </usage_details>
      </memory_area>
   </placement_map>
   <cptbl_list>
      <cptbl>
         <name>__TI_cinit_table</name>
         <cprec>
            <name>.data</name>
            <load_address>0x12c</load_address>
            <load_size>0x8</load_size>
            <run_address>0xa80c</run_address>
            <run_size>0xa</run_size>
            <compression>lzss</compression>
         </cprec>
         <cprec>
            <name>.bss</name>
            <load_address>0x13a</load_address>
            <load_size>0x4</load_size>
            <run_address>0xa800</run_address>
            <run_size>0xc</run_size>
            <compression>zero_init</compression>
         </cprec>
      </cptbl>
   </cptbl_list>
   <handler_table>
      <handler_table_name>__TI_handler_table</handler_table_name>
      <handler>
         <index>0x0</index>
         <name>__TI_zero_init</name>
      </handler>
      <handler>
         <index>0x1</index>
         <name>__TI_decompress_lzss</name>
      </handler>
      <handler>
         <index>0x2</index>
         <name>__TI_decompress_none</name>
      </handler>
   </handler_table>
   <symbol_table>
      <symbol id="sm-1">
         <name>__TI_CINIT_Base</name>
         <value>0x13e</value>
      </symbol>
      <symbol id="sm-2">
         <name>__TI_CINIT_Limit</name>
         <value>0x146</value>
      </symbol>
      <symbol id="sm-3">
         <name>__TI_CINIT_Warm</name>
         <value>0x146</value>
      </symbol>
      <symbol id="sm-4">
         <name>__TI_Handler_Table_Base</name>
         <value>0x134</value>
      </symbol>
      <symbol id="sm-5">
         <name>__TI_Handler_Table_Limit</name>
         <value>0x13a</value>
      </symbol>
      <symbol id="sm-6">
         <name>__TI_STACK_SIZE</name>
         <value>0x200</value>
      </symbol>
      <symbol id="sm-7">
         <name>__TI_STACK_END</name>
         <value>0x600</value>
      </symbol>
      <symbol id="sm-8">
         <name>__TI_pprof_out_hndl</name>
         <value>0xffffffff</value>
      </symbol>
      <symbol id="sm-9">
         <name>__TI_prof_data_start</name>
         <value>0xffffffff</value>
      </symbol>
      <symbol id="sm-a">
         <name>__TI_prof_data_size</name>
         <value>0xffffffff</value>
      </symbol>
      <symbol id="sm-111">
         <name>INT_ECAP_ECHO_ISR</name>
         <value>0x8539</value>
         <object_component_ref idref="oc-25"/>
      </symbol>
      <symbol id="sm-112">
         <name>obj</name>
         <value>0xa802</value>
         <object_component_ref idref="oc-91"/>
      </symbol>
      <symbol id="sm-113">
         <name>cmd</name>
         <value>0xa800</value>
         <object_component_ref idref="oc-91"/>
      </symbol>
      <symbol id="sm-114">
         <name>prev</name>
         <value>0xa80a</value>
         <object_component_ref idref="oc-91"/>
      </symbol>
      <symbol id="sm-115">
         <name>main</name>
         <value>0x8873</value>
         <object_component_ref idref="oc-151"/>
      </symbol>
      <symbol id="sm-116">
         <name>process_command</name>
         <value>0x8a1d</value>
         <object_component_ref idref="oc-1b8"/>
      </symbol>
      <symbol id="sm-117">
         <name>display_menu</name>
         <value>0x990c</value>
         <object_component_ref idref="oc-1a6"/>
      </symbol>
      <symbol id="sm-118">
         <name>print_integer</name>
         <value>0x894f</value>
         <object_component_ref idref="oc-267"/>
      </symbol>
      <symbol id="sm-119">
         <name>clk_no</name>
         <value>0xa804</value>
         <object_component_ref idref="oc-91"/>
      </symbol>
      <symbol id="sm-11a">
         <name>dist</name>
         <value>0xa806</value>
         <object_component_ref idref="oc-91"/>
      </symbol>
      <symbol id="sm-11b">
         <name>choice</name>
         <value>0xa808</value>
         <object_component_ref idref="oc-91"/>
      </symbol>
      <symbol id="sm-33a">
         <name>INTERRUPT_init</name>
         <value>0x991a</value>
         <object_component_ref idref="oc-2b"/>
      </symbol>
      <symbol id="sm-33b">
         <name>LED1_init</name>
         <value>0x9788</value>
         <object_component_ref idref="oc-333"/>
      </symbol>
      <symbol id="sm-33c">
         <name>LED2_init</name>
         <value>0x979c</value>
         <object_component_ref idref="oc-339"/>
      </symbol>
      <symbol id="sm-33d">
         <name>PinMux_init</name>
         <value>0x88e4</value>
         <object_component_ref idref="oc-223"/>
      </symbol>
      <symbol id="sm-33e">
         <name>ECAP_init</name>
         <value>0x99f0</value>
         <object_component_ref idref="oc-22f"/>
      </symbol>
      <symbol id="sm-33f">
         <name>SCI_init</name>
         <value>0x99f3</value>
         <object_component_ref idref="oc-241"/>
      </symbol>
      <symbol id="sm-340">
         <name>Board_init</name>
         <value>0x98a9</value>
         <object_component_ref idref="oc-18e"/>
      </symbol>
      <symbol id="sm-341">
         <name>ECAP_ECHO_init</name>
         <value>0x8743</value>
         <object_component_ref idref="oc-2d1"/>
      </symbol>
      <symbol id="sm-342">
         <name>GPIO_init</name>
         <value>0x99a7</value>
         <object_component_ref idref="oc-23b"/>
      </symbol>
      <symbol id="sm-343">
         <name>SYNC_init</name>
         <value>0x999d</value>
         <object_component_ref idref="oc-229"/>
      </symbol>
      <symbol id="sm-344">
         <name>EPWM_init</name>
         <value>0x8000</value>
         <object_component_ref idref="oc-235"/>
      </symbol>
      <symbol id="sm-345">
         <name>mySCIA_init</name>
         <value>0x8d66</value>
         <object_component_ref idref="oc-340"/>
      </symbol>
      <symbol id="sm-346">
         <name>OUT_IR_init</name>
         <value>0x97b0</value>
         <object_component_ref idref="oc-327"/>
      </symbol>
      <symbol id="sm-347">
         <name>OUT_TRIG_init</name>
         <value>0x97c4</value>
         <object_component_ref idref="oc-32d"/>
      </symbol>
      <symbol id="sm-354">
         <name>C2000Ware_libraries_init</name>
         <value>0x99f8</value>
         <object_component_ref idref="oc-194"/>
      </symbol>
      <symbol id="sm-3b1">
         <name>Device_enableAllPeripherals</name>
         <value>0x8461</value>
         <object_component_ref idref="oc-1fc"/>
      </symbol>
      <symbol id="sm-3b2">
         <name>Device_initGPIO</name>
         <value>0x941f</value>
         <object_component_ref idref="oc-182"/>
      </symbol>
      <symbol id="sm-3b3">
         <name>Device_init</name>
         <value>0x8607</value>
         <object_component_ref idref="oc-17c"/>
      </symbol>
      <symbol id="sm-3b4">
         <name>__error__</name>
         <value>0x99df</value>
         <object_component_ref idref="oc-c7"/>
      </symbol>
      <symbol id="sm-3c3">
         <name>code_start</name>
         <value>0x0</value>
         <object_component_ref idref="oc-20"/>
      </symbol>
      <symbol id="sm-3de">
         <name>ECAP_setEmulationMode</name>
         <value>0x926e</value>
         <object_component_ref idref="oc-432"/>
      </symbol>
      <symbol id="sm-437">
         <name>GPIO_setQualificationMode</name>
         <value>0x8e87</value>
         <object_component_ref idref="oc-2bd"/>
      </symbol>
      <symbol id="sm-438">
         <name>GPIO_setPadConfig</name>
         <value>0x8a81</value>
         <object_component_ref idref="oc-2b7"/>
      </symbol>
      <symbol id="sm-439">
         <name>GPIO_setAnalogMode</name>
         <value>0x8376</value>
         <object_component_ref idref="oc-214"/>
      </symbol>
      <symbol id="sm-43a">
         <name>GPIO_setDirectionMode</name>
         <value>0x8ef5</value>
         <object_component_ref idref="oc-46b"/>
      </symbol>
      <symbol id="sm-43b">
         <name>GPIO_setPinConfig</name>
         <value>0x8e50</value>
         <object_component_ref idref="oc-2b1"/>
      </symbol>
      <symbol id="sm-43c">
         <name>GPIO_setControllerCore</name>
         <value>0x8e19</value>
         <object_component_ref idref="oc-471"/>
      </symbol>
      <symbol id="sm-48b">
         <name>Interrupt_defaultHandler</name>
         <value>0x95fd</value>
         <object_component_ref idref="oc-31"/>
      </symbol>
      <symbol id="sm-48c">
         <name>Interrupt_initModule</name>
         <value>0x8d29</value>
         <object_component_ref idref="oc-188"/>
      </symbol>
      <symbol id="sm-48d">
         <name>Interrupt_nmiHandler</name>
         <value>0x9993</value>
         <object_component_ref idref="oc-43"/>
      </symbol>
      <symbol id="sm-48e">
         <name>Interrupt_enable</name>
         <value>0x8ebe</value>
         <object_component_ref idref="oc-9c"/>
      </symbol>
      <symbol id="sm-48f">
         <name>Interrupt_initVectorTable</name>
         <value>0x92c8</value>
         <object_component_ref idref="oc-32"/>
      </symbol>
      <symbol id="sm-490">
         <name>Interrupt_illegalOperationHandler</name>
         <value>0x9989</value>
         <object_component_ref idref="oc-3d"/>
      </symbol>
      <symbol id="sm-4c2">
         <name>PGA_setOffsetTrimNMOS</name>
         <value>0x8c29</value>
         <object_component_ref idref="oc-202"/>
      </symbol>
      <symbol id="sm-4c3">
         <name>PGA_setOffsetTrimPMOS</name>
         <value>0x8ba3</value>
         <object_component_ref idref="oc-208"/>
      </symbol>
      <symbol id="sm-534">
         <name>SCI_clearInterruptStatus</name>
         <value>0x8b19</value>
         <object_component_ref idref="oc-47b"/>
      </symbol>
      <symbol id="sm-535">
         <name>SCI_writeCharArray</name>
         <value>0x8c6a</value>
         <object_component_ref idref="oc-252"/>
      </symbol>
      <symbol id="sm-536">
         <name>SCI_setConfig</name>
         <value>0x8ceb</value>
         <object_component_ref idref="oc-499"/>
      </symbol>
      <symbol id="sm-648">
         <name>SysCtl_isPLLValid</name>
         <value>0x8278</value>
         <object_component_ref idref="oc-28f"/>
      </symbol>
      <symbol id="sm-649">
         <name>SysCtl_delay</name>
         <value>0x128</value>
         <object_component_ref idref="oc-72"/>
      </symbol>
      <symbol id="sm-64a">
         <name>SysCtl_selectXTALSingleEnded</name>
         <value>0x90c3</value>
         <object_component_ref idref="oc-378"/>
      </symbol>
      <symbol id="sm-64b">
         <name>SysCtl_selectXTAL</name>
         <value>0x8ad3</value>
         <object_component_ref idref="oc-372"/>
      </symbol>
      <symbol id="sm-64c">
         <name>SysCtl_selectOscSource</name>
         <value>0x8be7</value>
         <object_component_ref idref="oc-283"/>
      </symbol>
      <symbol id="sm-64d">
         <name>SysCtl_getLowSpeedClock</name>
         <value>0x9453</value>
         <object_component_ref idref="oc-1f0"/>
      </symbol>
      <symbol id="sm-64e">
         <name>SysCtl_setClock</name>
         <value>0x8155</value>
         <object_component_ref idref="oc-1dd"/>
      </symbol>
      <symbol id="sm-64f">
         <name>SysCtl_getClock</name>
         <value>0x89b8</value>
         <object_component_ref idref="oc-1e9"/>
      </symbol>
      <symbol id="sm-659">
         <name>_c_int00</name>
         <value>0x95d0</value>
         <object_component_ref idref="oc-ba"/>
      </symbol>
      <symbol id="sm-65a">
         <name>__stack</name>
         <value>0x400</value>
         <object_component_ref idref="oc-49"/>
      </symbol>
      <symbol id="sm-667">
         <name>__c28xabi_divf</name>
         <value>0x86bb</value>
         <object_component_ref idref="oc-380"/>
      </symbol>
      <symbol id="sm-671">
         <name>__c28xabi_modi</name>
         <value>0x9184</value>
         <object_component_ref idref="oc-369"/>
      </symbol>
      <symbol id="sm-672">
         <name>__c28xabi_divi</name>
         <value>0x9173</value>
         <object_component_ref idref="oc-369"/>
      </symbol>
      <symbol id="sm-67f">
         <name>_system_pre_init</name>
         <value>0x99f6</value>
         <object_component_ref idref="oc-101"/>
      </symbol>
      <symbol id="sm-68e">
         <name>__TI_auto_init_nobinit_nopinit</name>
         <value>0x8fb1</value>
         <object_component_ref idref="oc-121"/>
      </symbol>
      <symbol id="sm-69d">
         <name>__TI_zero_init_nomemset</name>
         <value>0x994e</value>
         <object_component_ref idref="oc-54"/>
      </symbol>
      <symbol id="sm-6aa">
         <name>__TI_decompress_none</name>
         <value>0x99b9</value>
         <object_component_ref idref="oc-19"/>
      </symbol>
      <symbol id="sm-6be">
         <name>__TI_decompress_lzss</name>
         <value>0x8f56</value>
         <object_component_ref idref="oc-13"/>
      </symbol>
      <symbol id="sm-6d4">
         <name>C$$EXIT</name>
         <value>0x9000</value>
         <object_component_ref idref="oc-10e"/>
      </symbol>
      <symbol id="sm-6d5">
         <name>abort</name>
         <value>0x9000</value>
         <object_component_ref idref="oc-10e"/>
      </symbol>
      <symbol id="sm-6d6">
         <name>exit</name>
         <value>0x9002</value>
         <object_component_ref idref="oc-10e"/>
      </symbol>
      <symbol id="sm-6d7">
         <name>__TI_dtors_ptr</name>
         <value>0xa810</value>
         <object_component_ref idref="oc-159"/>
      </symbol>
      <symbol id="sm-6d8">
         <name>__TI_cleanup_ptr</name>
         <value>0xa80e</value>
         <object_component_ref idref="oc-159"/>
      </symbol>
      <symbol id="sm-6d9">
         <name>__TI_enable_exit_profile_output</name>
         <value>0xa80c</value>
         <object_component_ref idref="oc-159"/>
      </symbol>
      <symbol id="sm-6f0">
         <name>_nop</name>
         <value>0x99b8</value>
         <object_component_ref idref="oc-1c4"/>
      </symbol>
      <symbol id="sm-6f1">
         <name>_lock</name>
         <value>0xa812</value>
         <object_component_ref idref="oc-15c"/>
      </symbol>
      <symbol id="sm-6f2">
         <name>_unlock</name>
         <value>0xa814</value>
         <object_component_ref idref="oc-26e"/>
      </symbol>
      <symbol id="sm-6f3">
         <name>_register_lock</name>
         <value>0x99b4</value>
         <object_component_ref idref="oc-1c4"/>
      </symbol>
      <symbol id="sm-6f4">
         <name>_register_unlock</name>
         <value>0x99b0</value>
         <object_component_ref idref="oc-1c4"/>
      </symbol>
      <symbol id="sm-703">
         <name>_args_main</name>
         <value>0x9967</value>
         <object_component_ref idref="oc-108"/>
      </symbol>
      <symbol id="sm-712">
         <name>strlen</name>
         <value>0x99c9</value>
         <object_component_ref idref="oc-24c"/>
      </symbol>
      <symbol id="sm-725">
         <name>memcpy</name>
         <value>0x935b</value>
         <object_component_ref idref="oc-4c"/>
      </symbol>
      <symbol id="sm-732">
         <name>_system_post_cinit</name>
         <value>0x99f9</value>
         <object_component_ref idref="oc-167"/>
      </symbol>
      <symbol id="sm-734">
         <name>__c_args__</name>
         <value>0x0</value>
      </symbol>
   </symbol_table>
   <title>Link successful</title>
</link_info>
