******************************************************************************
             TMS320C2000 Linker PC v22.6.1                     
******************************************************************************
>> Linked Thu Jun 20 20:43:35 2024

OUTPUT FILE NAME:   <ir_ultra_stepper_uart.out>
ENTRY POINT SYMBOL: "code_start"  address: 00000000


MEMORY CONFIGURATION

         name            origin    length      used     unused   attr    fill
----------------------  --------  ---------  --------  --------  ----  --------
  BEGIN                 00000000   00000002  00000002  00000000  RWIX
  BOOT_RSVD             00000002   00000126  00000000  00000126  RWIX
  RAMM0                 00000128   000002d8  0000001e  000002ba  RWIX
  RAMM1                 00000400   00000400  00000200  00000200  RWIX
  CLATOCPURAM           00001480   00000080  00000000  00000080  RWIX
  CPUTOCLARAM           00001500   00000080  00000000  00000080  RWIX
  CLATODMARAM           00001680   00000080  00000000  00000080  RWIX
  DMATOCLARAM           00001700   00000080  00000000  00000080  RWIX
  RAMLS0                00008000   00000800  00000800  00000000  RWIX
  RAMLS1                00008800   00000800  00000800  00000000  RWIX
  RAMLS2                00009000   00000800  00000800  00000000  RWIX
  RAMLS3                00009800   00000800  000001fa  00000606  RWIX
  RAMLS4                0000a000   00000800  00000000  00000800  RWIX
  RAMLS5                0000a800   00000800  0000058b  00000275  RWIX
  RAMLS6                0000b000   00000800  00000000  00000800  RWIX
  RAMLS7                0000b800   00000800  00000000  00000800  RWIX
  RAMGS0                0000c000   00002000  00000000  00002000  RWIX
  RAMGS1                0000e000   00002000  00000000  00002000  RWIX
  RAMGS2                00010000   00002000  00000000  00002000  RWIX
  RAMGS3                00012000   00002000  00000000  00002000  RWIX
  RAMLS8                00014000   00002000  00000000  00002000  RWIX
  RAMLS9                00016000   00002000  00000000  00002000  RWIX
  FLASH_BANK0           00080000   00020000  00000000  00020000  RWIX
  FLASH_BANK1           000a0000   00020000  00000000  00020000  RWIX
  FLASH_BANK2           000c0000   00020000  00000000  00020000  RWIX
  FLASH_BANK3           000e0000   00020000  00000000  00020000  RWIX
  FLASH_BANK4           00100000   00020000  00000000  00020000  RWIX
  RESET                 003fffc0   00000002  00000000  00000002  RWIX


SECTION ALLOCATION MAP

 output                                  attributes/
section   page    origin      length       input sections
--------  ----  ----------  ----------   ----------------
codestart 
*          0    00000000    00000002     
                  00000000    00000002     f28p55x_codestartbranch.obj (codestart)

.cinit     0    0000012c    0000001a     
                  0000012c    00000008     (.cinit..data.load) [load image, compression = lzss]
                  00000134    00000006     (__TI_handler_table)
                  0000013a    00000004     (.cinit..bss.load) [load image, compression = zero_init]
                  0000013e    00000008     (__TI_cinit_table)

.reset     0    003fffc0    00000000     DSECT

.stack     0    00000400    00000200     UNINITIALIZED
                  00000400    00000200     --HOLE--

.bss       0    0000a800    0000000c     UNINITIALIZED
                  0000a800    0000000c     Ir_sensor.obj (.bss)

.init_array 
*          0    00000128    00000000     UNINITIALIZED

.data      0    0000a80c    0000000a     UNINITIALIZED
                  0000a80c    00000006     rts2800_fpu32_eabi.lib : exit.c.obj (.data)
                  0000a812    00000002                            : _lock.c.obj (.data:_lock)
                  0000a814    00000002                            : _lock.c.obj (.data:_unlock)

.const     0    0000a816    00000575     
                  0000a816    000001ee     Ir_sensor.obj (.const:.string)
                  0000aa04    000000cb     board.obj (.const:.string)
                  0000aacf    00000001     --HOLE-- [fill = 0]
                  0000aad0    0000009a     driverlib.lib : sysctl.obj (.const:.string)
                  0000ab6a    00000098                   : gpio.obj (.const:.string)
                  0000ac02    00000097                   : sci.obj (.const:.string)
                  0000ac99    00000001     --HOLE-- [fill = 0]
                  0000ac9a    00000059     device.obj (.const:.string)
                  0000acf3    00000001     --HOLE-- [fill = 0]
                  0000acf4    0000004c     driverlib.lib : ecap.obj (.const:.string)
                  0000ad40    0000004b                   : pga.obj (.const:.string)

.TI.ramfunc 
*          0    00000128    00000004     
                  00000128    00000004     driverlib.lib : sysctl.obj (.TI.ramfunc)

.text.1    0    00008000    00000800     
                  00008000    00000155     board.obj (.text:EPWM_init)
                  00008155    00000123     driverlib.lib : sysctl.obj (.text:SysCtl_setClock)
                  00008278    000000fe                   : sysctl.obj (.text:SysCtl_isPLLValid)
                  00008376    000000eb                   : gpio.obj (.text:GPIO_setAnalogMode)
                  00008461    000000d8     device.obj (.text:Device_enableAllPeripherals)
                  00008539    000000ce     Ir_sensor.obj (.text:INT_ECAP_ECHO_ISR)
                  00008607    000000b4     device.obj (.text:Device_init)
                  000086bb    00000088     rts2800_fpu32_eabi.lib : fs_div28.asm.obj (.text)
                  00008743    0000007f     board.obj (.text:ECAP_ECHO_init)
                  000087c2    0000003e     board.obj (.text:EPWM_setCounterCompareShadowLoadMode)

.text.2    0    00008800    00000800     
                  00008800    00000073     driverlib.lib : sysctl.obj (.text:DCC_setCounterSeeds)
                  00008873    00000071     Ir_sensor.obj (.text:main)
                  000088e4    0000006b     board.obj (.text:PinMux_init)
                  0000894f    00000069     Ir_sensor.obj (.text:print_integer)
                  000089b8    00000065     driverlib.lib : sysctl.obj (.text:SysCtl_getClock)
                  00008a1d    00000064     Ir_sensor.obj (.text:process_command)
                  00008a81    00000052     driverlib.lib : gpio.obj (.text:GPIO_setPadConfig)
                  00008ad3    00000046                   : sysctl.obj (.text:SysCtl_selectXTAL)
                  00008b19    00000045                   : sci.obj (.text:SCI_clearInterruptStatus)
                  00008b5e    00000045                   : sysctl.obj (.text:SysCtl_pollX1Counter)
                  00008ba3    00000044                   : pga.obj (.text:PGA_setOffsetTrimPMOS)
                  00008be7    00000042                   : sysctl.obj (.text:SysCtl_selectOscSource)
                  00008c29    00000041                   : pga.obj (.text:PGA_setOffsetTrimNMOS)
                  00008c6a    00000041                   : sci.obj (.text:SCI_writeCharArray)
                  00008cab    00000040     board.obj (.text:EPWM_setActionQualifierAction)
                  00008ceb    0000003e     driverlib.lib : sci.obj (.text:SCI_setConfig)
                  00008d29    0000003d                   : interrupt.obj (.text:Interrupt_initModule)
                  00008d66    0000003d     board.obj (.text:mySCIA_init)
                  00008da3    0000003b     Ir_sensor.obj (.text:EPWM_isBaseValid)
                  00008dde    0000003b     board.obj (.text:EPWM_isBaseValid)
                  00008e19    00000037     driverlib.lib : gpio.obj (.text:GPIO_setControllerCore)
                  00008e50    00000037                   : gpio.obj (.text:GPIO_setPinConfig)
                  00008e87    00000037                   : gpio.obj (.text:GPIO_setQualificationMode)
                  00008ebe    00000037                   : interrupt.obj (.text:Interrupt_enable)
                  00008ef5    00000031                   : gpio.obj (.text:GPIO_setDirectionMode)
                  00008f26    00000030     Ir_sensor.obj (.text:ECAP_getEventTimeStamp)
                  00008f56    00000030     rts2800_fpu32_eabi.lib : copy_decompress_lzss.c.obj (.text:decompress:lzss)
                  00008f86    0000002b     board.obj (.text:ECAP_setCaptureMode)
                  00008fb1    0000002b     rts2800_fpu32_eabi.lib : autoinit.c.obj (.text:__TI_auto_init_nobinit_nopinit)
                  00008fdc    00000024     driverlib.lib : sysctl.obj (.text:DCC_enableSingleShotMode)

.text.3    0    00009000    00000800     
                  00009000    00000029     rts2800_fpu32_eabi.lib : exit.c.obj (.text)
                  00009029    00000028     board.obj (.text:ECAP_setEventPrescaler)
                  00009051    00000027     Ir_sensor.obj (.text:GPIO_writePin)
                  00009078    00000026     board.obj (.text:SCI_setFIFOInterruptLevel)
                  0000909e    00000025     board.obj (.text:ECAP_setEventPolarity)
                  000090c3    00000025     driverlib.lib : sysctl.obj (.text:SysCtl_selectXTALSingleEnded)
                  000090e8    00000023     Ir_sensor.obj (.text:GPIO_isPinValid)
                  0000910b    00000023     driverlib.lib : gpio.obj (.text:GPIO_isPinValid)
                  0000912e    00000023     Ir_sensor.obj (.text:GPIO_readPin)
                  00009151    00000022     board.obj (.text:EPWM_setCounterCompareValue)
                  00009173    00000022     rts2800_fpu32_eabi.lib : i_div28.asm.obj (.text)
                  00009195    00000020     board.obj (.text:ECAP_disableInterrupt)
                  000091b5    00000020     driverlib.lib : sci.obj (.text:SCI_isFIFOEnabled)
                  000091d5    0000001f     board.obj (.text:ECAP_enableInterrupt)
                  000091f4    0000001f     board.obj (.text:EPWM_setFallingEdgeDelayCountShadowLoadMode)
                  00009213    0000001f     board.obj (.text:EPWM_setRisingEdgeDelayCountShadowLoadMode)
                  00009232    0000001e     driverlib.lib : sysctl.obj (.text:DCC_setCounter0ClkSource)
                  00009250    0000001e                   : sysctl.obj (.text:DCC_setCounter1ClkSource)
                  0000926e    0000001e                   : ecap.obj (.text:ECAP_setEmulationMode)
                  0000928c    0000001e     board.obj (.text:ECAP_setSyncInPulseSource)
                  000092aa    0000001e     board.obj (.text:EPWM_setPhaseShift)
                  000092c8    0000001e     driverlib.lib : interrupt.obj (.text:Interrupt_initVectorTable)
                  000092e6    0000001e     Ir_sensor.obj (.text:SCI_readCharBlockingFIFO)
                  00009304    0000001d     Ir_sensor.obj (.text:ECAP_clearInterrupt)
                  00009321    0000001d     board.obj (.text:ECAP_clearInterrupt)
                  0000933e    0000001d     board.obj (.text:SCI_enableFIFO)
                  0000935b    0000001d     rts2800_fpu32_eabi.lib : memcpy.c.obj (.text)
                  00009378    0000001c     board.obj (.text:ECAP_disableCounterResetOnEvent)
                  00009394    0000001c     board.obj (.text:ECAP_selectECAPInput)
                  000093b0    0000001c     board.obj (.text:ECAP_setSyncOutMode)
                  000093cc    0000001c     Ir_sensor.obj (.text:EPWM_setClockPrescaler)
                  000093e8    0000001c     board.obj (.text:EPWM_setClockPrescaler)
                  00009404    0000001b     board.obj (.text:ECAP_enableCounterResetOnEvent)
                  0000941f    0000001a     device.obj (.text:Device_initGPIO)
                  00009439    0000001a     driverlib.lib : sci.obj (.text:SCI_isSpaceAvailableNonFIFO)
                  00009453    0000001a                   : sysctl.obj (.text:SysCtl_getLowSpeedClock)
                  0000946d    00000019                   : sysctl.obj (.text:SysCtl_setPLLSysClk)
                  00009486    00000018     board.obj (.text:EPWM_disableFallingEdgeDelayCountShadowLoadMode)
                  0000949e    00000018     board.obj (.text:EPWM_disableRisingEdgeDelayCountShadowLoadMode)
                  000094b6    00000018     driverlib.lib : sci.obj (.text:SCI_disableModule)
                  000094ce    00000018     board.obj (.text:SCI_performSoftwareReset)
                  000094e6    00000018     driverlib.lib : sci.obj (.text:SCI_performSoftwareReset)
                  000094fe    00000018     board.obj (.text:SCI_resetChannels)
                  00009516    00000018     board.obj (.text:SCI_resetRxFIFO)
                  0000952e    00000018     board.obj (.text:SCI_resetTxFIFO)
                  00009546    00000017     driverlib.lib : pga.obj (.text:PGA_isBaseValid)
                  0000955d    00000017     Ir_sensor.obj (.text:SCI_isBaseValid)
                  00009574    00000017     board.obj (.text:SCI_isBaseValid)
                  0000958b    00000017     driverlib.lib : sci.obj (.text:SCI_isBaseValid)
                  000095a2    00000017     device.obj (.text:SysCtl_enablePeripheral)
                  000095b9    00000017     driverlib.lib : sysctl.obj (.text:SysCtl_enablePeripheral)
                  000095d0    00000017     rts2800_fpu32_eabi.lib : boot28.asm.obj (.text)
                  000095e7    00000016     driverlib.lib : sysctl.obj (.text:DCC_disableDoneSignal)
                  000095fd    00000016                   : interrupt.obj (.text:Interrupt_defaultHandler)
                  00009613    00000015                   : sysctl.obj (.text:DCC_clearDoneFlag)
                  00009628    00000015                   : sysctl.obj (.text:DCC_clearErrorFlag)
                  0000963d    00000015                   : sysctl.obj (.text:DCC_disableErrorSignal)
                  00009652    00000015                   : sysctl.obj (.text:DCC_isBaseValid)
                  00009667    00000015     board.obj (.text:ECAP_disableLoadCounter)
                  0000967c    00000015     board.obj (.text:ECAP_disableTimeStampCapture)
                  00009691    00000015     board.obj (.text:ECAP_enableCaptureMode)
                  000096a6    00000015     board.obj (.text:ECAP_enableTimeStampCapture)
                  000096bb    00000015     Ir_sensor.obj (.text:ECAP_reArm)
                  000096d0    00000015     board.obj (.text:ECAP_reArm)
                  000096e5    00000015     board.obj (.text:ECAP_startCounter)
                  000096fa    00000015     board.obj (.text:ECAP_stopCounter)
                  0000970f    00000015     device.obj (.text:GPIO_unlockPortConfig)
                  00009724    00000014     driverlib.lib : sysctl.obj (.text:DCC_disableModule)
                  00009738    00000014                   : sysctl.obj (.text:DCC_enableModule)
                  0000974c    00000014     Ir_sensor.obj (.text:EPWM_setTimeBaseCounterMode)
                  00009760    00000014     board.obj (.text:EPWM_setTimeBaseCounterMode)
                  00009774    00000014     board.obj (.text:EPWM_setTimeBasePeriod)
                  00009788    00000014     board.obj (.text:LED1_init)
                  0000979c    00000014     board.obj (.text:LED2_init)
                  000097b0    00000014     board.obj (.text:OUT_IR_init)
                  000097c4    00000014     board.obj (.text:OUT_TRIG_init)
                  000097d8    00000014     Ir_sensor.obj (.text:SCI_getRxFIFOStatus)
                  000097ec    00000014     driverlib.lib : sci.obj (.text:SCI_getTxFIFOStatus)

.text.4    0    00009800    000001fa     
                  00009800    00000013     Ir_sensor.obj (.text:ECAP_clearGlobalInterrupt)
                  00009813    00000013     Ir_sensor.obj (.text:ECAP_isBaseValid)
                  00009826    00000013     board.obj (.text:ECAP_isBaseValid)
                  00009839    00000013     driverlib.lib : ecap.obj (.text:ECAP_isBaseValid)
                  0000984c    00000013     board.obj (.text:SCI_clearOverflowStatus)
                  0000985f    00000013     board.obj (.text:SCI_enableModule)
                  00009872    00000013     driverlib.lib : sci.obj (.text:SCI_enableModule)
                  00009885    00000012     board.obj (.text:EPWM_setTimeBaseCounter)
                  00009897    00000012     board.obj (.text:SysCtl_setSyncOutputConfig)
                  000098a9    00000011     board.obj (.text:Board_init)
                  000098ba    00000011     board.obj (.text:ECAP_setPhaseShiftCount)
                  000098cb    00000011     board.obj (.text:EPWM_disablePhaseShiftLoad)
                  000098dc    00000011     board.obj (.text:SCI_disableLoopback)
                  000098ed    00000010     Ir_sensor.obj (.text:SCI_getRxStatus)
                  000098fd    0000000f     board.obj (.text:Interrupt_register)
                  0000990c    0000000e     Ir_sensor.obj (.text:display_menu)
                  0000991a    0000000d     board.obj (.text:INTERRUPT_init)
                  00009927    0000000d     driverlib.lib : interrupt.obj (.text:Interrupt_disableGlobal)
                  00009934    0000000d                   : interrupt.obj (.text:Interrupt_enableGlobal)
                  00009941    0000000d     device.obj (.text:SysCtl_setLowSpeedClock)
                  0000994e    0000000d     rts2800_fpu32_eabi.lib : copy_zero_init.c.obj (.text:decompress:ZI:__TI_zero_init_nomemset)
                  0000995b    0000000c     board.obj (.text:SysCtl_enableExtADCSOCSource)
                  00009967    0000000c     rts2800_fpu32_eabi.lib : args_main.c.obj (.text)
                  00009973    0000000b     device.obj (.text:SysCtl_disableWatchdog)
                  0000997e    0000000b     driverlib.lib : sysctl.obj (.text:SysCtl_isMCDClockFailureDetected)
                  00009989    0000000a                   : interrupt.obj (.text:Interrupt_illegalOperationHandler)
                  00009993    0000000a                   : interrupt.obj (.text:Interrupt_nmiHandler)
                  0000999d    0000000a     board.obj (.text:SYNC_init)
                  000099a7    00000009     board.obj (.text:GPIO_init)
                  000099b0    00000009     rts2800_fpu32_eabi.lib : _lock.c.obj (.text)
                  000099b9    00000008                            : copy_decompress_none.c.obj (.text:decompress:none)
                  000099c1    00000008     f28p55x_codestartbranch.obj (.text)
                  000099c9    00000008     rts2800_fpu32_eabi.lib : strlen.c.obj (.text)
                  000099d1    00000007     device.obj (.text:ASysCtl_lockVREG)
                  000099d8    00000007     driverlib.lib : sysctl.obj (.text:SysCtl_resetMCD)
                  000099df    00000007     device.obj (.text:__error__)
                  000099e6    00000006     Ir_sensor.obj (.text:Interrupt_clearACKGroup)
                  000099ec    00000004     device.obj (.text:SysCtl_deviceCal)
                  000099f0    00000003     board.obj (.text:ECAP_init)
                  000099f3    00000003     board.obj (.text:SCI_init)
                  000099f6    00000002     rts2800_fpu32_eabi.lib : pre_init.c.obj (.text)
                  000099f8    00000001     c2000ware_libraries.obj (.text:C2000Ware_libraries_init)
                  000099f9    00000001     rts2800_fpu32_eabi.lib : startup.c.obj (.text)

MODULE SUMMARY

       Module                        code   ro data   rw data
       ------                        ----   -------   -------
    .\
       Ir_sensor.obj                 985    494       12     
    +--+-----------------------------+------+---------+---------+
       Total:                        985    494       12     
                                                             
    .\device\
       device.obj                    508    89        0      
       f28p55x_codestartbranch.obj   10     0         0      
    +--+-----------------------------+------+---------+---------+
       Total:                        518    89        0      
                                                             
    .\syscfg\
       board.obj                     2055   203       0      
       c2000ware_libraries.obj       1      0         0      
    +--+-----------------------------+------+---------+---------+
       Total:                        2056   203       0      
                                                             
    C:/ti/c2000/C2000Ware_5_02_00_00/driverlib/f28p55x/driverlib/ccs/Debug/driverlib.lib
       sysctl.obj                    1341   154       0      
       gpio.obj                      566    152       0      
       sci.obj                       364    151       0      
       pga.obj                       156    75        0      
       interrupt.obj                 214    0         0      
       ecap.obj                      49     76        0      
    +--+-----------------------------+------+---------+---------+
       Total:                        2690   608       0      
                                                             
    C:\ti\ccs1271\ccs\tools\compiler\ti-cgt-c2000_22.6.1.LTS\lib\rts2800_fpu32_eabi.lib
       fs_div28.asm.obj              136    0         0      
       copy_decompress_lzss.c.obj    48     0         0      
       exit.c.obj                    41     0         6      
       autoinit.c.obj                43     0         0      
       i_div28.asm.obj               34     0         0      
       memcpy.c.obj                  29     0         0      
       boot28.asm.obj                23     0         0      
       _lock.c.obj                   9      0         4      
       copy_zero_init.c.obj          13     0         0      
       args_main.c.obj               12     0         0      
       copy_decompress_none.c.obj    8      0         0      
       strlen.c.obj                  8      0         0      
       pre_init.c.obj                2      0         0      
       startup.c.obj                 1      0         0      
    +--+-----------------------------+------+---------+---------+
       Total:                        407    0         10     
                                                             
       Stack:                        0      0         512    
       Linker Generated:             0      26        0      
    +--+-----------------------------+------+---------+---------+
       Grand Total:                  6656   1420      534    


LINKER GENERATED COPY TABLES

__TI_cinit_table @ 0000013e records: 2, size/record: 4, table size: 8
	.data: load addr=0000012c, load size=00000008 bytes, run addr=0000a80c, run size=0000000a bytes, compression=lzss
	.bss: load addr=0000013a, load size=00000004 bytes, run addr=0000a800, run size=0000000c bytes, compression=zero_init


LINKER GENERATED HANDLER TABLE

__TI_handler_table @ 00000134 records: 3, size/record: 2, table size: 6
	index: 0, handler: __TI_zero_init
	index: 1, handler: __TI_decompress_lzss
	index: 2, handler: __TI_decompress_none


GLOBAL DATA SYMBOLS: SORTED BY DATA PAGE

address     data page           name
--------    ----------------    ----
00000400      10 (00000400)     __stack

0000a800     2a0 (0000a800)     cmd
0000a802     2a0 (0000a800)     obj
0000a804     2a0 (0000a800)     clk_no
0000a806     2a0 (0000a800)     dist
0000a808     2a0 (0000a800)     choice
0000a80a     2a0 (0000a800)     prev
0000a80c     2a0 (0000a800)     __TI_enable_exit_profile_output
0000a80e     2a0 (0000a800)     __TI_cleanup_ptr
0000a810     2a0 (0000a800)     __TI_dtors_ptr
0000a812     2a0 (0000a800)     _lock
0000a814     2a0 (0000a800)     _unlock


GLOBAL SYMBOLS: SORTED ALPHABETICALLY BY Name 

page  address   name                             
----  -------   ----                             
0     000098a9  Board_init                       
0     00009000  C$$EXIT                          
0     000099f8  C2000Ware_libraries_init         
0     00008461  Device_enableAllPeripherals      
0     00008607  Device_init                      
0     0000941f  Device_initGPIO                  
0     00008743  ECAP_ECHO_init                   
0     000099f0  ECAP_init                        
0     0000926e  ECAP_setEmulationMode            
0     00008000  EPWM_init                        
0     000099a7  GPIO_init                        
0     00008376  GPIO_setAnalogMode               
0     00008e19  GPIO_setControllerCore           
0     00008ef5  GPIO_setDirectionMode            
0     00008a81  GPIO_setPadConfig                
0     00008e50  GPIO_setPinConfig                
0     00008e87  GPIO_setQualificationMode        
0     0000991a  INTERRUPT_init                   
0     00008539  INT_ECAP_ECHO_ISR                
0     000095fd  Interrupt_defaultHandler         
0     00008ebe  Interrupt_enable                 
0     00009989  Interrupt_illegalOperationHandler
0     00008d29  Interrupt_initModule             
0     000092c8  Interrupt_initVectorTable        
0     00009993  Interrupt_nmiHandler             
0     00009788  LED1_init                        
0     0000979c  LED2_init                        
0     000097b0  OUT_IR_init                      
0     000097c4  OUT_TRIG_init                    
0     00008c29  PGA_setOffsetTrimNMOS            
0     00008ba3  PGA_setOffsetTrimPMOS            
0     000088e4  PinMux_init                      
0     00008b19  SCI_clearInterruptStatus         
0     000099f3  SCI_init                         
0     00008ceb  SCI_setConfig                    
0     00008c6a  SCI_writeCharArray               
0     0000999d  SYNC_init                        
0     00000128  SysCtl_delay                     
0     000089b8  SysCtl_getClock                  
0     00009453  SysCtl_getLowSpeedClock          
0     00008278  SysCtl_isPLLValid                
0     00008be7  SysCtl_selectOscSource           
0     00008ad3  SysCtl_selectXTAL                
0     000090c3  SysCtl_selectXTALSingleEnded     
0     00008155  SysCtl_setClock                  
0     0000013e  __TI_CINIT_Base                  
0     00000146  __TI_CINIT_Limit                 
0     00000146  __TI_CINIT_Warm                  
0     00000134  __TI_Handler_Table_Base          
0     0000013a  __TI_Handler_Table_Limit         
0     00000600  __TI_STACK_END                   
abs   00000200  __TI_STACK_SIZE                  
0     00008fb1  __TI_auto_init_nobinit_nopinit   
0     0000a80e  __TI_cleanup_ptr                 
0     00008f56  __TI_decompress_lzss             
0     000099b9  __TI_decompress_none             
0     0000a810  __TI_dtors_ptr                   
0     0000a80c  __TI_enable_exit_profile_output  
abs   ffffffff  __TI_pprof_out_hndl              
abs   ffffffff  __TI_prof_data_size              
abs   ffffffff  __TI_prof_data_start             
0     0000994e  __TI_zero_init_nomemset          
0     000086bb  __c28xabi_divf                   
0     00009173  __c28xabi_divi                   
0     00009184  __c28xabi_modi                   
n/a   UNDEFED   __c_args__                       
0     000099df  __error__                        
0     00000400  __stack                          
0     00009967  _args_main                       
0     000095d0  _c_int00                         
0     0000a812  _lock                            
0     000099b8  _nop                             
0     000099b4  _register_lock                   
0     000099b0  _register_unlock                 
0     000099f9  _system_post_cinit               
0     000099f6  _system_pre_init                 
0     0000a814  _unlock                          
0     00009000  abort                            
0     0000a808  choice                           
0     0000a804  clk_no                           
0     0000a800  cmd                              
0     00000000  code_start                       
0     0000990c  display_menu                     
0     0000a806  dist                             
0     00009002  exit                             
0     00008873  main                             
0     0000935b  memcpy                           
0     00008d66  mySCIA_init                      
0     0000a802  obj                              
0     0000a80a  prev                             
0     0000894f  print_integer                    
0     00008a1d  process_command                  
0     000099c9  strlen                           


GLOBAL SYMBOLS: SORTED BY Symbol Address 

page  address   name                             
----  -------   ----                             
0     00000000  code_start                       
0     00000128  SysCtl_delay                     
0     00000134  __TI_Handler_Table_Base          
0     0000013a  __TI_Handler_Table_Limit         
0     0000013e  __TI_CINIT_Base                  
0     00000146  __TI_CINIT_Limit                 
0     00000146  __TI_CINIT_Warm                  
0     00000400  __stack                          
0     00000600  __TI_STACK_END                   
0     00008000  EPWM_init                        
0     00008155  SysCtl_setClock                  
0     00008278  SysCtl_isPLLValid                
0     00008376  GPIO_setAnalogMode               
0     00008461  Device_enableAllPeripherals      
0     00008539  INT_ECAP_ECHO_ISR                
0     00008607  Device_init                      
0     000086bb  __c28xabi_divf                   
0     00008743  ECAP_ECHO_init                   
0     00008873  main                             
0     000088e4  PinMux_init                      
0     0000894f  print_integer                    
0     000089b8  SysCtl_getClock                  
0     00008a1d  process_command                  
0     00008a81  GPIO_setPadConfig                
0     00008ad3  SysCtl_selectXTAL                
0     00008b19  SCI_clearInterruptStatus         
0     00008ba3  PGA_setOffsetTrimPMOS            
0     00008be7  SysCtl_selectOscSource           
0     00008c29  PGA_setOffsetTrimNMOS            
0     00008c6a  SCI_writeCharArray               
0     00008ceb  SCI_setConfig                    
0     00008d29  Interrupt_initModule             
0     00008d66  mySCIA_init                      
0     00008e19  GPIO_setControllerCore           
0     00008e50  GPIO_setPinConfig                
0     00008e87  GPIO_setQualificationMode        
0     00008ebe  Interrupt_enable                 
0     00008ef5  GPIO_setDirectionMode            
0     00008f56  __TI_decompress_lzss             
0     00008fb1  __TI_auto_init_nobinit_nopinit   
0     00009000  C$$EXIT                          
0     00009000  abort                            
0     00009002  exit                             
0     000090c3  SysCtl_selectXTALSingleEnded     
0     00009173  __c28xabi_divi                   
0     00009184  __c28xabi_modi                   
0     0000926e  ECAP_setEmulationMode            
0     000092c8  Interrupt_initVectorTable        
0     0000935b  memcpy                           
0     0000941f  Device_initGPIO                  
0     00009453  SysCtl_getLowSpeedClock          
0     000095d0  _c_int00                         
0     000095fd  Interrupt_defaultHandler         
0     00009788  LED1_init                        
0     0000979c  LED2_init                        
0     000097b0  OUT_IR_init                      
0     000097c4  OUT_TRIG_init                    
0     000098a9  Board_init                       
0     0000990c  display_menu                     
0     0000991a  INTERRUPT_init                   
0     0000994e  __TI_zero_init_nomemset          
0     00009967  _args_main                       
0     00009989  Interrupt_illegalOperationHandler
0     00009993  Interrupt_nmiHandler             
0     0000999d  SYNC_init                        
0     000099a7  GPIO_init                        
0     000099b0  _register_unlock                 
0     000099b4  _register_lock                   
0     000099b8  _nop                             
0     000099b9  __TI_decompress_none             
0     000099c9  strlen                           
0     000099df  __error__                        
0     000099f0  ECAP_init                        
0     000099f3  SCI_init                         
0     000099f6  _system_pre_init                 
0     000099f8  C2000Ware_libraries_init         
0     000099f9  _system_post_cinit               
0     0000a800  cmd                              
0     0000a802  obj                              
0     0000a804  clk_no                           
0     0000a806  dist                             
0     0000a808  choice                           
0     0000a80a  prev                             
0     0000a80c  __TI_enable_exit_profile_output  
0     0000a80e  __TI_cleanup_ptr                 
0     0000a810  __TI_dtors_ptr                   
0     0000a812  _lock                            
0     0000a814  _unlock                          
abs   00000200  __TI_STACK_SIZE                  
abs   ffffffff  __TI_pprof_out_hndl              
abs   ffffffff  __TI_prof_data_size              
abs   ffffffff  __TI_prof_data_start             
n/a   UNDEFED   __c_args__                       

[93 symbols]
