******************************************************************************
             TMS320C2000 Linker PC v22.6.1                     
******************************************************************************
>> Linked Wed Jun 19 15:05:21 2024

OUTPUT FILE NAME:   <ir_ultra_stepper.out>
ENTRY POINT SYMBOL: "code_start"  address: 00000000


MEMORY CONFIGURATION

         name            origin    length      used     unused   attr    fill
----------------------  --------  ---------  --------  --------  ----  --------
  BEGIN                 00000000   00000002  00000002  00000000  RWIX
  BOOT_RSVD             00000002   00000126  00000000  00000126  RWIX
  RAMM0                 00000128   000002d8  0000001e  000002ba  RWIX
  RAMM1                 00000400   00000400  00000200  00000200  RWIX
  CLATOCPURAM           00001480   00000080  00000000  00000080  RWIX
  CPUTOCLARAM           00001500   00000080  00000000  00000080  RWIX
  CLATODMARAM           00001680   00000080  00000000  00000080  RWIX
  DMATOCLARAM           00001700   00000080  00000000  00000080  RWIX
  RAMLS0                00008000   00000800  00000800  00000000  RWIX
  RAMLS1                00008800   00000800  00000800  00000000  RWIX
  RAMLS2                00009000   00000800  000005a9  00000257  RWIX
  RAMLS3                00009800   00000800  00000000  00000800  RWIX
  RAMLS4                0000a000   00000800  00000000  00000800  RWIX
  RAMLS5                0000a800   00000800  00000387  00000479  RWIX
  RAMLS6                0000b000   00000800  00000000  00000800  RWIX
  RAMLS7                0000b800   00000800  00000000  00000800  RWIX
  RAMGS0                0000c000   00002000  00000000  00002000  RWIX
  RAMGS1                0000e000   00002000  00000000  00002000  RWIX
  RAMGS2                00010000   00002000  00000000  00002000  RWIX
  RAMGS3                00012000   00002000  00000000  00002000  RWIX
  RAMLS8                00014000   00002000  00000000  00002000  RWIX
  RAMLS9                00016000   00002000  00000000  00002000  RWIX
  FLASH_BANK0           00080000   00020000  00000000  00020000  RWIX
  FLASH_BANK1           000a0000   00020000  00000000  00020000  RWIX
  FLASH_BANK2           000c0000   00020000  00000000  00020000  RWIX
  FLASH_BANK3           000e0000   00020000  00000000  00020000  RWIX
  FLASH_BANK4           00100000   00020000  00000000  00020000  RWIX
  RESET                 003fffc0   00000002  00000000  00000002  RWIX


SECTION ALLOCATION MAP

 output                                  attributes/
section   page    origin      length       input sections
--------  ----  ----------  ----------   ----------------
codestart 
*          0    00000000    00000002     
                  00000000    00000002     f28p55x_codestartbranch.obj (codestart)

.cinit     0    0000012c    0000001a     
                  0000012c    00000008     (.cinit..data.load) [load image, compression = lzss]
                  00000134    00000006     (__TI_handler_table)
                  0000013a    00000004     (.cinit..bss.load) [load image, compression = zero_init]
                  0000013e    00000008     (__TI_cinit_table)

.reset     0    003fffc0    00000000     DSECT

.stack     0    00000400    00000200     UNINITIALIZED
                  00000400    00000200     --HOLE--

.data      0    0000a800    0000000a     UNINITIALIZED
                  0000a800    00000006     rts2800_fpu32_eabi.lib : exit.c.obj (.data)
                  0000a806    00000002                            : _lock.c.obj (.data:_lock)
                  0000a808    00000002                            : _lock.c.obj (.data:_unlock)

.bss       0    0000a80a    00000006     UNINITIALIZED
                  0000a80a    00000006     Ir_sensor.obj (.bss)

.init_array 
*          0    00000128    00000000     UNINITIALIZED

.const     0    0000a810    00000377     
                  0000a810    000000cc     Ir_sensor.obj (.const:.string)
                  0000a8dc    0000009a     driverlib.lib : sysctl.obj (.const:.string)
                  0000a976    00000098                   : gpio.obj (.const:.string)
                  0000aa0e    00000088     board.obj (.const:.string)
                  0000aa96    00000059     device.obj (.const:.string)
                  0000aaef    00000001     --HOLE-- [fill = 0]
                  0000aaf0    0000004c     driverlib.lib : ecap.obj (.const:.string)
                  0000ab3c    0000004b                   : pga.obj (.const:.string)

.TI.ramfunc 
*          0    00000128    00000004     
                  00000128    00000004     driverlib.lib : sysctl.obj (.TI.ramfunc)

.text.1    0    00008000    00000800     
                  00008000    00000155     board.obj (.text:EPWM_init)
                  00008155    00000123     driverlib.lib : sysctl.obj (.text:SysCtl_setClock)
                  00008278    000000fe                   : sysctl.obj (.text:SysCtl_isPLLValid)
                  00008376    000000eb                   : gpio.obj (.text:GPIO_setAnalogMode)
                  00008461    000000d8     device.obj (.text:Device_enableAllPeripherals)
                  00008539    000000b9     Ir_sensor.obj (.text:INT_ECAP_ECHO_ISR)
                  000085f2    000000b4     device.obj (.text:Device_init)
                  000086a6    00000088     rts2800_fpu32_eabi.lib : fs_div28.asm.obj (.text)
                  0000872e    0000007f     board.obj (.text:ECAP_ECHO_init)
                  000087ad    00000052     driverlib.lib : gpio.obj (.text:GPIO_setPadConfig)
                  000087ff    00000001     c2000ware_libraries.obj (.text:C2000Ware_libraries_init)

.text.2    0    00008800    00000800     
                  00008800    00000073     driverlib.lib : sysctl.obj (.text:DCC_setCounterSeeds)
                  00008873    00000065                   : sysctl.obj (.text:SysCtl_getClock)
                  000088d8    00000052     Ir_sensor.obj (.text:main)
                  0000892a    0000004b     board.obj (.text:PinMux_init)
                  00008975    00000046     driverlib.lib : sysctl.obj (.text:SysCtl_selectXTAL)
                  000089bb    00000045                   : sysctl.obj (.text:SysCtl_pollX1Counter)
                  00008a00    00000044                   : pga.obj (.text:PGA_setOffsetTrimPMOS)
                  00008a44    00000042                   : sysctl.obj (.text:SysCtl_selectOscSource)
                  00008a86    00000041                   : pga.obj (.text:PGA_setOffsetTrimNMOS)
                  00008ac7    00000040     board.obj (.text:EPWM_setActionQualifierAction)
                  00008b07    0000003e     board.obj (.text:EPWM_setCounterCompareShadowLoadMode)
                  00008b45    0000003d     driverlib.lib : interrupt.obj (.text:Interrupt_initModule)
                  00008b82    0000003b     Ir_sensor.obj (.text:EPWM_isBaseValid)
                  00008bbd    0000003b     board.obj (.text:EPWM_isBaseValid)
                  00008bf8    00000037     driverlib.lib : gpio.obj (.text:GPIO_setControllerCore)
                  00008c2f    00000037                   : gpio.obj (.text:GPIO_setPinConfig)
                  00008c66    00000037                   : gpio.obj (.text:GPIO_setQualificationMode)
                  00008c9d    00000037                   : interrupt.obj (.text:Interrupt_enable)
                  00008cd4    00000031                   : gpio.obj (.text:GPIO_setDirectionMode)
                  00008d05    00000030     Ir_sensor.obj (.text:ECAP_getEventTimeStamp)
                  00008d35    00000030     rts2800_fpu32_eabi.lib : copy_decompress_lzss.c.obj (.text:decompress:lzss)
                  00008d65    0000002b     board.obj (.text:ECAP_setCaptureMode)
                  00008d90    0000002b     rts2800_fpu32_eabi.lib : autoinit.c.obj (.text:__TI_auto_init_nobinit_nopinit)
                  00008dbb    00000029                            : exit.c.obj (.text)
                  00008de4    00000028     board.obj (.text:ECAP_setEventPrescaler)
                  00008e0c    00000027     Ir_sensor.obj (.text:GPIO_writePin)
                  00008e33    00000025     board.obj (.text:ECAP_setEventPolarity)
                  00008e58    00000025     driverlib.lib : sysctl.obj (.text:SysCtl_selectXTALSingleEnded)
                  00008e7d    00000024                   : sysctl.obj (.text:DCC_enableSingleShotMode)
                  00008ea1    00000023     Ir_sensor.obj (.text:GPIO_isPinValid)
                  00008ec4    00000023     driverlib.lib : gpio.obj (.text:GPIO_isPinValid)
                  00008ee7    00000023     Ir_sensor.obj (.text:GPIO_readPin)
                  00008f0a    00000022     board.obj (.text:EPWM_setCounterCompareValue)
                  00008f2c    00000020     board.obj (.text:ECAP_disableInterrupt)
                  00008f4c    0000001f     board.obj (.text:ECAP_enableInterrupt)
                  00008f6b    0000001f     board.obj (.text:EPWM_setFallingEdgeDelayCountShadowLoadMode)
                  00008f8a    0000001f     board.obj (.text:EPWM_setRisingEdgeDelayCountShadowLoadMode)
                  00008fa9    0000001e     driverlib.lib : sysctl.obj (.text:DCC_setCounter0ClkSource)
                  00008fc7    0000001e                   : sysctl.obj (.text:DCC_setCounter1ClkSource)
                  00008fe5    0000001b     board.obj (.text:ECAP_enableCounterResetOnEvent)

.text.3    0    00009000    000005a9     
                  00009000    0000001e     driverlib.lib : ecap.obj (.text:ECAP_setEmulationMode)
                  0000901e    0000001e     board.obj (.text:ECAP_setSyncInPulseSource)
                  0000903c    0000001e     board.obj (.text:EPWM_setPhaseShift)
                  0000905a    0000001e     driverlib.lib : interrupt.obj (.text:Interrupt_initVectorTable)
                  00009078    0000001d     Ir_sensor.obj (.text:ECAP_clearInterrupt)
                  00009095    0000001d     board.obj (.text:ECAP_clearInterrupt)
                  000090b2    0000001d     rts2800_fpu32_eabi.lib : memcpy.c.obj (.text)
                  000090cf    0000001c     board.obj (.text:ECAP_disableCounterResetOnEvent)
                  000090eb    0000001c     board.obj (.text:ECAP_selectECAPInput)
                  00009107    0000001c     board.obj (.text:ECAP_setSyncOutMode)
                  00009123    0000001c     Ir_sensor.obj (.text:EPWM_setClockPrescaler)
                  0000913f    0000001c     board.obj (.text:EPWM_setClockPrescaler)
                  0000915b    0000001a     device.obj (.text:Device_initGPIO)
                  00009175    0000001a     driverlib.lib : sysctl.obj (.text:SysCtl_getLowSpeedClock)
                  0000918f    00000019                   : sysctl.obj (.text:SysCtl_setPLLSysClk)
                  000091a8    00000018     board.obj (.text:EPWM_disableFallingEdgeDelayCountShadowLoadMode)
                  000091c0    00000018     board.obj (.text:EPWM_disableRisingEdgeDelayCountShadowLoadMode)
                  000091d8    00000017     driverlib.lib : pga.obj (.text:PGA_isBaseValid)
                  000091ef    00000017     device.obj (.text:SysCtl_enablePeripheral)
                  00009206    00000017     driverlib.lib : sysctl.obj (.text:SysCtl_enablePeripheral)
                  0000921d    00000017     rts2800_fpu32_eabi.lib : boot28.asm.obj (.text)
                  00009234    00000016     driverlib.lib : sysctl.obj (.text:DCC_disableDoneSignal)
                  0000924a    00000016                   : interrupt.obj (.text:Interrupt_defaultHandler)
                  00009260    00000015                   : sysctl.obj (.text:DCC_clearDoneFlag)
                  00009275    00000015                   : sysctl.obj (.text:DCC_clearErrorFlag)
                  0000928a    00000015                   : sysctl.obj (.text:DCC_disableErrorSignal)
                  0000929f    00000015                   : sysctl.obj (.text:DCC_isBaseValid)
                  000092b4    00000015     board.obj (.text:ECAP_disableLoadCounter)
                  000092c9    00000015     board.obj (.text:ECAP_disableTimeStampCapture)
                  000092de    00000015     board.obj (.text:ECAP_enableCaptureMode)
                  000092f3    00000015     board.obj (.text:ECAP_enableTimeStampCapture)
                  00009308    00000015     Ir_sensor.obj (.text:ECAP_reArm)
                  0000931d    00000015     board.obj (.text:ECAP_reArm)
                  00009332    00000015     board.obj (.text:ECAP_startCounter)
                  00009347    00000015     board.obj (.text:ECAP_stopCounter)
                  0000935c    00000015     device.obj (.text:GPIO_unlockPortConfig)
                  00009371    00000014     driverlib.lib : sysctl.obj (.text:DCC_disableModule)
                  00009385    00000014                   : sysctl.obj (.text:DCC_enableModule)
                  00009399    00000014     Ir_sensor.obj (.text:EPWM_setTimeBaseCounterMode)
                  000093ad    00000014     board.obj (.text:EPWM_setTimeBaseCounterMode)
                  000093c1    00000014     board.obj (.text:EPWM_setTimeBasePeriod)
                  000093d5    00000014     board.obj (.text:LED1_init)
                  000093e9    00000014     board.obj (.text:LED2_init)
                  000093fd    00000014     board.obj (.text:OUT_IR_init)
                  00009411    00000014     board.obj (.text:OUT_TRIG_init)
                  00009425    00000013     Ir_sensor.obj (.text:ECAP_clearGlobalInterrupt)
                  00009438    00000013     Ir_sensor.obj (.text:ECAP_isBaseValid)
                  0000944b    00000013     board.obj (.text:ECAP_isBaseValid)
                  0000945e    00000013     driverlib.lib : ecap.obj (.text:ECAP_isBaseValid)
                  00009471    00000012     board.obj (.text:EPWM_setTimeBaseCounter)
                  00009483    00000012     board.obj (.text:SysCtl_setSyncOutputConfig)
                  00009495    00000011     board.obj (.text:ECAP_setPhaseShiftCount)
                  000094a6    00000011     board.obj (.text:EPWM_disablePhaseShiftLoad)
                  000094b7    0000000f     board.obj (.text:Board_init)
                  000094c6    0000000f     board.obj (.text:Interrupt_register)
                  000094d5    0000000d     board.obj (.text:INTERRUPT_init)
                  000094e2    0000000d     driverlib.lib : interrupt.obj (.text:Interrupt_disableGlobal)
                  000094ef    0000000d                   : interrupt.obj (.text:Interrupt_enableGlobal)
                  000094fc    0000000d     device.obj (.text:SysCtl_setLowSpeedClock)
                  00009509    0000000d     rts2800_fpu32_eabi.lib : copy_zero_init.c.obj (.text:decompress:ZI:__TI_zero_init_nomemset)
                  00009516    0000000c     board.obj (.text:SysCtl_enableExtADCSOCSource)
                  00009522    0000000c     rts2800_fpu32_eabi.lib : args_main.c.obj (.text)
                  0000952e    0000000b     device.obj (.text:SysCtl_disableWatchdog)
                  00009539    0000000b     driverlib.lib : sysctl.obj (.text:SysCtl_isMCDClockFailureDetected)
                  00009544    0000000a                   : interrupt.obj (.text:Interrupt_illegalOperationHandler)
                  0000954e    0000000a                   : interrupt.obj (.text:Interrupt_nmiHandler)
                  00009558    0000000a     board.obj (.text:SYNC_init)
                  00009562    00000009     board.obj (.text:GPIO_init)
                  0000956b    00000009     rts2800_fpu32_eabi.lib : _lock.c.obj (.text)
                  00009574    00000008                            : copy_decompress_none.c.obj (.text:decompress:none)
                  0000957c    00000008     f28p55x_codestartbranch.obj (.text)
                  00009584    00000007     device.obj (.text:ASysCtl_lockVREG)
                  0000958b    00000007     driverlib.lib : sysctl.obj (.text:SysCtl_resetMCD)
                  00009592    00000007     device.obj (.text:__error__)
                  00009599    00000006     Ir_sensor.obj (.text:Interrupt_clearACKGroup)
                  0000959f    00000004     device.obj (.text:SysCtl_deviceCal)
                  000095a3    00000003     board.obj (.text:ECAP_init)
                  000095a6    00000002     rts2800_fpu32_eabi.lib : pre_init.c.obj (.text)
                  000095a8    00000001                            : startup.c.obj (.text)

MODULE SUMMARY

       Module                        code   ro data   rw data
       ------                        ----   -------   -------
    .\
       Ir_sensor.obj                 625    204       6      
    +--+-----------------------------+------+---------+---------+
       Total:                        625    204       6      
                                                             
    .\device\
       device.obj                    508    89        0      
       f28p55x_codestartbranch.obj   10     0         0      
    +--+-----------------------------+------+---------+---------+
       Total:                        518    89        0      
                                                             
    .\syscfg\
       board.obj                     1716   136       0      
       c2000ware_libraries.obj       1      0         0      
    +--+-----------------------------+------+---------+---------+
       Total:                        1717   136       0      
                                                             
    C:/ti/c2000/C2000Ware_5_02_00_00/driverlib/f28p55x/driverlib/ccs/Debug/driverlib.lib
       sysctl.obj                    1341   154       0      
       gpio.obj                      566    152       0      
       pga.obj                       156    75        0      
       interrupt.obj                 214    0         0      
       ecap.obj                      49     76        0      
    +--+-----------------------------+------+---------+---------+
       Total:                        2326   457       0      
                                                             
    C:\ti\ccs1271\ccs\tools\compiler\ti-cgt-c2000_22.6.1.LTS\lib\rts2800_fpu32_eabi.lib
       fs_div28.asm.obj              136    0         0      
       copy_decompress_lzss.c.obj    48     0         0      
       exit.c.obj                    41     0         6      
       autoinit.c.obj                43     0         0      
       memcpy.c.obj                  29     0         0      
       boot28.asm.obj                23     0         0      
       _lock.c.obj                   9      0         4      
       copy_zero_init.c.obj          13     0         0      
       args_main.c.obj               12     0         0      
       copy_decompress_none.c.obj    8      0         0      
       pre_init.c.obj                2      0         0      
       startup.c.obj                 1      0         0      
    +--+-----------------------------+------+---------+---------+
       Total:                        365    0         10     
                                                             
       Stack:                        0      0         512    
       Linker Generated:             0      26        0      
    +--+-----------------------------+------+---------+---------+
       Grand Total:                  5551   912       528    


LINKER GENERATED COPY TABLES

__TI_cinit_table @ 0000013e records: 2, size/record: 4, table size: 8
	.data: load addr=0000012c, load size=00000008 bytes, run addr=0000a800, run size=0000000a bytes, compression=lzss
	.bss: load addr=0000013a, load size=00000004 bytes, run addr=0000a80a, run size=00000006 bytes, compression=zero_init


LINKER GENERATED HANDLER TABLE

__TI_handler_table @ 00000134 records: 3, size/record: 2, table size: 6
	index: 0, handler: __TI_zero_init
	index: 1, handler: __TI_decompress_lzss
	index: 2, handler: __TI_decompress_none


GLOBAL DATA SYMBOLS: SORTED BY DATA PAGE

address     data page           name
--------    ----------------    ----
00000400      10 (00000400)     __stack

0000a800     2a0 (0000a800)     __TI_enable_exit_profile_output
0000a802     2a0 (0000a800)     __TI_cleanup_ptr
0000a804     2a0 (0000a800)     __TI_dtors_ptr
0000a806     2a0 (0000a800)     _lock
0000a808     2a0 (0000a800)     _unlock
0000a80a     2a0 (0000a800)     obj
0000a80c     2a0 (0000a800)     clk_no
0000a80e     2a0 (0000a800)     dist


GLOBAL SYMBOLS: SORTED ALPHABETICALLY BY Name 

page  address   name                             
----  -------   ----                             
0     000094b7  Board_init                       
0     00008dbb  C$$EXIT                          
0     000087ff  C2000Ware_libraries_init         
0     00008461  Device_enableAllPeripherals      
0     000085f2  Device_init                      
0     0000915b  Device_initGPIO                  
0     0000872e  ECAP_ECHO_init                   
0     000095a3  ECAP_init                        
0     00009000  ECAP_setEmulationMode            
0     00008000  EPWM_init                        
0     00009562  GPIO_init                        
0     00008376  GPIO_setAnalogMode               
0     00008bf8  GPIO_setControllerCore           
0     00008cd4  GPIO_setDirectionMode            
0     000087ad  GPIO_setPadConfig                
0     00008c2f  GPIO_setPinConfig                
0     00008c66  GPIO_setQualificationMode        
0     000094d5  INTERRUPT_init                   
0     00008539  INT_ECAP_ECHO_ISR                
0     0000924a  Interrupt_defaultHandler         
0     00008c9d  Interrupt_enable                 
0     00009544  Interrupt_illegalOperationHandler
0     00008b45  Interrupt_initModule             
0     0000905a  Interrupt_initVectorTable        
0     0000954e  Interrupt_nmiHandler             
0     000093d5  LED1_init                        
0     000093e9  LED2_init                        
0     000093fd  OUT_IR_init                      
0     00009411  OUT_TRIG_init                    
0     00008a86  PGA_setOffsetTrimNMOS            
0     00008a00  PGA_setOffsetTrimPMOS            
0     0000892a  PinMux_init                      
0     00009558  SYNC_init                        
0     00000128  SysCtl_delay                     
0     00008873  SysCtl_getClock                  
0     00009175  SysCtl_getLowSpeedClock          
0     00008278  SysCtl_isPLLValid                
0     00008a44  SysCtl_selectOscSource           
0     00008975  SysCtl_selectXTAL                
0     00008e58  SysCtl_selectXTALSingleEnded     
0     00008155  SysCtl_setClock                  
0     0000013e  __TI_CINIT_Base                  
0     00000146  __TI_CINIT_Limit                 
0     00000146  __TI_CINIT_Warm                  
0     00000134  __TI_Handler_Table_Base          
0     0000013a  __TI_Handler_Table_Limit         
0     00000600  __TI_STACK_END                   
abs   00000200  __TI_STACK_SIZE                  
0     00008d90  __TI_auto_init_nobinit_nopinit   
0     0000a802  __TI_cleanup_ptr                 
0     00008d35  __TI_decompress_lzss             
0     00009574  __TI_decompress_none             
0     0000a804  __TI_dtors_ptr                   
0     0000a800  __TI_enable_exit_profile_output  
abs   ffffffff  __TI_pprof_out_hndl              
abs   ffffffff  __TI_prof_data_size              
abs   ffffffff  __TI_prof_data_start             
0     00009509  __TI_zero_init_nomemset          
0     000086a6  __c28xabi_divf                   
n/a   UNDEFED   __c_args__                       
0     00009592  __error__                        
0     00000400  __stack                          
0     00009522  _args_main                       
0     0000921d  _c_int00                         
0     0000a806  _lock                            
0     00009573  _nop                             
0     0000956f  _register_lock                   
0     0000956b  _register_unlock                 
0     000095a8  _system_post_cinit               
0     000095a6  _system_pre_init                 
0     0000a808  _unlock                          
0     00008dbb  abort                            
0     0000a80c  clk_no                           
0     00000000  code_start                       
0     0000a80e  dist                             
0     00008dbd  exit                             
0     000088d8  main                             
0     000090b2  memcpy                           
0     0000a80a  obj                              


GLOBAL SYMBOLS: SORTED BY Symbol Address 

page  address   name                             
----  -------   ----                             
0     00000000  code_start                       
0     00000128  SysCtl_delay                     
0     00000134  __TI_Handler_Table_Base          
0     0000013a  __TI_Handler_Table_Limit         
0     0000013e  __TI_CINIT_Base                  
0     00000146  __TI_CINIT_Limit                 
0     00000146  __TI_CINIT_Warm                  
0     00000400  __stack                          
0     00000600  __TI_STACK_END                   
0     00008000  EPWM_init                        
0     00008155  SysCtl_setClock                  
0     00008278  SysCtl_isPLLValid                
0     00008376  GPIO_setAnalogMode               
0     00008461  Device_enableAllPeripherals      
0     00008539  INT_ECAP_ECHO_ISR                
0     000085f2  Device_init                      
0     000086a6  __c28xabi_divf                   
0     0000872e  ECAP_ECHO_init                   
0     000087ad  GPIO_setPadConfig                
0     000087ff  C2000Ware_libraries_init         
0     00008873  SysCtl_getClock                  
0     000088d8  main                             
0     0000892a  PinMux_init                      
0     00008975  SysCtl_selectXTAL                
0     00008a00  PGA_setOffsetTrimPMOS            
0     00008a44  SysCtl_selectOscSource           
0     00008a86  PGA_setOffsetTrimNMOS            
0     00008b45  Interrupt_initModule             
0     00008bf8  GPIO_setControllerCore           
0     00008c2f  GPIO_setPinConfig                
0     00008c66  GPIO_setQualificationMode        
0     00008c9d  Interrupt_enable                 
0     00008cd4  GPIO_setDirectionMode            
0     00008d35  __TI_decompress_lzss             
0     00008d90  __TI_auto_init_nobinit_nopinit   
0     00008dbb  C$$EXIT                          
0     00008dbb  abort                            
0     00008dbd  exit                             
0     00008e58  SysCtl_selectXTALSingleEnded     
0     00009000  ECAP_setEmulationMode            
0     0000905a  Interrupt_initVectorTable        
0     000090b2  memcpy                           
0     0000915b  Device_initGPIO                  
0     00009175  SysCtl_getLowSpeedClock          
0     0000921d  _c_int00                         
0     0000924a  Interrupt_defaultHandler         
0     000093d5  LED1_init                        
0     000093e9  LED2_init                        
0     000093fd  OUT_IR_init                      
0     00009411  OUT_TRIG_init                    
0     000094b7  Board_init                       
0     000094d5  INTERRUPT_init                   
0     00009509  __TI_zero_init_nomemset          
0     00009522  _args_main                       
0     00009544  Interrupt_illegalOperationHandler
0     0000954e  Interrupt_nmiHandler             
0     00009558  SYNC_init                        
0     00009562  GPIO_init                        
0     0000956b  _register_unlock                 
0     0000956f  _register_lock                   
0     00009573  _nop                             
0     00009574  __TI_decompress_none             
0     00009592  __error__                        
0     000095a3  ECAP_init                        
0     000095a6  _system_pre_init                 
0     000095a8  _system_post_cinit               
0     0000a800  __TI_enable_exit_profile_output  
0     0000a802  __TI_cleanup_ptr                 
0     0000a804  __TI_dtors_ptr                   
0     0000a806  _lock                            
0     0000a808  _unlock                          
0     0000a80a  obj                              
0     0000a80c  clk_no                           
0     0000a80e  dist                             
abs   00000200  __TI_STACK_SIZE                  
abs   ffffffff  __TI_pprof_out_hndl              
abs   ffffffff  __TI_prof_data_size              
abs   ffffffff  __TI_prof_data_start             
n/a   UNDEFED   __c_args__                       

[79 symbols]
